Archive member included because of file (symbol)

C:/Freescale/CW MCU v10.6/MCU/ARM_GCC_Support/ewl/lib/armv6-m\libc.a(exit.o)
                              ./Project_Settings/Startup_Code/__arm_start.o (exit)
C:/Freescale/CW MCU v10.6/MCU/ARM_GCC_Support/ewl/lib/armv6-m\libc.a(memset.o)
                              ./Project_Settings/Startup_Code/__arm_start.o (memset)
C:/Freescale/CW MCU v10.6/MCU/ARM_GCC_Support/ewl/lib/armv6-m\libc.a(printformat_.o)
                              (__pformatter_)
C:/Freescale/CW MCU v10.6/MCU/ARM_GCC_Support/ewl/lib/armv6-m\libc.a(scanformat_.o)
                              (__sformatter)
C:/Freescale/CW MCU v10.6/MCU/ARM_GCC_Support/ewl/lib/armv6-m\libc.a(ctype_aeabi.o)
                              C:/Freescale/CW MCU v10.6/MCU/ARM_GCC_Support/ewl/lib/armv6-m\libc.a(scanformat_.o) (isspace)
C:/Freescale/CW MCU v10.6/MCU/ARM_GCC_Support/ewl/lib/armv6-m\libc.a(__strtoul.o)
                              C:/Freescale/CW MCU v10.6/MCU/ARM_GCC_Support/ewl/lib/armv6-m\libc.a(scanformat_.o) (__strtoul)
C:/Freescale/CW MCU v10.6/MCU/ARM_GCC_Support/ewl/lib/armv6-m\libc.a(__filll_mem.o)
                              C:/Freescale/CW MCU v10.6/MCU/ARM_GCC_Support/ewl/lib/armv6-m\libc.a(memset.o) (__fill_mem)
C:/Freescale/CW MCU v10.6/MCU/ARM_GCC_Support/ewl/lib/armv6-m\libc.a(memchr.o)
                              C:/Freescale/CW MCU v10.6/MCU/ARM_GCC_Support/ewl/lib/armv6-m\libc.a(printformat_.o) (memchr)
C:/Freescale/CW MCU v10.6/MCU/ARM_GCC_Support/ewl/lib/armv6-m\libc.a(memcpy.o)
                              C:/Freescale/CW MCU v10.6/MCU/ARM_GCC_Support/ewl/lib/armv6-m\libc.a(scanformat_.o) (memcpy)
C:/Freescale/CW MCU v10.6/MCU/ARM_GCC_Support/ewl/lib/armv6-m\libc.a(strchr.o)
                              C:/Freescale/CW MCU v10.6/MCU/ARM_GCC_Support/ewl/lib/armv6-m\libc.a(printformat_.o) (strchr)
C:/Freescale/CW MCU v10.6/MCU/ARM_GCC_Support/ewl/lib/armv6-m\libc.a(strlen.o)
                              C:/Freescale/CW MCU v10.6/MCU/ARM_GCC_Support/ewl/lib/armv6-m\libc.a(printformat_.o) (strlen)
c:/freescale/cw mcu v10.6/cross_tools/arm-none-eabi-gcc-4_7_3/bin/../lib/gcc/arm-none-eabi/4.7.3/armv6-m\libgcc.a(_thumb1_case_sqi.o)
                              C:/Freescale/CW MCU v10.6/MCU/ARM_GCC_Support/ewl/lib/armv6-m\libc.a(__strtoul.o) (__gnu_thumb1_case_sqi)
c:/freescale/cw mcu v10.6/cross_tools/arm-none-eabi-gcc-4_7_3/bin/../lib/gcc/arm-none-eabi/4.7.3/armv6-m\libgcc.a(_thumb1_case_uqi.o)
                              C:/Freescale/CW MCU v10.6/MCU/ARM_GCC_Support/ewl/lib/armv6-m\libc.a(scanformat_.o) (__gnu_thumb1_case_uqi)
c:/freescale/cw mcu v10.6/cross_tools/arm-none-eabi-gcc-4_7_3/bin/../lib/gcc/arm-none-eabi/4.7.3/armv6-m\libgcc.a(_udivsi3.o)
                              C:/Freescale/CW MCU v10.6/MCU/ARM_GCC_Support/ewl/lib/armv6-m\libc.a(printformat_.o) (__aeabi_uidiv)
c:/freescale/cw mcu v10.6/cross_tools/arm-none-eabi-gcc-4_7_3/bin/../lib/gcc/arm-none-eabi/4.7.3/armv6-m\libgcc.a(_divsi3.o)
                              ./Sources/DebugSerial.o (__aeabi_idiv)
c:/freescale/cw mcu v10.6/cross_tools/arm-none-eabi-gcc-4_7_3/bin/../lib/gcc/arm-none-eabi/4.7.3/armv6-m\libgcc.a(_dvmd_tls.o)
                              c:/freescale/cw mcu v10.6/cross_tools/arm-none-eabi-gcc-4_7_3/bin/../lib/gcc/arm-none-eabi/4.7.3/armv6-m\libgcc.a(_udivsi3.o) (__aeabi_idiv0)
c:/freescale/cw mcu v10.6/cross_tools/arm-none-eabi-gcc-4_7_3/bin/../lib/gcc/arm-none-eabi/4.7.3/armv6-m\libgcc.a(_arm_cmpsf2.o)
                              ./Generated_Code/PwmLdd2.o (__aeabi_fcmpgt)
c:/freescale/cw mcu v10.6/cross_tools/arm-none-eabi-gcc-4_7_3/bin/../lib/gcc/arm-none-eabi/4.7.3/armv6-m\libgcc.a(_fixunssfsi.o)
                              ./Generated_Code/PwmLdd2.o (__aeabi_f2uiz)
c:/freescale/cw mcu v10.6/cross_tools/arm-none-eabi-gcc-4_7_3/bin/../lib/gcc/arm-none-eabi/4.7.3/armv6-m\libgcc.a(eqsf2.o)
                              c:/freescale/cw mcu v10.6/cross_tools/arm-none-eabi-gcc-4_7_3/bin/../lib/gcc/arm-none-eabi/4.7.3/armv6-m\libgcc.a(_arm_cmpsf2.o) (__eqsf2)
c:/freescale/cw mcu v10.6/cross_tools/arm-none-eabi-gcc-4_7_3/bin/../lib/gcc/arm-none-eabi/4.7.3/armv6-m\libgcc.a(gesf2.o)
                              c:/freescale/cw mcu v10.6/cross_tools/arm-none-eabi-gcc-4_7_3/bin/../lib/gcc/arm-none-eabi/4.7.3/armv6-m\libgcc.a(_arm_cmpsf2.o) (__gesf2)
c:/freescale/cw mcu v10.6/cross_tools/arm-none-eabi-gcc-4_7_3/bin/../lib/gcc/arm-none-eabi/4.7.3/armv6-m\libgcc.a(lesf2.o)
                              c:/freescale/cw mcu v10.6/cross_tools/arm-none-eabi-gcc-4_7_3/bin/../lib/gcc/arm-none-eabi/4.7.3/armv6-m\libgcc.a(_arm_cmpsf2.o) (__lesf2)
c:/freescale/cw mcu v10.6/cross_tools/arm-none-eabi-gcc-4_7_3/bin/../lib/gcc/arm-none-eabi/4.7.3/armv6-m\libgcc.a(mulsf3.o)
                              ./Generated_Code/PwmLdd2.o (__aeabi_fmul)
c:/freescale/cw mcu v10.6/cross_tools/arm-none-eabi-gcc-4_7_3/bin/../lib/gcc/arm-none-eabi/4.7.3/armv6-m\libgcc.a(subsf3.o)
                              c:/freescale/cw mcu v10.6/cross_tools/arm-none-eabi-gcc-4_7_3/bin/../lib/gcc/arm-none-eabi/4.7.3/armv6-m\libgcc.a(_fixunssfsi.o) (__aeabi_fsub)
c:/freescale/cw mcu v10.6/cross_tools/arm-none-eabi-gcc-4_7_3/bin/../lib/gcc/arm-none-eabi/4.7.3/armv6-m\libgcc.a(fixsfsi.o)
                              c:/freescale/cw mcu v10.6/cross_tools/arm-none-eabi-gcc-4_7_3/bin/../lib/gcc/arm-none-eabi/4.7.3/armv6-m\libgcc.a(_fixunssfsi.o) (__aeabi_f2iz)
c:/freescale/cw mcu v10.6/cross_tools/arm-none-eabi-gcc-4_7_3/bin/../lib/gcc/arm-none-eabi/4.7.3/armv6-m\libgcc.a(floatsisf.o)
                              ./Generated_Code/PwmLdd2.o (__aeabi_i2f)
c:/freescale/cw mcu v10.6/cross_tools/arm-none-eabi-gcc-4_7_3/bin/../lib/gcc/arm-none-eabi/4.7.3/armv6-m\libgcc.a(_clzsi2.o)
                              c:/freescale/cw mcu v10.6/cross_tools/arm-none-eabi-gcc-4_7_3/bin/../lib/gcc/arm-none-eabi/4.7.3/armv6-m\libgcc.a(mulsf3.o) (__clzsi2)
C:/Freescale/CW MCU v10.6/MCU/ARM_GCC_Support/ewl/lib/armv6-m\librt.a(gcc_ctor_dtor.o)
                              ./Project_Settings/Startup_Code/__arm_start.o (__init_cpp)
C:/Freescale/CW MCU v10.6/MCU/ARM_GCC_Support/ewl/lib/armv6-m\librt.a(ROMCopy.o)
                              ./Project_Settings/Startup_Code/__arm_start.o (__copy_rom_sections_to_ram)
C:/Freescale/CW MCU v10.6/MCU/ARM_GCC_Support/ewl/lib/armv6-m\librt.a(__arm_eabi_init.o)
                              C:/Freescale/CW MCU v10.6/MCU/ARM_GCC_Support/ewl/lib/armv6-m\libc.a(exit.o) (__destroy_global_chain)

Allocating common symbols
Common symbol       size              file

SR_reg              0x1               ./Generated_Code/Cpu.o

Discarded input sections

 .text          0x00000000        0x0 ./Generated_Code/WAIT1.o
 .data          0x00000000        0x0 ./Generated_Code/WAIT1.o
 .bss           0x00000000        0x0 ./Generated_Code/WAIT1.o
 .text          0x00000000        0x0 ./Generated_Code/Vectors.o
 .data          0x00000000        0x0 ./Generated_Code/Vectors.o
 .bss           0x00000000        0x0 ./Generated_Code/Vectors.o
 .text          0x00000000        0x0 ./Generated_Code/TU1.o
 .data          0x00000000        0x0 ./Generated_Code/TU1.o
 .bss           0x00000000        0x0 ./Generated_Code/TU1.o
 .text.TU1_GetCounterValue
                0x00000000       0x1c ./Generated_Code/TU1.o
 .text.TU1_GetOffsetTicks
                0x00000000       0x64 ./Generated_Code/TU1.o
 .text.TU1_SelectOutputAction
                0x00000000      0x248 ./Generated_Code/TU1.o
 .text          0x00000000        0x0 ./Generated_Code/Speed.o
 .data          0x00000000        0x0 ./Generated_Code/Speed.o
 .bss           0x00000000        0x0 ./Generated_Code/Speed.o
 .debug_info    0x00000000       0x76 ./Generated_Code/Speed.o
 .debug_abbrev  0x00000000       0x28 ./Generated_Code/Speed.o
 .debug_aranges
                0x00000000       0x18 ./Generated_Code/Speed.o
 .debug_macinfo
                0x00000000    0x301b9 ./Generated_Code/Speed.o
 .debug_line    0x00000000      0x27c ./Generated_Code/Speed.o
 .debug_str     0x00000000      0x160 ./Generated_Code/Speed.o
 .comment       0x00000000       0x7a ./Generated_Code/Speed.o
 .ARM.attributes
                0x00000000       0x31 ./Generated_Code/Speed.o
 .text          0x00000000        0x0 ./Generated_Code/RxBuf.o
 .data          0x00000000        0x0 ./Generated_Code/RxBuf.o
 .bss           0x00000000        0x0 ./Generated_Code/RxBuf.o
 .text.RxBuf_NofFreeElements
                0x00000000       0x18 ./Generated_Code/RxBuf.o
 .text          0x00000000        0x0 ./Generated_Code/PwmLdd2.o
 .data          0x00000000        0x0 ./Generated_Code/PwmLdd2.o
 .bss           0x00000000        0x0 ./Generated_Code/PwmLdd2.o
 .text.PwmLdd2_SetRatio16
                0x00000000       0x2c ./Generated_Code/PwmLdd2.o
 .text.PwmLdd2_SetDutyMS
                0x00000000       0x78 ./Generated_Code/PwmLdd2.o
 .text          0x00000000        0x0 ./Generated_Code/PwmLdd1.o
 .data          0x00000000        0x0 ./Generated_Code/PwmLdd1.o
 .bss           0x00000000        0x0 ./Generated_Code/PwmLdd1.o
 .text.PwmLdd1_SetRatio16
                0x00000000       0x2c ./Generated_Code/PwmLdd1.o
 .text.PwmLdd1_SetDutyMS
                0x00000000       0x78 ./Generated_Code/PwmLdd1.o
 .text          0x00000000        0x0 ./Generated_Code/PE_LDD.o
 .data          0x00000000        0x0 ./Generated_Code/PE_LDD.o
 .bss           0x00000000        0x0 ./Generated_Code/PE_LDD.o
 .rodata.PE_CpuClockConfigurations
                0x00000000       0x28 ./Generated_Code/PE_LDD.o
 .text.PE_FillMemory
                0x00000000       0x28 ./Generated_Code/PE_LDD.o
 .text.PE_PeripheralUsed
                0x00000000       0x5c ./Generated_Code/PE_LDD.o
 .text.LDD_SetClockConfiguration
                0x00000000       0x14 ./Generated_Code/PE_LDD.o
 .text          0x00000000        0x0 ./Generated_Code/LEDpin3.o
 .data          0x00000000        0x0 ./Generated_Code/LEDpin3.o
 .bss           0x00000000        0x0 ./Generated_Code/LEDpin3.o
 .debug_info    0x00000000       0x76 ./Generated_Code/LEDpin3.o
 .debug_abbrev  0x00000000       0x28 ./Generated_Code/LEDpin3.o
 .debug_aranges
                0x00000000       0x18 ./Generated_Code/LEDpin3.o
 .debug_macinfo
                0x00000000    0x2ee05 ./Generated_Code/LEDpin3.o
 .debug_line    0x00000000      0x27a ./Generated_Code/LEDpin3.o
 .debug_str     0x00000000      0x162 ./Generated_Code/LEDpin3.o
 .comment       0x00000000       0x7a ./Generated_Code/LEDpin3.o
 .ARM.attributes
                0x00000000       0x31 ./Generated_Code/LEDpin3.o
 .text          0x00000000        0x0 ./Generated_Code/LEDpin2.o
 .data          0x00000000        0x0 ./Generated_Code/LEDpin2.o
 .bss           0x00000000        0x0 ./Generated_Code/LEDpin2.o
 .debug_info    0x00000000       0x76 ./Generated_Code/LEDpin2.o
 .debug_abbrev  0x00000000       0x28 ./Generated_Code/LEDpin2.o
 .debug_aranges
                0x00000000       0x18 ./Generated_Code/LEDpin2.o
 .debug_macinfo
                0x00000000    0x2ee0b ./Generated_Code/LEDpin2.o
 .debug_line    0x00000000      0x27a ./Generated_Code/LEDpin2.o
 .debug_str     0x00000000      0x162 ./Generated_Code/LEDpin2.o
 .comment       0x00000000       0x7a ./Generated_Code/LEDpin2.o
 .ARM.attributes
                0x00000000       0x31 ./Generated_Code/LEDpin2.o
 .text          0x00000000        0x0 ./Generated_Code/LEDpin1.o
 .data          0x00000000        0x0 ./Generated_Code/LEDpin1.o
 .bss           0x00000000        0x0 ./Generated_Code/LEDpin1.o
 .debug_info    0x00000000       0x76 ./Generated_Code/LEDpin1.o
 .debug_abbrev  0x00000000       0x28 ./Generated_Code/LEDpin1.o
 .debug_aranges
                0x00000000       0x18 ./Generated_Code/LEDpin1.o
 .debug_macinfo
                0x00000000    0x2ee0b ./Generated_Code/LEDpin1.o
 .debug_line    0x00000000      0x27a ./Generated_Code/LEDpin1.o
 .debug_str     0x00000000      0x162 ./Generated_Code/LEDpin1.o
 .comment       0x00000000       0x7a ./Generated_Code/LEDpin1.o
 .ARM.attributes
                0x00000000       0x31 ./Generated_Code/LEDpin1.o
 .text          0x00000000        0x0 ./Generated_Code/LEDR.o
 .data          0x00000000        0x0 ./Generated_Code/LEDR.o
 .bss           0x00000000        0x0 ./Generated_Code/LEDR.o
 .text.LEDR_Deinit
                0x00000000        0x8 ./Generated_Code/LEDR.o
 .text.LEDR_SetRatio16
                0x00000000       0x3c ./Generated_Code/LEDR.o
 .debug_info    0x00000000       0xe3 ./Generated_Code/LEDR.o
 .debug_abbrev  0x00000000       0xa3 ./Generated_Code/LEDR.o
 .debug_loc     0x00000000       0x64 ./Generated_Code/LEDR.o
 .debug_aranges
                0x00000000       0x28 ./Generated_Code/LEDR.o
 .debug_macinfo
                0x00000000    0x2ef8f ./Generated_Code/LEDR.o
 .debug_line    0x00000000      0x2a6 ./Generated_Code/LEDR.o
 .debug_str     0x00000000      0x1ac ./Generated_Code/LEDR.o
 .comment       0x00000000       0x7a ./Generated_Code/LEDR.o
 .ARM.attributes
                0x00000000       0x31 ./Generated_Code/LEDR.o
 .debug_frame   0x00000000       0x4c ./Generated_Code/LEDR.o
 .text          0x00000000        0x0 ./Generated_Code/LEDG.o
 .data          0x00000000        0x0 ./Generated_Code/LEDG.o
 .bss           0x00000000        0x0 ./Generated_Code/LEDG.o
 .text.LEDG_Deinit
                0x00000000        0x8 ./Generated_Code/LEDG.o
 .text.LEDG_SetRatio16
                0x00000000       0x3c ./Generated_Code/LEDG.o
 .debug_info    0x00000000       0xe3 ./Generated_Code/LEDG.o
 .debug_abbrev  0x00000000       0xa3 ./Generated_Code/LEDG.o
 .debug_loc     0x00000000       0x64 ./Generated_Code/LEDG.o
 .debug_aranges
                0x00000000       0x28 ./Generated_Code/LEDG.o
 .debug_macinfo
                0x00000000    0x2ef8f ./Generated_Code/LEDG.o
 .debug_line    0x00000000      0x2a6 ./Generated_Code/LEDG.o
 .debug_str     0x00000000      0x1ac ./Generated_Code/LEDG.o
 .comment       0x00000000       0x7a ./Generated_Code/LEDG.o
 .ARM.attributes
                0x00000000       0x31 ./Generated_Code/LEDG.o
 .debug_frame   0x00000000       0x4c ./Generated_Code/LEDG.o
 .text          0x00000000        0x0 ./Generated_Code/LEDB.o
 .data          0x00000000        0x0 ./Generated_Code/LEDB.o
 .bss           0x00000000        0x0 ./Generated_Code/LEDB.o
 .text.LEDB_Deinit
                0x00000000        0x8 ./Generated_Code/LEDB.o
 .text.LEDB_SetRatio16
                0x00000000       0x3c ./Generated_Code/LEDB.o
 .debug_info    0x00000000       0xe3 ./Generated_Code/LEDB.o
 .debug_abbrev  0x00000000       0xa3 ./Generated_Code/LEDB.o
 .debug_loc     0x00000000       0x64 ./Generated_Code/LEDB.o
 .debug_aranges
                0x00000000       0x28 ./Generated_Code/LEDB.o
 .debug_macinfo
                0x00000000    0x2ef89 ./Generated_Code/LEDB.o
 .debug_line    0x00000000      0x2a6 ./Generated_Code/LEDB.o
 .debug_str     0x00000000      0x1ac ./Generated_Code/LEDB.o
 .comment       0x00000000       0x7a ./Generated_Code/LEDB.o
 .ARM.attributes
                0x00000000       0x31 ./Generated_Code/LEDB.o
 .debug_frame   0x00000000       0x4c ./Generated_Code/LEDB.o
 .text          0x00000000        0x0 ./Generated_Code/Direction.o
 .data          0x00000000        0x0 ./Generated_Code/Direction.o
 .bss           0x00000000        0x0 ./Generated_Code/Direction.o
 .debug_info    0x00000000       0x76 ./Generated_Code/Direction.o
 .debug_abbrev  0x00000000       0x28 ./Generated_Code/Direction.o
 .debug_aranges
                0x00000000       0x18 ./Generated_Code/Direction.o
 .debug_macinfo
                0x00000000    0x301d1 ./Generated_Code/Direction.o
 .debug_line    0x00000000      0x284 ./Generated_Code/Direction.o
 .debug_str     0x00000000      0x164 ./Generated_Code/Direction.o
 .comment       0x00000000       0x7a ./Generated_Code/Direction.o
 .ARM.attributes
                0x00000000       0x31 ./Generated_Code/Direction.o
 .text          0x00000000        0x0 ./Generated_Code/Cpu.o
 .data          0x00000000        0x0 ./Generated_Code/Cpu.o
 .bss           0x00000000        0x0 ./Generated_Code/Cpu.o
 .text          0x00000000        0x0 ./Generated_Code/BitIoLdd3.o
 .data          0x00000000        0x0 ./Generated_Code/BitIoLdd3.o
 .bss           0x00000000        0x0 ./Generated_Code/BitIoLdd3.o
 .text.BitIoLdd3_GetVal
                0x00000000       0x28 ./Generated_Code/BitIoLdd3.o
 .text.BitIoLdd3_ClrVal
                0x00000000       0x18 ./Generated_Code/BitIoLdd3.o
 .text          0x00000000        0x0 ./Generated_Code/BitIoLdd2.o
 .data          0x00000000        0x0 ./Generated_Code/BitIoLdd2.o
 .bss           0x00000000        0x0 ./Generated_Code/BitIoLdd2.o
 .text.BitIoLdd2_GetVal
                0x00000000       0x28 ./Generated_Code/BitIoLdd2.o
 .text.BitIoLdd2_ClrVal
                0x00000000       0x1c ./Generated_Code/BitIoLdd2.o
 .text.BitIoLdd2_NegVal
                0x00000000       0x1c ./Generated_Code/BitIoLdd2.o
 .text          0x00000000        0x0 ./Generated_Code/BitIoLdd1.o
 .data          0x00000000        0x0 ./Generated_Code/BitIoLdd1.o
 .bss           0x00000000        0x0 ./Generated_Code/BitIoLdd1.o
 .text.BitIoLdd1_GetVal
                0x00000000       0x28 ./Generated_Code/BitIoLdd1.o
 .text.BitIoLdd1_ClrVal
                0x00000000       0x1c ./Generated_Code/BitIoLdd1.o
 .text.BitIoLdd1_NegVal
                0x00000000       0x1c ./Generated_Code/BitIoLdd1.o
 .text          0x00000000        0x0 ./Generated_Code/AS1.o
 .data          0x00000000        0x0 ./Generated_Code/AS1.o
 .bss           0x00000000        0x0 ./Generated_Code/AS1.o
 .text.AS1_Deinit
                0x00000000       0x78 ./Generated_Code/AS1.o
 .text.AS1_GetReceivedDataNum
                0x00000000       0x18 ./Generated_Code/AS1.o
 .text.AS1_GetSentDataNum
                0x00000000       0x18 ./Generated_Code/AS1.o
 .text.AS1_GetTxCompleteStatus
                0x00000000       0x34 ./Generated_Code/AS1.o
 .text          0x00000000        0x0 ./Project_Settings/Startup_Code/__arm_start.o
 .data          0x00000000        0x0 ./Project_Settings/Startup_Code/__arm_start.o
 .bss           0x00000000        0x0 ./Project_Settings/Startup_Code/__arm_start.o
 .text.__iar_program_start
                0x00000000        0x4 ./Project_Settings/Startup_Code/__arm_start.o
 .text          0x00000000        0x0 ./Project_Settings/Startup_Code/__arm_end.o
 .data          0x00000000        0x0 ./Project_Settings/Startup_Code/__arm_end.o
 .bss           0x00000000        0x0 ./Project_Settings/Startup_Code/__arm_end.o
 .text          0x00000000        0x0 ./Sources/sa_mtb.o
 .data          0x00000000        0x0 ./Sources/sa_mtb.o
 .bss           0x00000000        0x0 ./Sources/sa_mtb.o
 .debug_info    0x00000000       0x21 ./Sources/sa_mtb.o
 .debug_abbrev  0x00000000       0x12 ./Sources/sa_mtb.o
 .debug_aranges
                0x00000000       0x18 ./Sources/sa_mtb.o
 .debug_macinfo
                0x00000000     0x24d8 ./Sources/sa_mtb.o
 .debug_line    0x00000000       0xaa ./Sources/sa_mtb.o
 .debug_str     0x00000000       0xcf ./Sources/sa_mtb.o
 .comment       0x00000000       0x7a ./Sources/sa_mtb.o
 .ARM.attributes
                0x00000000       0x31 ./Sources/sa_mtb.o
 .text          0x00000000        0x0 ./Sources/main.o
 .data          0x00000000        0x0 ./Sources/main.o
 .bss           0x00000000        0x0 ./Sources/main.o
 .text          0x00000000        0x0 ./Sources/Events.o
 .data          0x00000000        0x0 ./Sources/Events.o
 .bss           0x00000000        0x0 ./Sources/Events.o
 .text          0x00000000        0x0 ./Sources/DebugSerial.o
 .data          0x00000000        0x0 ./Sources/DebugSerial.o
 .bss           0x00000000        0x0 ./Sources/DebugSerial.o
 .text.printHex
                0x00000000       0xac ./Sources/DebugSerial.o
 .text.debugChar
                0x00000000       0x24 ./Sources/DebugSerial.o
 .text.getDebugString
                0x00000000       0x2c ./Sources/DebugSerial.o
 .text          0x00000000        0x0 C:/Freescale/CW MCU v10.6/MCU/ARM_GCC_Support/ewl/lib/armv6-m\libc.a(exit.o)
 .data          0x00000000        0x0 C:/Freescale/CW MCU v10.6/MCU/ARM_GCC_Support/ewl/lib/armv6-m\libc.a(exit.o)
 .bss           0x00000000        0x0 C:/Freescale/CW MCU v10.6/MCU/ARM_GCC_Support/ewl/lib/armv6-m\libc.a(exit.o)
 .text          0x00000000        0x0 C:/Freescale/CW MCU v10.6/MCU/ARM_GCC_Support/ewl/lib/armv6-m\libc.a(memset.o)
 .data          0x00000000        0x0 C:/Freescale/CW MCU v10.6/MCU/ARM_GCC_Support/ewl/lib/armv6-m\libc.a(memset.o)
 .bss           0x00000000        0x0 C:/Freescale/CW MCU v10.6/MCU/ARM_GCC_Support/ewl/lib/armv6-m\libc.a(memset.o)
 .text          0x00000000        0x0 C:/Freescale/CW MCU v10.6/MCU/ARM_GCC_Support/ewl/lib/armv6-m\libc.a(printformat_.o)
 .data          0x00000000        0x0 C:/Freescale/CW MCU v10.6/MCU/ARM_GCC_Support/ewl/lib/armv6-m\libc.a(printformat_.o)
 .bss           0x00000000        0x0 C:/Freescale/CW MCU v10.6/MCU/ARM_GCC_Support/ewl/lib/armv6-m\libc.a(printformat_.o)
 .text          0x00000000        0x0 C:/Freescale/CW MCU v10.6/MCU/ARM_GCC_Support/ewl/lib/armv6-m\libc.a(scanformat_.o)
 .data          0x00000000        0x0 C:/Freescale/CW MCU v10.6/MCU/ARM_GCC_Support/ewl/lib/armv6-m\libc.a(scanformat_.o)
 .bss           0x00000000        0x0 C:/Freescale/CW MCU v10.6/MCU/ARM_GCC_Support/ewl/lib/armv6-m\libc.a(scanformat_.o)
 .text          0x00000000        0x0 C:/Freescale/CW MCU v10.6/MCU/ARM_GCC_Support/ewl/lib/armv6-m\libc.a(ctype_aeabi.o)
 .data          0x00000000        0x0 C:/Freescale/CW MCU v10.6/MCU/ARM_GCC_Support/ewl/lib/armv6-m\libc.a(ctype_aeabi.o)
 .bss           0x00000000        0x0 C:/Freescale/CW MCU v10.6/MCU/ARM_GCC_Support/ewl/lib/armv6-m\libc.a(ctype_aeabi.o)
 .text.isalnum  0x00000000       0x1c C:/Freescale/CW MCU v10.6/MCU/ARM_GCC_Support/ewl/lib/armv6-m\libc.a(ctype_aeabi.o)
 .text.iscntrl  0x00000000       0x20 C:/Freescale/CW MCU v10.6/MCU/ARM_GCC_Support/ewl/lib/armv6-m\libc.a(ctype_aeabi.o)
 .text.isdigit  0x00000000        0xe C:/Freescale/CW MCU v10.6/MCU/ARM_GCC_Support/ewl/lib/armv6-m\libc.a(ctype_aeabi.o)
 .text.isgraph  0x00000000       0x1c C:/Freescale/CW MCU v10.6/MCU/ARM_GCC_Support/ewl/lib/armv6-m\libc.a(ctype_aeabi.o)
 .text.islower  0x00000000       0x20 C:/Freescale/CW MCU v10.6/MCU/ARM_GCC_Support/ewl/lib/armv6-m\libc.a(ctype_aeabi.o)
 .text.isprint  0x00000000       0x1c C:/Freescale/CW MCU v10.6/MCU/ARM_GCC_Support/ewl/lib/armv6-m\libc.a(ctype_aeabi.o)
 .text.ispunct  0x00000000       0x20 C:/Freescale/CW MCU v10.6/MCU/ARM_GCC_Support/ewl/lib/armv6-m\libc.a(ctype_aeabi.o)
 .text.isupper  0x00000000       0x20 C:/Freescale/CW MCU v10.6/MCU/ARM_GCC_Support/ewl/lib/armv6-m\libc.a(ctype_aeabi.o)
 .text.isxdigit
                0x00000000       0x20 C:/Freescale/CW MCU v10.6/MCU/ARM_GCC_Support/ewl/lib/armv6-m\libc.a(ctype_aeabi.o)
 .text.isblank  0x00000000       0x28 C:/Freescale/CW MCU v10.6/MCU/ARM_GCC_Support/ewl/lib/armv6-m\libc.a(ctype_aeabi.o)
 .text.tolower  0x00000000        0xe C:/Freescale/CW MCU v10.6/MCU/ARM_GCC_Support/ewl/lib/armv6-m\libc.a(ctype_aeabi.o)
 .text          0x00000000        0x0 C:/Freescale/CW MCU v10.6/MCU/ARM_GCC_Support/ewl/lib/armv6-m\libc.a(__strtoul.o)
 .data          0x00000000        0x0 C:/Freescale/CW MCU v10.6/MCU/ARM_GCC_Support/ewl/lib/armv6-m\libc.a(__strtoul.o)
 .bss           0x00000000        0x0 C:/Freescale/CW MCU v10.6/MCU/ARM_GCC_Support/ewl/lib/armv6-m\libc.a(__strtoul.o)
 .text          0x00000000        0x0 C:/Freescale/CW MCU v10.6/MCU/ARM_GCC_Support/ewl/lib/armv6-m\libc.a(__filll_mem.o)
 .data          0x00000000        0x0 C:/Freescale/CW MCU v10.6/MCU/ARM_GCC_Support/ewl/lib/armv6-m\libc.a(__filll_mem.o)
 .bss           0x00000000        0x0 C:/Freescale/CW MCU v10.6/MCU/ARM_GCC_Support/ewl/lib/armv6-m\libc.a(__filll_mem.o)
 .text          0x00000000        0x0 C:/Freescale/CW MCU v10.6/MCU/ARM_GCC_Support/ewl/lib/armv6-m\libc.a(memchr.o)
 .data          0x00000000        0x0 C:/Freescale/CW MCU v10.6/MCU/ARM_GCC_Support/ewl/lib/armv6-m\libc.a(memchr.o)
 .bss           0x00000000        0x0 C:/Freescale/CW MCU v10.6/MCU/ARM_GCC_Support/ewl/lib/armv6-m\libc.a(memchr.o)
 .text          0x00000000        0x0 C:/Freescale/CW MCU v10.6/MCU/ARM_GCC_Support/ewl/lib/armv6-m\libc.a(memcpy.o)
 .data          0x00000000        0x0 C:/Freescale/CW MCU v10.6/MCU/ARM_GCC_Support/ewl/lib/armv6-m\libc.a(memcpy.o)
 .bss           0x00000000        0x0 C:/Freescale/CW MCU v10.6/MCU/ARM_GCC_Support/ewl/lib/armv6-m\libc.a(memcpy.o)
 .text          0x00000000        0x0 C:/Freescale/CW MCU v10.6/MCU/ARM_GCC_Support/ewl/lib/armv6-m\libc.a(strchr.o)
 .data          0x00000000        0x0 C:/Freescale/CW MCU v10.6/MCU/ARM_GCC_Support/ewl/lib/armv6-m\libc.a(strchr.o)
 .bss           0x00000000        0x0 C:/Freescale/CW MCU v10.6/MCU/ARM_GCC_Support/ewl/lib/armv6-m\libc.a(strchr.o)
 .text          0x00000000        0x0 C:/Freescale/CW MCU v10.6/MCU/ARM_GCC_Support/ewl/lib/armv6-m\libc.a(strlen.o)
 .data          0x00000000        0x0 C:/Freescale/CW MCU v10.6/MCU/ARM_GCC_Support/ewl/lib/armv6-m\libc.a(strlen.o)
 .bss           0x00000000        0x0 C:/Freescale/CW MCU v10.6/MCU/ARM_GCC_Support/ewl/lib/armv6-m\libc.a(strlen.o)
 .data          0x00000000        0x0 c:/freescale/cw mcu v10.6/cross_tools/arm-none-eabi-gcc-4_7_3/bin/../lib/gcc/arm-none-eabi/4.7.3/armv6-m\libgcc.a(_thumb1_case_sqi.o)
 .bss           0x00000000        0x0 c:/freescale/cw mcu v10.6/cross_tools/arm-none-eabi-gcc-4_7_3/bin/../lib/gcc/arm-none-eabi/4.7.3/armv6-m\libgcc.a(_thumb1_case_sqi.o)
 .data          0x00000000        0x0 c:/freescale/cw mcu v10.6/cross_tools/arm-none-eabi-gcc-4_7_3/bin/../lib/gcc/arm-none-eabi/4.7.3/armv6-m\libgcc.a(_thumb1_case_uqi.o)
 .bss           0x00000000        0x0 c:/freescale/cw mcu v10.6/cross_tools/arm-none-eabi-gcc-4_7_3/bin/../lib/gcc/arm-none-eabi/4.7.3/armv6-m\libgcc.a(_thumb1_case_uqi.o)
 .data          0x00000000        0x0 c:/freescale/cw mcu v10.6/cross_tools/arm-none-eabi-gcc-4_7_3/bin/../lib/gcc/arm-none-eabi/4.7.3/armv6-m\libgcc.a(_udivsi3.o)
 .bss           0x00000000        0x0 c:/freescale/cw mcu v10.6/cross_tools/arm-none-eabi-gcc-4_7_3/bin/../lib/gcc/arm-none-eabi/4.7.3/armv6-m\libgcc.a(_udivsi3.o)
 .data          0x00000000        0x0 c:/freescale/cw mcu v10.6/cross_tools/arm-none-eabi-gcc-4_7_3/bin/../lib/gcc/arm-none-eabi/4.7.3/armv6-m\libgcc.a(_divsi3.o)
 .bss           0x00000000        0x0 c:/freescale/cw mcu v10.6/cross_tools/arm-none-eabi-gcc-4_7_3/bin/../lib/gcc/arm-none-eabi/4.7.3/armv6-m\libgcc.a(_divsi3.o)
 .data          0x00000000        0x0 c:/freescale/cw mcu v10.6/cross_tools/arm-none-eabi-gcc-4_7_3/bin/../lib/gcc/arm-none-eabi/4.7.3/armv6-m\libgcc.a(_dvmd_tls.o)
 .bss           0x00000000        0x0 c:/freescale/cw mcu v10.6/cross_tools/arm-none-eabi-gcc-4_7_3/bin/../lib/gcc/arm-none-eabi/4.7.3/armv6-m\libgcc.a(_dvmd_tls.o)
 .data          0x00000000        0x0 c:/freescale/cw mcu v10.6/cross_tools/arm-none-eabi-gcc-4_7_3/bin/../lib/gcc/arm-none-eabi/4.7.3/armv6-m\libgcc.a(_arm_cmpsf2.o)
 .bss           0x00000000        0x0 c:/freescale/cw mcu v10.6/cross_tools/arm-none-eabi-gcc-4_7_3/bin/../lib/gcc/arm-none-eabi/4.7.3/armv6-m\libgcc.a(_arm_cmpsf2.o)
 .data          0x00000000        0x0 c:/freescale/cw mcu v10.6/cross_tools/arm-none-eabi-gcc-4_7_3/bin/../lib/gcc/arm-none-eabi/4.7.3/armv6-m\libgcc.a(_fixunssfsi.o)
 .bss           0x00000000        0x0 c:/freescale/cw mcu v10.6/cross_tools/arm-none-eabi-gcc-4_7_3/bin/../lib/gcc/arm-none-eabi/4.7.3/armv6-m\libgcc.a(_fixunssfsi.o)
 .data          0x00000000        0x0 c:/freescale/cw mcu v10.6/cross_tools/arm-none-eabi-gcc-4_7_3/bin/../lib/gcc/arm-none-eabi/4.7.3/armv6-m\libgcc.a(eqsf2.o)
 .bss           0x00000000        0x0 c:/freescale/cw mcu v10.6/cross_tools/arm-none-eabi-gcc-4_7_3/bin/../lib/gcc/arm-none-eabi/4.7.3/armv6-m\libgcc.a(eqsf2.o)
 .data          0x00000000        0x0 c:/freescale/cw mcu v10.6/cross_tools/arm-none-eabi-gcc-4_7_3/bin/../lib/gcc/arm-none-eabi/4.7.3/armv6-m\libgcc.a(gesf2.o)
 .bss           0x00000000        0x0 c:/freescale/cw mcu v10.6/cross_tools/arm-none-eabi-gcc-4_7_3/bin/../lib/gcc/arm-none-eabi/4.7.3/armv6-m\libgcc.a(gesf2.o)
 .data          0x00000000        0x0 c:/freescale/cw mcu v10.6/cross_tools/arm-none-eabi-gcc-4_7_3/bin/../lib/gcc/arm-none-eabi/4.7.3/armv6-m\libgcc.a(lesf2.o)
 .bss           0x00000000        0x0 c:/freescale/cw mcu v10.6/cross_tools/arm-none-eabi-gcc-4_7_3/bin/../lib/gcc/arm-none-eabi/4.7.3/armv6-m\libgcc.a(lesf2.o)
 .data          0x00000000        0x0 c:/freescale/cw mcu v10.6/cross_tools/arm-none-eabi-gcc-4_7_3/bin/../lib/gcc/arm-none-eabi/4.7.3/armv6-m\libgcc.a(mulsf3.o)
 .bss           0x00000000        0x0 c:/freescale/cw mcu v10.6/cross_tools/arm-none-eabi-gcc-4_7_3/bin/../lib/gcc/arm-none-eabi/4.7.3/armv6-m\libgcc.a(mulsf3.o)
 .data          0x00000000        0x0 c:/freescale/cw mcu v10.6/cross_tools/arm-none-eabi-gcc-4_7_3/bin/../lib/gcc/arm-none-eabi/4.7.3/armv6-m\libgcc.a(subsf3.o)
 .bss           0x00000000        0x0 c:/freescale/cw mcu v10.6/cross_tools/arm-none-eabi-gcc-4_7_3/bin/../lib/gcc/arm-none-eabi/4.7.3/armv6-m\libgcc.a(subsf3.o)
 .data          0x00000000        0x0 c:/freescale/cw mcu v10.6/cross_tools/arm-none-eabi-gcc-4_7_3/bin/../lib/gcc/arm-none-eabi/4.7.3/armv6-m\libgcc.a(fixsfsi.o)
 .bss           0x00000000        0x0 c:/freescale/cw mcu v10.6/cross_tools/arm-none-eabi-gcc-4_7_3/bin/../lib/gcc/arm-none-eabi/4.7.3/armv6-m\libgcc.a(fixsfsi.o)
 .data          0x00000000        0x0 c:/freescale/cw mcu v10.6/cross_tools/arm-none-eabi-gcc-4_7_3/bin/../lib/gcc/arm-none-eabi/4.7.3/armv6-m\libgcc.a(floatsisf.o)
 .bss           0x00000000        0x0 c:/freescale/cw mcu v10.6/cross_tools/arm-none-eabi-gcc-4_7_3/bin/../lib/gcc/arm-none-eabi/4.7.3/armv6-m\libgcc.a(floatsisf.o)
 .data          0x00000000        0x0 c:/freescale/cw mcu v10.6/cross_tools/arm-none-eabi-gcc-4_7_3/bin/../lib/gcc/arm-none-eabi/4.7.3/armv6-m\libgcc.a(_clzsi2.o)
 .bss           0x00000000        0x0 c:/freescale/cw mcu v10.6/cross_tools/arm-none-eabi-gcc-4_7_3/bin/../lib/gcc/arm-none-eabi/4.7.3/armv6-m\libgcc.a(_clzsi2.o)
 .text          0x00000000        0x0 C:/Freescale/CW MCU v10.6/MCU/ARM_GCC_Support/ewl/lib/armv6-m\librt.a(gcc_ctor_dtor.o)
 .data          0x00000000        0x0 C:/Freescale/CW MCU v10.6/MCU/ARM_GCC_Support/ewl/lib/armv6-m\librt.a(gcc_ctor_dtor.o)
 .bss           0x00000000        0x0 C:/Freescale/CW MCU v10.6/MCU/ARM_GCC_Support/ewl/lib/armv6-m\librt.a(gcc_ctor_dtor.o)
 .bss.__dso_handle
                0x00000000        0x4 C:/Freescale/CW MCU v10.6/MCU/ARM_GCC_Support/ewl/lib/armv6-m\librt.a(gcc_ctor_dtor.o)
 .text          0x00000000        0x0 C:/Freescale/CW MCU v10.6/MCU/ARM_GCC_Support/ewl/lib/armv6-m\librt.a(ROMCopy.o)
 .data          0x00000000        0x0 C:/Freescale/CW MCU v10.6/MCU/ARM_GCC_Support/ewl/lib/armv6-m\librt.a(ROMCopy.o)
 .bss           0x00000000        0x0 C:/Freescale/CW MCU v10.6/MCU/ARM_GCC_Support/ewl/lib/armv6-m\librt.a(ROMCopy.o)
 .text.__flush_cache
                0x00000000        0x2 C:/Freescale/CW MCU v10.6/MCU/ARM_GCC_Support/ewl/lib/armv6-m\librt.a(ROMCopy.o)
 .text          0x00000000        0x0 C:/Freescale/CW MCU v10.6/MCU/ARM_GCC_Support/ewl/lib/armv6-m\librt.a(__arm_eabi_init.o)
 .data          0x00000000        0x0 C:/Freescale/CW MCU v10.6/MCU/ARM_GCC_Support/ewl/lib/armv6-m\librt.a(__arm_eabi_init.o)
 .bss           0x00000000        0x0 C:/Freescale/CW MCU v10.6/MCU/ARM_GCC_Support/ewl/lib/armv6-m\librt.a(__arm_eabi_init.o)
 .text.__register_global_object
                0x00000000       0x14 C:/Freescale/CW MCU v10.6/MCU/ARM_GCC_Support/ewl/lib/armv6-m\librt.a(__arm_eabi_init.o)
 .text.__cxa_atexit
                0x00000000       0x38 C:/Freescale/CW MCU v10.6/MCU/ARM_GCC_Support/ewl/lib/armv6-m\librt.a(__arm_eabi_init.o)
 .text.__aeabi_atexit
                0x00000000        0xe C:/Freescale/CW MCU v10.6/MCU/ARM_GCC_Support/ewl/lib/armv6-m\librt.a(__arm_eabi_init.o)
 .text.__register_atexit
                0x00000000        0xc C:/Freescale/CW MCU v10.6/MCU/ARM_GCC_Support/ewl/lib/armv6-m\librt.a(__arm_eabi_init.o)
 .text.__init_hardware
                0x00000000        0x4 C:/Freescale/CW MCU v10.6/MCU/ARM_GCC_Support/ewl/lib/armv6-m\librt.a(__arm_eabi_init.o)
 .bss.atexit_curr_func
                0x00000000        0x4 C:/Freescale/CW MCU v10.6/MCU/ARM_GCC_Support/ewl/lib/armv6-m\librt.a(__arm_eabi_init.o)
 .bss.atexit_funcs
                0x00000000      0x300 C:/Freescale/CW MCU v10.6/MCU/ARM_GCC_Support/ewl/lib/armv6-m\librt.a(__arm_eabi_init.o)

Memory Configuration

Name             Origin             Length             Attributes
m_interrupts     0x00000000         0x000000c0         xr
m_text           0x00000410         0x0001fbf0         xr
m_data           0x1ffff000         0x00004000         rw
m_cfmprotrom     0x00000400         0x00000010         xr
*default*        0x00000000         0xffffffff

Linker script and memory map

LOAD ./Generated_Code/WAIT1.o
LOAD ./Generated_Code/Vectors.o
LOAD ./Generated_Code/TU1.o
LOAD ./Generated_Code/Speed.o
LOAD ./Generated_Code/RxBuf.o
LOAD ./Generated_Code/PwmLdd2.o
LOAD ./Generated_Code/PwmLdd1.o
LOAD ./Generated_Code/PE_LDD.o
LOAD ./Generated_Code/LEDpin3.o
LOAD ./Generated_Code/LEDpin2.o
LOAD ./Generated_Code/LEDpin1.o
LOAD ./Generated_Code/LEDR.o
LOAD ./Generated_Code/LEDG.o
LOAD ./Generated_Code/LEDB.o
LOAD ./Generated_Code/Direction.o
LOAD ./Generated_Code/Cpu.o
LOAD ./Generated_Code/BitIoLdd3.o
LOAD ./Generated_Code/BitIoLdd2.o
LOAD ./Generated_Code/BitIoLdd1.o
LOAD ./Generated_Code/AS1.o
LOAD ./Project_Settings/Startup_Code/__arm_start.o
LOAD ./Project_Settings/Startup_Code/__arm_end.o
LOAD ./Sources/sa_mtb.o
LOAD ./Sources/main.o
LOAD ./Sources/Events.o
LOAD ./Sources/DebugSerial.o
                0x0000264c                __pformatter = __pformatter_
                [0x00002a74]                __sformatter = __sformatter
START GROUP
LOAD C:/Freescale/CW MCU v10.6/MCU/ARM_GCC_Support/ewl/lib/armv6-m\libc.a
LOAD C:/Freescale/CW MCU v10.6/MCU/ARM_GCC_Support/ewl/lib/armv6-m\libm.a
LOAD c:/freescale/cw mcu v10.6/cross_tools/arm-none-eabi-gcc-4_7_3/bin/../lib/gcc/arm-none-eabi/4.7.3/armv6-m\libgcc.a
LOAD C:/Freescale/CW MCU v10.6/MCU/ARM_GCC_Support/ewl/lib/armv6-m\librt.a
LOAD C:/Freescale/CW MCU v10.6/MCU/ARM_GCC_Support/ewl/lib/armv6-m\libuart.a
END GROUP
                0x20003000                _estack = 0x20003000
                0x20003000                __SP_INIT = _estack
                0x00000000                __heap_size = 0x0
                0x00000400                __stack_size = 0x400

.interrupts     0x00000000       0xc0
                0x00000000                __vector_table = .
                0x00000000                . = ALIGN (0x4)
 *(.vectortable)
 .vectortable   0x00000000       0xc0 ./Generated_Code/Vectors.o
                0x00000000                __vect_table
                0x000000c0                . = ALIGN (0x4)

.cfmprotect     0x00000400       0x10
                0x00000400                . = ALIGN (0x4)
 *(.cfmconfig)
 .cfmconfig     0x00000400       0x10 ./Generated_Code/Cpu.o
                0x00000400                _cfm
                0x00000410                . = ALIGN (0x4)

.text           0x00000410     0x334c
                0x00000410                . = ALIGN (0x4)
 *(.text)
 .text          0x00000410       0x14 c:/freescale/cw mcu v10.6/cross_tools/arm-none-eabi-gcc-4_7_3/bin/../lib/gcc/arm-none-eabi/4.7.3/armv6-m\libgcc.a(_thumb1_case_sqi.o)
                0x00000410                __gnu_thumb1_case_sqi
 .text          0x00000424       0x14 c:/freescale/cw mcu v10.6/cross_tools/arm-none-eabi-gcc-4_7_3/bin/../lib/gcc/arm-none-eabi/4.7.3/armv6-m\libgcc.a(_thumb1_case_uqi.o)
                0x00000424                __gnu_thumb1_case_uqi
 .text          0x00000438       0x9c c:/freescale/cw mcu v10.6/cross_tools/arm-none-eabi-gcc-4_7_3/bin/../lib/gcc/arm-none-eabi/4.7.3/armv6-m\libgcc.a(_udivsi3.o)
                0x00000438                __aeabi_uidiv
                0x00000438                __udivsi3
                0x000004c0                __aeabi_uidivmod
 .text          0x000004d4       0xc0 c:/freescale/cw mcu v10.6/cross_tools/arm-none-eabi-gcc-4_7_3/bin/../lib/gcc/arm-none-eabi/4.7.3/armv6-m\libgcc.a(_divsi3.o)
                0x000004d4                __divsi3
                0x000004d4                __aeabi_idiv
                0x00000580                __aeabi_idivmod
 .text          0x00000594        0x4 c:/freescale/cw mcu v10.6/cross_tools/arm-none-eabi-gcc-4_7_3/bin/../lib/gcc/arm-none-eabi/4.7.3/armv6-m\libgcc.a(_dvmd_tls.o)
                0x00000594                __aeabi_idiv0
                0x00000594                __aeabi_ldiv0
 .text          0x00000598       0x74 c:/freescale/cw mcu v10.6/cross_tools/arm-none-eabi-gcc-4_7_3/bin/../lib/gcc/arm-none-eabi/4.7.3/armv6-m\libgcc.a(_arm_cmpsf2.o)
                0x00000598                __aeabi_cfrcmple
                0x000005a0                __aeabi_cfcmpeq
                0x000005a0                __aeabi_cfcmple
                0x000005b0                __aeabi_fcmpeq
                0x000005bc                __aeabi_fcmplt
                0x000005d0                __aeabi_fcmple
                0x000005e4                __aeabi_fcmpgt
                0x000005f8                __aeabi_fcmpge
 .text          0x0000060c       0x30 c:/freescale/cw mcu v10.6/cross_tools/arm-none-eabi-gcc-4_7_3/bin/../lib/gcc/arm-none-eabi/4.7.3/armv6-m\libgcc.a(_fixunssfsi.o)
                0x0000060c                __fixunssfsi
                0x0000060c                __aeabi_f2uiz
 .text          0x0000063c       0x50 c:/freescale/cw mcu v10.6/cross_tools/arm-none-eabi-gcc-4_7_3/bin/../lib/gcc/arm-none-eabi/4.7.3/armv6-m\libgcc.a(eqsf2.o)
                0x0000063c                __eqsf2
                0x0000063c                __nesf2
 .text          0x0000068c       0x90 c:/freescale/cw mcu v10.6/cross_tools/arm-none-eabi-gcc-4_7_3/bin/../lib/gcc/arm-none-eabi/4.7.3/armv6-m\libgcc.a(gesf2.o)
                0x0000068c                __gesf2
                0x0000068c                __gtsf2
 .text          0x0000071c       0x90 c:/freescale/cw mcu v10.6/cross_tools/arm-none-eabi-gcc-4_7_3/bin/../lib/gcc/arm-none-eabi/4.7.3/armv6-m\libgcc.a(lesf2.o)
                0x0000071c                __ltsf2
                0x0000071c                __lesf2
 .text          0x000007ac      0x260 c:/freescale/cw mcu v10.6/cross_tools/arm-none-eabi-gcc-4_7_3/bin/../lib/gcc/arm-none-eabi/4.7.3/armv6-m\libgcc.a(mulsf3.o)
                0x000007ac                __aeabi_fmul
 .text          0x00000a0c      0x3ac c:/freescale/cw mcu v10.6/cross_tools/arm-none-eabi-gcc-4_7_3/bin/../lib/gcc/arm-none-eabi/4.7.3/armv6-m\libgcc.a(subsf3.o)
                0x00000a0c                __aeabi_fsub
 .text          0x00000db8       0x40 c:/freescale/cw mcu v10.6/cross_tools/arm-none-eabi-gcc-4_7_3/bin/../lib/gcc/arm-none-eabi/4.7.3/armv6-m\libgcc.a(fixsfsi.o)
                0x00000db8                __aeabi_f2iz
 .text          0x00000df8       0xa8 c:/freescale/cw mcu v10.6/cross_tools/arm-none-eabi-gcc-4_7_3/bin/../lib/gcc/arm-none-eabi/4.7.3/armv6-m\libgcc.a(floatsisf.o)
                0x00000df8                __aeabi_i2f
 .text          0x00000ea0       0x3c c:/freescale/cw mcu v10.6/cross_tools/arm-none-eabi-gcc-4_7_3/bin/../lib/gcc/arm-none-eabi/4.7.3/armv6-m\libgcc.a(_clzsi2.o)
                0x00000ea0                __clzsi2
 *(.text*)
 .text.WAIT1_Wait10Cycles
                0x00000edc        0x8 ./Generated_Code/WAIT1.o
                0x00000edc                WAIT1_Wait10Cycles
 .text.WAIT1_Wait100Cycles
                0x00000ee4       0x18 ./Generated_Code/WAIT1.o
                0x00000ee4                WAIT1_Wait100Cycles
 .text.WAIT1_WaitCycles
                0x00000efc       0x44 ./Generated_Code/WAIT1.o
                0x00000efc                WAIT1_WaitCycles
 .text.WAIT1_WaitLongCycles
                0x00000f40       0x3c ./Generated_Code/WAIT1.o
                0x00000f40                WAIT1_WaitLongCycles
 .text.WAIT1_Waitms
                0x00000f7c       0x38 ./Generated_Code/WAIT1.o
                0x00000f7c                WAIT1_Waitms
 .text.TU1_Init
                0x00000fb4       0xe4 ./Generated_Code/TU1.o
                0x00000fb4                TU1_Init
 .text.TU1_GetPeriodTicks
                0x00001098       0x3c ./Generated_Code/TU1.o
                0x00001098                TU1_GetPeriodTicks
 .text.TU1_SetOffsetTicks
                0x000010d4       0x58 ./Generated_Code/TU1.o
                0x000010d4                TU1_SetOffsetTicks
 .text.RxBuf_Put
                0x0000112c       0xc0 ./Generated_Code/RxBuf.o
                0x0000112c                RxBuf_Put
 .text.RxBuf_Get
                0x000011ec       0xbc ./Generated_Code/RxBuf.o
                0x000011ec                RxBuf_Get
 .text.RxBuf_NofElements
                0x000012a8       0x14 ./Generated_Code/RxBuf.o
                0x000012a8                RxBuf_NofElements
 .text.RxBuf_Init
                0x000012bc       0x28 ./Generated_Code/RxBuf.o
                0x000012bc                RxBuf_Init
 .text.PwmLdd2_Init
                0x000012e4       0x58 ./Generated_Code/PwmLdd2.o
                0x000012e4                PwmLdd2_Init
 .text.PwmLdd2_SetDutyUS
                0x0000133c       0x7c ./Generated_Code/PwmLdd2.o
                0x0000133c                PwmLdd2_SetDutyUS
 .text.SetRatio
                0x000013b8       0x68 ./Generated_Code/PwmLdd2.o
 .text.PwmLdd1_Init
                0x00001420       0x58 ./Generated_Code/PwmLdd1.o
                0x00001420                PwmLdd1_Init
 .text.PwmLdd1_SetDutyUS
                0x00001478       0x7c ./Generated_Code/PwmLdd1.o
                0x00001478                PwmLdd1_SetDutyUS
 .text.SetRatio
                0x000014f4       0x68 ./Generated_Code/PwmLdd1.o
 .text.Cpu_INT_NMIInterrupt
                0x0000155c        0xc ./Generated_Code/Cpu.o
                0x0000155c                Cpu_INT_NMIInterrupt
 .text.Cpu_Interrupt
                0x00001568        0xc ./Generated_Code/Cpu.o
                0x00001568                Cpu_Interrupt
 .text.__init_hardware
                0x00001574      0x110 ./Generated_Code/Cpu.o
                0x00001574                __init_hardware
 .text.PE_low_level_init
                0x00001684      0x114 ./Generated_Code/Cpu.o
                0x00001684                PE_low_level_init
 .text.BitIoLdd3_Init
                0x00001798       0x60 ./Generated_Code/BitIoLdd3.o
                0x00001798                BitIoLdd3_Init
 .text.BitIoLdd3_SetVal
                0x000017f8       0x18 ./Generated_Code/BitIoLdd3.o
                0x000017f8                BitIoLdd3_SetVal
 .text.BitIoLdd3_NegVal
                0x00001810       0x18 ./Generated_Code/BitIoLdd3.o
                0x00001810                BitIoLdd3_NegVal
 .text.BitIoLdd2_Init
                0x00001828       0x64 ./Generated_Code/BitIoLdd2.o
                0x00001828                BitIoLdd2_Init
 .text.BitIoLdd2_SetVal
                0x0000188c       0x1c ./Generated_Code/BitIoLdd2.o
                0x0000188c                BitIoLdd2_SetVal
 .text.BitIoLdd1_Init
                0x000018a8       0x64 ./Generated_Code/BitIoLdd1.o
                0x000018a8                BitIoLdd1_Init
 .text.BitIoLdd1_SetVal
                0x0000190c       0x1c ./Generated_Code/BitIoLdd1.o
                0x0000190c                BitIoLdd1_SetVal
 .text.AS1_Init
                0x00001928      0x1b0 ./Generated_Code/AS1.o
                0x00001928                AS1_Init
 .text.AS1_ReceiveBlock
                0x00001ad8       0x98 ./Generated_Code/AS1.o
                0x00001ad8                AS1_ReceiveBlock
 .text.AS1_SendBlock
                0x00001b70       0xd4 ./Generated_Code/AS1.o
                0x00001b70                AS1_SendBlock
 .text.InterruptRx
                0x00001c44       0x58 ./Generated_Code/AS1.o
 .text.InterruptTx
                0x00001c9c       0x9c ./Generated_Code/AS1.o
 .text.AS1_Interrupt
                0x00001d38       0xa8 ./Generated_Code/AS1.o
                0x00001d38                AS1_Interrupt
 .text.zero_fill_bss
                0x00001de0       0x24 ./Project_Settings/Startup_Code/__arm_start.o
 .text.__thumb_startup
                0x00001e04       0x30 ./Project_Settings/Startup_Code/__arm_start.o
                0x00001e04                __thumb_startup
 .text._ExitProcess
                0x00001e34        0xc ./Project_Settings/Startup_Code/__arm_end.o
                0x00001e34                _ExitProcess
 .text.main     0x00001e40       0xf0 ./Sources/main.o
                0x00001e40                main
 .text.Cpu_OnNMIINT
                0x00001f30        0x8 ./Sources/Events.o
                0x00001f30                Cpu_OnNMIINT
 .text.AS1_OnBlockReceived
                0x00001f38       0x30 ./Sources/Events.o
                0x00001f38                AS1_OnBlockReceived
 .text.AS1_OnBlockSent
                0x00001f68       0x18 ./Sources/Events.o
                0x00001f68                AS1_OnBlockSent
 .text.myAtoi   0x00001f80       0x68 ./Sources/DebugSerial.o
                0x00001f80                myAtoi
 .text.itoaDebug
                0x00001fe8       0x9c ./Sources/DebugSerial.o
                0x00001fe8                itoaDebug
 .text.debugStringGreen
                0x00002084       0x40 ./Sources/DebugSerial.o
                0x00002084                debugStringGreen
 .text.debugStringRed
                0x000020c4       0x40 ./Sources/DebugSerial.o
                0x000020c4                debugStringRed
 .text.debugString
                0x00002104       0x20 ./Sources/DebugSerial.o
                0x00002104                debugString
 .text.SendChar
                0x00002124       0x40 ./Sources/DebugSerial.o
 .text.SendString
                0x00002164       0x30 ./Sources/DebugSerial.o
 .text.InitSerial
                0x00002194       0x50 ./Sources/DebugSerial.o
 .text.startSerial
                0x000021e4       0x40 ./Sources/DebugSerial.o
                0x000021e4                startSerial
 .text.isNumber
                0x00002224       0x2c ./Sources/DebugSerial.o
                0x00002224                isNumber
 .text.initBufferCommnad
                0x00002250       0x50 ./Sources/DebugSerial.o
                0x00002250                initBufferCommnad
 .text.interpretComment
                0x000022a0       0x90 ./Sources/DebugSerial.o
                0x000022a0                interpretComment
 .text.getCommandReceived
                0x00002330      0x13c ./Sources/DebugSerial.o
                0x00002330                getCommandReceived
 .text.exit     0x0000246c       0x38 C:/Freescale/CW MCU v10.6/MCU/ARM_GCC_Support/ewl/lib/armv6-m\libc.a(exit.o)
                0x0000246c                exit
 .text.memset   0x000024a4        0xc C:/Freescale/CW MCU v10.6/MCU/ARM_GCC_Support/ewl/lib/armv6-m\libc.a(memset.o)
                0x000024a4                memset
 .text.long2str.isra.0
                0x000024b0      0x19c C:/Freescale/CW MCU v10.6/MCU/ARM_GCC_Support/ewl/lib/armv6-m\libc.a(printformat_.o)
 .text.__pformatter_
                0x0000264c      0x428 C:/Freescale/CW MCU v10.6/MCU/ARM_GCC_Support/ewl/lib/armv6-m\libc.a(printformat_.o)
                0x0000264c                __pformatter_
 .text.__sformatter
                0x00002a74      0x698 C:/Freescale/CW MCU v10.6/MCU/ARM_GCC_Support/ewl/lib/armv6-m\libc.a(scanformat_.o)
                0x00002a74                __sformatter
 .text.isalpha  0x0000310c       0x20 C:/Freescale/CW MCU v10.6/MCU/ARM_GCC_Support/ewl/lib/armv6-m\libc.a(ctype_aeabi.o)
                0x0000310c                isalpha
 .text.isspace  0x0000312c       0x20 C:/Freescale/CW MCU v10.6/MCU/ARM_GCC_Support/ewl/lib/armv6-m\libc.a(ctype_aeabi.o)
                0x0000312c                isspace
 .text.toupper  0x0000314c        0xe C:/Freescale/CW MCU v10.6/MCU/ARM_GCC_Support/ewl/lib/armv6-m\libc.a(ctype_aeabi.o)
                0x0000314c                toupper
 .text.__strtoul
                0x0000315a      0x1ce C:/Freescale/CW MCU v10.6/MCU/ARM_GCC_Support/ewl/lib/armv6-m\libc.a(__strtoul.o)
                0x0000315a                __strtoul
 .text.__fill_mem
                0x00003328       0x7e C:/Freescale/CW MCU v10.6/MCU/ARM_GCC_Support/ewl/lib/armv6-m\libc.a(__filll_mem.o)
                0x00003328                __fill_mem
 .text.memchr   0x000033a6       0x1a C:/Freescale/CW MCU v10.6/MCU/ARM_GCC_Support/ewl/lib/armv6-m\libc.a(memchr.o)
                0x000033a6                memchr
 .text.memcpy   0x000033c0       0x12 C:/Freescale/CW MCU v10.6/MCU/ARM_GCC_Support/ewl/lib/armv6-m\libc.a(memcpy.o)
                0x000033c0                memcpy
 .text.strchr   0x000033d2       0x1e C:/Freescale/CW MCU v10.6/MCU/ARM_GCC_Support/ewl/lib/armv6-m\libc.a(strchr.o)
                0x000033d2                strchr
 .text.strlen   0x000033f0       0x10 C:/Freescale/CW MCU v10.6/MCU/ARM_GCC_Support/ewl/lib/armv6-m\libc.a(strlen.o)
                0x000033f0                strlen
 .text.__init_cpp
                0x00003400       0x48 C:/Freescale/CW MCU v10.6/MCU/ARM_GCC_Support/ewl/lib/armv6-m\librt.a(gcc_ctor_dtor.o)
                0x00003400                __init_cpp
 .text.__fini_cpp
                0x00003448       0x34 C:/Freescale/CW MCU v10.6/MCU/ARM_GCC_Support/ewl/lib/armv6-m\librt.a(gcc_ctor_dtor.o)
                0x00003448                __fini_cpp
 .text.__copy_rom_section
                0x0000347c       0x48 C:/Freescale/CW MCU v10.6/MCU/ARM_GCC_Support/ewl/lib/armv6-m\librt.a(ROMCopy.o)
                0x0000347c                __copy_rom_section
 .text.__copy_rom_sections_to_ram
                0x000034c4       0x34 C:/Freescale/CW MCU v10.6/MCU/ARM_GCC_Support/ewl/lib/armv6-m\librt.a(ROMCopy.o)
                0x000034c4                __copy_rom_sections_to_ram
 .text.__destroy_global_chain
                0x000034f8       0x1c C:/Freescale/CW MCU v10.6/MCU/ARM_GCC_Support/ewl/lib/armv6-m\librt.a(__arm_eabi_init.o)
                0x000034f8                __destroy_global_chain
 .text.__init_registers
                0x00003514       0x1c C:/Freescale/CW MCU v10.6/MCU/ARM_GCC_Support/ewl/lib/armv6-m\librt.a(__arm_eabi_init.o)
                0x00003514                __init_registers
 .text.__init_user
                0x00003530        0x4 C:/Freescale/CW MCU v10.6/MCU/ARM_GCC_Support/ewl/lib/armv6-m\librt.a(__arm_eabi_init.o)
                0x00003530                __init_user
 *(.rodata)
 .rodata        0x00003534       0x28 ./Sources/main.o
 .rodata        0x0000355c       0xac ./Sources/DebugSerial.o
 .rodata        0x00003608       0x40 c:/freescale/cw mcu v10.6/cross_tools/arm-none-eabi-gcc-4_7_3/bin/../lib/gcc/arm-none-eabi/4.7.3/armv6-m\libgcc.a(mulsf3.o)
 *(.rodata*)
 .rodata.ChannelDevice
                0x00003648        0x4 ./Generated_Code/TU1.o
 .rodata.ChannelMode
                0x0000364c        0x4 ./Generated_Code/TU1.o
 .rodata.str1.1
                0x00003650        0x1 C:/Freescale/CW MCU v10.6/MCU/ARM_GCC_Support/ewl/lib/armv6-m\libc.a(printformat_.o)
 .rodata.CSWTCH.20
                0x00003651        0x5 C:/Freescale/CW MCU v10.6/MCU/ARM_GCC_Support/ewl/lib/armv6-m\libc.a(printformat_.o)
 .rodata.CSWTCH.21
                0x00003656        0x5 C:/Freescale/CW MCU v10.6/MCU/ARM_GCC_Support/ewl/lib/armv6-m\libc.a(printformat_.o)
 .rodata.__aeabi_ctype_table_C
                0x0000365b      0x101 C:/Freescale/CW MCU v10.6/MCU/ARM_GCC_Support/ewl/lib/armv6-m\libc.a(ctype_aeabi.o)
                0x0000365b                __aeabi_ctype_table_C
 *(.glue_7)
 .glue_7        0x00000000        0x0 linker stubs
 *(.glue_7t)
 .glue_7t       0x00000000        0x0 linker stubs
 *(.eh_frame)
 *(.init)
 *(.fini)
                0x0000375c                . = ALIGN (0x4)
                0x0000375c                _etext = .

.vfp11_veneer   0x0000375c        0x0
 .vfp11_veneer  0x00000000        0x0 linker stubs

.v4_bx          0x0000375c        0x0
 .v4_bx         0x00000000        0x0 linker stubs

.iplt           0x0000375c        0x0
 .iplt          0x00000000        0x0 ./Generated_Code/WAIT1.o

.rel.dyn        0x0000375c        0x0
 .rel.iplt      0x00000000        0x0 ./Generated_Code/WAIT1.o

.ARM.extab
 *(.ARM.extab* .gnu.linkonce.armextab.*)

.ARM            0x0000375c        0x0
                0x0000375c                __exidx_start = .
 *(.ARM.exidx*)
                0x0000375c                __exidx_end = .

.ctors          0x0000375c        0x0
                0x0000375c                __CTOR_LIST__ = .
 *crtbegin.o(.ctors)
 *(EXCLUDE_FILE(*crtend.o) .ctors)
 *(SORT(.ctors.*))
 *(.ctors)
                0x0000375c                __CTOR_END__ = .

.dtors          0x0000375c        0x0
                0x0000375c                __DTOR_LIST__ = .
 *crtbegin.o(.dtors)
 *(EXCLUDE_FILE(*crtend.o) .dtors)
 *(SORT(.dtors.*))
 *(.dtors)
                0x0000375c                __DTOR_END__ = .

.preinit_array  0x0000375c        0x0
                0x0000375c                PROVIDE (__preinit_array_start, .)
 *(.preinit_array*)
                0x0000375c                PROVIDE (__preinit_array_end, .)

.init_array     0x0000375c        0x0
                0x0000375c                PROVIDE (__init_array_start, .)
 *(SORT(.init_array.*))
 *(.init_array*)
                0x0000375c                PROVIDE (__init_array_end, .)

.fini_array     0x0000375c        0x0
                0x0000375c                PROVIDE (__fini_array_start, .)
 *(SORT(.fini_array.*))
 *(.fini_array*)
                0x0000375c                PROVIDE (__fini_array_end, .)
                0x0000375c                ___ROM_AT = .

.mtb            0x1ffff000        0x0
                0x1ffff000                . = ALIGN (0x8)
                0x1ffff000                _mtb_start = .
 *(.mtb_buf)
                0x1ffff000                . = ALIGN (0x8)
                0x1ffff000                _mtb_end = .

.data           0x1ffff000        0x8 load address 0x0000375c
                0x1ffff000                . = ALIGN (0x4)
                0x1ffff000                _sdata = .
 *(.data)
 *(.data*)
 .data.movement
                0x1ffff000        0x8 ./Sources/DebugSerial.o
                0x1ffff000                movement
                0x1ffff008                . = ALIGN (0x4)
                0x1ffff008                _edata = .
                0x00000008                ___data_size = (_edata - _sdata)

.igot.plt       0x1ffff008        0x0 load address 0x00003764
 .igot.plt      0x00000000        0x0 ./Generated_Code/WAIT1.o
                0x1ffff008                . = ALIGN (0x4)

.bss            0x1ffff008       0xf0 load address 0x00003764
                0x1ffff008                __START_BSS = .
                0x1ffff008                PROVIDE (__bss_start__, __START_BSS)
 *(.bss)
 *(.bss*)
 .bss.DeviceDataPrv__DEFAULT_RTOS_ALLOC
                0x1ffff008        0x8 ./Generated_Code/TU1.o
 .bss.RxBuf_buffer
                0x1ffff010       0x40 ./Generated_Code/RxBuf.o
 .bss.RxBuf_inIdx
                0x1ffff050        0x1 ./Generated_Code/RxBuf.o
 .bss.RxBuf_outIdx
                0x1ffff051        0x1 ./Generated_Code/RxBuf.o
 .bss.RxBuf_inSize
                0x1ffff052        0x1 ./Generated_Code/RxBuf.o
 *fill*         0x1ffff053        0x1 00
 .bss.DeviceDataPrv__DEFAULT_RTOS_ALLOC
                0x1ffff054        0xc ./Generated_Code/PwmLdd2.o
 .bss.DeviceDataPrv__DEFAULT_RTOS_ALLOC
                0x1ffff060        0xc ./Generated_Code/PwmLdd1.o
 .bss.PE_LDD_DeviceDataList
                0x1ffff06c       0x1c ./Generated_Code/PE_LDD.o
                0x1ffff06c                PE_LDD_DeviceDataList
 .bss.SR_lock   0x1ffff088        0x1 ./Generated_Code/Cpu.o
                0x1ffff088                SR_lock
 *fill*         0x1ffff089        0x3 00
 .bss.DeviceDataPrv__DEFAULT_RTOS_ALLOC
                0x1ffff08c        0x4 ./Generated_Code/BitIoLdd3.o
 .bss.DeviceDataPrv__DEFAULT_RTOS_ALLOC
                0x1ffff090        0x4 ./Generated_Code/BitIoLdd2.o
 .bss.DeviceDataPrv__DEFAULT_RTOS_ALLOC
                0x1ffff094        0x4 ./Generated_Code/BitIoLdd1.o
 .bss.DeviceDataPrv__DEFAULT_RTOS_ALLOC
                0x1ffff098       0x18 ./Generated_Code/AS1.o
 .bss.INT_UART0__DEFAULT_RTOS_ISRPARAM
                0x1ffff0b0        0x4 ./Generated_Code/AS1.o
 .bss.argv      0x1ffff0b4        0x4 ./Project_Settings/Startup_Code/__arm_start.o
 .bss.deviceData
                0x1ffff0b8        0xc ./Sources/DebugSerial.o
 .bss.bufferCommand
                0x1ffff0c4       0x14 ./Sources/DebugSerial.o
 .bss.indexCommand
                0x1ffff0d8        0x1 ./Sources/DebugSerial.o
 .bss.commandInterpreted
                0x1ffff0d9        0x1 ./Sources/DebugSerial.o
 *fill*         0x1ffff0da        0x2 00
 .bss.__stdio_exit
                0x1ffff0dc        0x4 C:/Freescale/CW MCU v10.6/MCU/ARM_GCC_Support/ewl/lib/armv6-m\libc.a(exit.o)
                0x1ffff0dc                __stdio_exit
 .bss.__console_exit
                0x1ffff0e0        0x4 C:/Freescale/CW MCU v10.6/MCU/ARM_GCC_Support/ewl/lib/armv6-m\libc.a(exit.o)
                0x1ffff0e0                __console_exit
 .bss.__S_romp  0x1ffff0e4        0xc C:/Freescale/CW MCU v10.6/MCU/ARM_GCC_Support/ewl/lib/armv6-m\librt.a(ROMCopy.o)
 .bss.__global_destructor_chain
                0x1ffff0f0        0x4 C:/Freescale/CW MCU v10.6/MCU/ARM_GCC_Support/ewl/lib/armv6-m\librt.a(__arm_eabi_init.o)
                0x1ffff0f0                __global_destructor_chain
 *(COMMON)
 COMMON         0x1ffff0f4        0x1 ./Generated_Code/Cpu.o
                0x1ffff0f4                SR_reg
                0x1ffff0f8                . = ALIGN (0x4)
 *fill*         0x1ffff0f5        0x3 00
                0x1ffff0f8                __END_BSS = .
                0x1ffff0f8                PROVIDE (__bss_end__, __END_BSS)
                0x00003764                _romp_at = (___ROM_AT + SIZEOF (.data))

.romp           0x1ffff0f8       0x18 load address 0x00003764
                0x00003764                __S_romp = _romp_at
                0x1ffff0f8        0x4 LONG 0x375c ___ROM_AT
                0x1ffff0fc        0x4 LONG 0x1ffff000 _sdata
                0x1ffff100        0x4 LONG 0x8 ___data_size
                0x1ffff104        0x4 LONG 0x0
                0x1ffff108        0x4 LONG 0x0
                0x1ffff10c        0x4 LONG 0x0

._user_heap_stack
                0x1ffff110      0x400 load address 0x0000377c
                0x1ffff110                . = ALIGN (0x4)
                0x1ffff110                PROVIDE (end, .)
                0x1ffff110                PROVIDE (_end, .)
                0x1ffff110                __heap_addr = .
                0x1ffff110                . = (. + __heap_size)
                0x1ffff510                . = (. + __stack_size)
 *fill*         0x1ffff110      0x400 00
                0x1ffff510                . = ALIGN (0x4)

.ARM.attributes
                0x00000000       0x31
 *(.ARM.attributes)
 .ARM.attributes
                0x00000000       0x31 ./Generated_Code/WAIT1.o
 .ARM.attributes
                0x00000031       0x31 ./Generated_Code/Vectors.o
 .ARM.attributes
                0x00000062       0x31 ./Generated_Code/TU1.o
 .ARM.attributes
                0x00000093       0x31 ./Generated_Code/RxBuf.o
 .ARM.attributes
                0x000000c4       0x31 ./Generated_Code/PwmLdd2.o
 .ARM.attributes
                0x000000f5       0x31 ./Generated_Code/PwmLdd1.o
 .ARM.attributes
                0x00000126       0x31 ./Generated_Code/PE_LDD.o
 .ARM.attributes
                0x00000157       0x31 ./Generated_Code/Cpu.o
 .ARM.attributes
                0x00000188       0x31 ./Generated_Code/BitIoLdd3.o
 .ARM.attributes
                0x000001b9       0x31 ./Generated_Code/BitIoLdd2.o
 .ARM.attributes
                0x000001ea       0x31 ./Generated_Code/BitIoLdd1.o
 .ARM.attributes
                0x0000021b       0x31 ./Generated_Code/AS1.o
 .ARM.attributes
                0x0000024c       0x31 ./Project_Settings/Startup_Code/__arm_start.o
 .ARM.attributes
                0x0000027d       0x31 ./Project_Settings/Startup_Code/__arm_end.o
 .ARM.attributes
                0x000002ae       0x31 ./Sources/main.o
 .ARM.attributes
                0x000002df       0x31 ./Sources/Events.o
 .ARM.attributes
                0x00000310       0x31 ./Sources/DebugSerial.o
 .ARM.attributes
                0x00000341       0x31 C:/Freescale/CW MCU v10.6/MCU/ARM_GCC_Support/ewl/lib/armv6-m\libc.a(exit.o)
 .ARM.attributes
                0x00000372       0x31 C:/Freescale/CW MCU v10.6/MCU/ARM_GCC_Support/ewl/lib/armv6-m\libc.a(memset.o)
 .ARM.attributes
                0x000003a3       0x31 C:/Freescale/CW MCU v10.6/MCU/ARM_GCC_Support/ewl/lib/armv6-m\libc.a(printformat_.o)
 .ARM.attributes
                0x000003d4       0x31 C:/Freescale/CW MCU v10.6/MCU/ARM_GCC_Support/ewl/lib/armv6-m\libc.a(scanformat_.o)
 .ARM.attributes
                0x00000405       0x31 C:/Freescale/CW MCU v10.6/MCU/ARM_GCC_Support/ewl/lib/armv6-m\libc.a(ctype_aeabi.o)
 .ARM.attributes
                0x00000436       0x31 C:/Freescale/CW MCU v10.6/MCU/ARM_GCC_Support/ewl/lib/armv6-m\libc.a(__strtoul.o)
 .ARM.attributes
                0x00000467       0x31 C:/Freescale/CW MCU v10.6/MCU/ARM_GCC_Support/ewl/lib/armv6-m\libc.a(__filll_mem.o)
 .ARM.attributes
                0x00000498       0x31 C:/Freescale/CW MCU v10.6/MCU/ARM_GCC_Support/ewl/lib/armv6-m\libc.a(memchr.o)
 .ARM.attributes
                0x000004c9       0x31 C:/Freescale/CW MCU v10.6/MCU/ARM_GCC_Support/ewl/lib/armv6-m\libc.a(memcpy.o)
 .ARM.attributes
                0x000004fa       0x31 C:/Freescale/CW MCU v10.6/MCU/ARM_GCC_Support/ewl/lib/armv6-m\libc.a(strchr.o)
 .ARM.attributes
                0x0000052b       0x31 C:/Freescale/CW MCU v10.6/MCU/ARM_GCC_Support/ewl/lib/armv6-m\libc.a(strlen.o)
 .ARM.attributes
                0x0000055c       0x1e c:/freescale/cw mcu v10.6/cross_tools/arm-none-eabi-gcc-4_7_3/bin/../lib/gcc/arm-none-eabi/4.7.3/armv6-m\libgcc.a(_thumb1_case_sqi.o)
 .ARM.attributes
                0x0000057a       0x1e c:/freescale/cw mcu v10.6/cross_tools/arm-none-eabi-gcc-4_7_3/bin/../lib/gcc/arm-none-eabi/4.7.3/armv6-m\libgcc.a(_thumb1_case_uqi.o)
 .ARM.attributes
                0x00000598       0x1e c:/freescale/cw mcu v10.6/cross_tools/arm-none-eabi-gcc-4_7_3/bin/../lib/gcc/arm-none-eabi/4.7.3/armv6-m\libgcc.a(_udivsi3.o)
 .ARM.attributes
                0x000005b6       0x1e c:/freescale/cw mcu v10.6/cross_tools/arm-none-eabi-gcc-4_7_3/bin/../lib/gcc/arm-none-eabi/4.7.3/armv6-m\libgcc.a(_divsi3.o)
 .ARM.attributes
                0x000005d4       0x1e c:/freescale/cw mcu v10.6/cross_tools/arm-none-eabi-gcc-4_7_3/bin/../lib/gcc/arm-none-eabi/4.7.3/armv6-m\libgcc.a(_dvmd_tls.o)
 .ARM.attributes
                0x000005f2       0x1e c:/freescale/cw mcu v10.6/cross_tools/arm-none-eabi-gcc-4_7_3/bin/../lib/gcc/arm-none-eabi/4.7.3/armv6-m\libgcc.a(_arm_cmpsf2.o)
 .ARM.attributes
                0x00000610       0x2c c:/freescale/cw mcu v10.6/cross_tools/arm-none-eabi-gcc-4_7_3/bin/../lib/gcc/arm-none-eabi/4.7.3/armv6-m\libgcc.a(_fixunssfsi.o)
 .ARM.attributes
                0x0000063c       0x2c c:/freescale/cw mcu v10.6/cross_tools/arm-none-eabi-gcc-4_7_3/bin/../lib/gcc/arm-none-eabi/4.7.3/armv6-m\libgcc.a(eqsf2.o)
 .ARM.attributes
                0x00000668       0x2c c:/freescale/cw mcu v10.6/cross_tools/arm-none-eabi-gcc-4_7_3/bin/../lib/gcc/arm-none-eabi/4.7.3/armv6-m\libgcc.a(gesf2.o)
 .ARM.attributes
                0x00000694       0x2c c:/freescale/cw mcu v10.6/cross_tools/arm-none-eabi-gcc-4_7_3/bin/../lib/gcc/arm-none-eabi/4.7.3/armv6-m\libgcc.a(lesf2.o)
 .ARM.attributes
                0x000006c0       0x2c c:/freescale/cw mcu v10.6/cross_tools/arm-none-eabi-gcc-4_7_3/bin/../lib/gcc/arm-none-eabi/4.7.3/armv6-m\libgcc.a(mulsf3.o)
 .ARM.attributes
                0x000006ec       0x2c c:/freescale/cw mcu v10.6/cross_tools/arm-none-eabi-gcc-4_7_3/bin/../lib/gcc/arm-none-eabi/4.7.3/armv6-m\libgcc.a(subsf3.o)
 .ARM.attributes
                0x00000718       0x2c c:/freescale/cw mcu v10.6/cross_tools/arm-none-eabi-gcc-4_7_3/bin/../lib/gcc/arm-none-eabi/4.7.3/armv6-m\libgcc.a(fixsfsi.o)
 .ARM.attributes
                0x00000744       0x2c c:/freescale/cw mcu v10.6/cross_tools/arm-none-eabi-gcc-4_7_3/bin/../lib/gcc/arm-none-eabi/4.7.3/armv6-m\libgcc.a(floatsisf.o)
 .ARM.attributes
                0x00000770       0x1e c:/freescale/cw mcu v10.6/cross_tools/arm-none-eabi-gcc-4_7_3/bin/../lib/gcc/arm-none-eabi/4.7.3/armv6-m\libgcc.a(_clzsi2.o)
 .ARM.attributes
                0x0000078e       0x31 C:/Freescale/CW MCU v10.6/MCU/ARM_GCC_Support/ewl/lib/armv6-m\librt.a(gcc_ctor_dtor.o)
 .ARM.attributes
                0x000007bf       0x31 C:/Freescale/CW MCU v10.6/MCU/ARM_GCC_Support/ewl/lib/armv6-m\librt.a(ROMCopy.o)
 .ARM.attributes
                0x000007f0       0x31 C:/Freescale/CW MCU v10.6/MCU/ARM_GCC_Support/ewl/lib/armv6-m\librt.a(__arm_eabi_init.o)
OUTPUT(Input_capture.elf elf32-littlearm)

.debug_info     0x00000000     0x54e4
 .debug_info    0x00000000      0x135 ./Generated_Code/WAIT1.o
 .debug_info    0x00000135      0x104 ./Generated_Code/Vectors.o
 .debug_info    0x00000239      0x6f5 ./Generated_Code/TU1.o
 .debug_info    0x0000092e      0x1f0 ./Generated_Code/RxBuf.o
 .debug_info    0x00000b1e      0x2cc ./Generated_Code/PwmLdd2.o
 .debug_info    0x00000dea      0x2cc ./Generated_Code/PwmLdd1.o
 .debug_info    0x000010b6      0x24e ./Generated_Code/PE_LDD.o
 .debug_info    0x00001304      0x906 ./Generated_Code/Cpu.o
 .debug_info    0x00001c0a      0x38b ./Generated_Code/BitIoLdd3.o
 .debug_info    0x00001f95      0x38b ./Generated_Code/BitIoLdd2.o
 .debug_info    0x00002320      0x38b ./Generated_Code/BitIoLdd1.o
 .debug_info    0x000026ab      0x8db ./Generated_Code/AS1.o
 .debug_info    0x00002f86      0x12a ./Project_Settings/Startup_Code/__arm_start.o
 .debug_info    0x000030b0       0x54 ./Project_Settings/Startup_Code/__arm_end.o
 .debug_info    0x00003104      0x146 ./Sources/main.o
 .debug_info    0x0000324a      0x18c ./Sources/Events.o
 .debug_info    0x000033d6      0x4f6 ./Sources/DebugSerial.o
 .debug_info    0x000038cc       0xe8 C:/Freescale/CW MCU v10.6/MCU/ARM_GCC_Support/ewl/lib/armv6-m\libc.a(exit.o)
 .debug_info    0x000039b4       0xec C:/Freescale/CW MCU v10.6/MCU/ARM_GCC_Support/ewl/lib/armv6-m\libc.a(memset.o)
 .debug_info    0x00003aa0      0x50d C:/Freescale/CW MCU v10.6/MCU/ARM_GCC_Support/ewl/lib/armv6-m\libc.a(printformat_.o)
 .debug_info    0x00003fad      0x568 C:/Freescale/CW MCU v10.6/MCU/ARM_GCC_Support/ewl/lib/armv6-m\libc.a(scanformat_.o)
 .debug_info    0x00004515      0x313 C:/Freescale/CW MCU v10.6/MCU/ARM_GCC_Support/ewl/lib/armv6-m\libc.a(ctype_aeabi.o)
 .debug_info    0x00004828      0x1d6 C:/Freescale/CW MCU v10.6/MCU/ARM_GCC_Support/ewl/lib/armv6-m\libc.a(__strtoul.o)
 .debug_info    0x000049fe      0x137 C:/Freescale/CW MCU v10.6/MCU/ARM_GCC_Support/ewl/lib/armv6-m\libc.a(__filll_mem.o)
 .debug_info    0x00004b35      0x121 C:/Freescale/CW MCU v10.6/MCU/ARM_GCC_Support/ewl/lib/armv6-m\libc.a(memchr.o)
 .debug_info    0x00004c56      0x10f C:/Freescale/CW MCU v10.6/MCU/ARM_GCC_Support/ewl/lib/armv6-m\libc.a(memcpy.o)
 .debug_info    0x00004d65      0x10b C:/Freescale/CW MCU v10.6/MCU/ARM_GCC_Support/ewl/lib/armv6-m\libc.a(strchr.o)
 .debug_info    0x00004e70       0xea C:/Freescale/CW MCU v10.6/MCU/ARM_GCC_Support/ewl/lib/armv6-m\libc.a(strlen.o)
 .debug_info    0x00004f5a      0x136 C:/Freescale/CW MCU v10.6/MCU/ARM_GCC_Support/ewl/lib/armv6-m\librt.a(gcc_ctor_dtor.o)
 .debug_info    0x00005090      0x19b C:/Freescale/CW MCU v10.6/MCU/ARM_GCC_Support/ewl/lib/armv6-m\librt.a(ROMCopy.o)
 .debug_info    0x0000522b      0x2b9 C:/Freescale/CW MCU v10.6/MCU/ARM_GCC_Support/ewl/lib/armv6-m\librt.a(__arm_eabi_init.o)

.debug_abbrev   0x00000000     0x1d2d
 .debug_abbrev  0x00000000       0xa3 ./Generated_Code/WAIT1.o
 .debug_abbrev  0x000000a3       0xa3 ./Generated_Code/Vectors.o
 .debug_abbrev  0x00000146      0x17e ./Generated_Code/TU1.o
 .debug_abbrev  0x000002c4       0xe3 ./Generated_Code/RxBuf.o
 .debug_abbrev  0x000003a7      0x114 ./Generated_Code/PwmLdd2.o
 .debug_abbrev  0x000004bb      0x114 ./Generated_Code/PwmLdd1.o
 .debug_abbrev  0x000005cf      0x102 ./Generated_Code/PE_LDD.o
 .debug_abbrev  0x000006d1      0x132 ./Generated_Code/Cpu.o
 .debug_abbrev  0x00000803      0x11c ./Generated_Code/BitIoLdd3.o
 .debug_abbrev  0x0000091f      0x11c ./Generated_Code/BitIoLdd2.o
 .debug_abbrev  0x00000a3b      0x11c ./Generated_Code/BitIoLdd1.o
 .debug_abbrev  0x00000b57      0x1a0 ./Generated_Code/AS1.o
 .debug_abbrev  0x00000cf7       0x92 ./Project_Settings/Startup_Code/__arm_start.o
 .debug_abbrev  0x00000d89       0x4c ./Project_Settings/Startup_Code/__arm_end.o
 .debug_abbrev  0x00000dd5       0xb5 ./Sources/main.o
 .debug_abbrev  0x00000e8a       0xdd ./Sources/Events.o
 .debug_abbrev  0x00000f67      0x198 ./Sources/DebugSerial.o
 .debug_abbrev  0x000010ff       0x7a C:/Freescale/CW MCU v10.6/MCU/ARM_GCC_Support/ewl/lib/armv6-m\libc.a(exit.o)
 .debug_abbrev  0x00001179       0x62 C:/Freescale/CW MCU v10.6/MCU/ARM_GCC_Support/ewl/lib/armv6-m\libc.a(memset.o)
 .debug_abbrev  0x000011db      0x200 C:/Freescale/CW MCU v10.6/MCU/ARM_GCC_Support/ewl/lib/armv6-m\libc.a(printformat_.o)
 .debug_abbrev  0x000013db      0x1f0 C:/Freescale/CW MCU v10.6/MCU/ARM_GCC_Support/ewl/lib/armv6-m\libc.a(scanformat_.o)
 .debug_abbrev  0x000015cb       0x9e C:/Freescale/CW MCU v10.6/MCU/ARM_GCC_Support/ewl/lib/armv6-m\libc.a(ctype_aeabi.o)
 .debug_abbrev  0x00001669       0xc2 C:/Freescale/CW MCU v10.6/MCU/ARM_GCC_Support/ewl/lib/armv6-m\libc.a(__strtoul.o)
 .debug_abbrev  0x0000172b       0x78 C:/Freescale/CW MCU v10.6/MCU/ARM_GCC_Support/ewl/lib/armv6-m\libc.a(__filll_mem.o)
 .debug_abbrev  0x000017a3       0x95 C:/Freescale/CW MCU v10.6/MCU/ARM_GCC_Support/ewl/lib/armv6-m\libc.a(memchr.o)
 .debug_abbrev  0x00001838       0x95 C:/Freescale/CW MCU v10.6/MCU/ARM_GCC_Support/ewl/lib/armv6-m\libc.a(memcpy.o)
 .debug_abbrev  0x000018cd       0x7a C:/Freescale/CW MCU v10.6/MCU/ARM_GCC_Support/ewl/lib/armv6-m\libc.a(strchr.o)
 .debug_abbrev  0x00001947       0x7a C:/Freescale/CW MCU v10.6/MCU/ARM_GCC_Support/ewl/lib/armv6-m\libc.a(strlen.o)
 .debug_abbrev  0x000019c1       0x99 C:/Freescale/CW MCU v10.6/MCU/ARM_GCC_Support/ewl/lib/armv6-m\librt.a(gcc_ctor_dtor.o)
 .debug_abbrev  0x00001a5a      0x120 C:/Freescale/CW MCU v10.6/MCU/ARM_GCC_Support/ewl/lib/armv6-m\librt.a(ROMCopy.o)
 .debug_abbrev  0x00001b7a      0x1b3 C:/Freescale/CW MCU v10.6/MCU/ARM_GCC_Support/ewl/lib/armv6-m\librt.a(__arm_eabi_init.o)

.debug_loc      0x00000000     0x375f
 .debug_loc     0x00000000       0xa8 ./Generated_Code/WAIT1.o
 .debug_loc     0x000000a8      0x150 ./Generated_Code/TU1.o
 .debug_loc     0x000001f8       0xf4 ./Generated_Code/RxBuf.o
 .debug_loc     0x000002ec      0x118 ./Generated_Code/PwmLdd2.o
 .debug_loc     0x00000404      0x118 ./Generated_Code/PwmLdd1.o
 .debug_loc     0x0000051c       0x9c ./Generated_Code/PE_LDD.o
 .debug_loc     0x000005b8       0xb0 ./Generated_Code/Cpu.o
 .debug_loc     0x00000668      0x118 ./Generated_Code/BitIoLdd3.o
 .debug_loc     0x00000780      0x118 ./Generated_Code/BitIoLdd2.o
 .debug_loc     0x00000898      0x118 ./Generated_Code/BitIoLdd1.o
 .debug_loc     0x000009b0      0x230 ./Generated_Code/AS1.o
 .debug_loc     0x00000be0       0x2c ./Project_Settings/Startup_Code/__arm_start.o
 .debug_loc     0x00000c0c       0x38 ./Project_Settings/Startup_Code/__arm_end.o
 .debug_loc     0x00000c44       0x38 ./Sources/main.o
 .debug_loc     0x00000c7c       0x9c ./Sources/Events.o
 .debug_loc     0x00000d18      0x35c ./Sources/DebugSerial.o
 .debug_loc     0x00001074       0x3e C:/Freescale/CW MCU v10.6/MCU/ARM_GCC_Support/ewl/lib/armv6-m\libc.a(exit.o)
 .debug_loc     0x000010b2       0x6f C:/Freescale/CW MCU v10.6/MCU/ARM_GCC_Support/ewl/lib/armv6-m\libc.a(memset.o)
 .debug_loc     0x00001121     0x104b C:/Freescale/CW MCU v10.6/MCU/ARM_GCC_Support/ewl/lib/armv6-m\libc.a(printformat_.o)
 .debug_loc     0x0000216c      0x9d8 C:/Freescale/CW MCU v10.6/MCU/ARM_GCC_Support/ewl/lib/armv6-m\libc.a(scanformat_.o)
 .debug_loc     0x00002b44      0x30d C:/Freescale/CW MCU v10.6/MCU/ARM_GCC_Support/ewl/lib/armv6-m\libc.a(ctype_aeabi.o)
 .debug_loc     0x00002e51      0x305 C:/Freescale/CW MCU v10.6/MCU/ARM_GCC_Support/ewl/lib/armv6-m\libc.a(__strtoul.o)
 .debug_loc     0x00003156      0x14a C:/Freescale/CW MCU v10.6/MCU/ARM_GCC_Support/ewl/lib/armv6-m\libc.a(__filll_mem.o)
 .debug_loc     0x000032a0       0x77 C:/Freescale/CW MCU v10.6/MCU/ARM_GCC_Support/ewl/lib/armv6-m\libc.a(memchr.o)
 .debug_loc     0x00003317       0x59 C:/Freescale/CW MCU v10.6/MCU/ARM_GCC_Support/ewl/lib/armv6-m\libc.a(memcpy.o)
 .debug_loc     0x00003370       0xaf C:/Freescale/CW MCU v10.6/MCU/ARM_GCC_Support/ewl/lib/armv6-m\libc.a(strchr.o)
 .debug_loc     0x0000341f       0x33 C:/Freescale/CW MCU v10.6/MCU/ARM_GCC_Support/ewl/lib/armv6-m\libc.a(strlen.o)
 .debug_loc     0x00003452       0x9d C:/Freescale/CW MCU v10.6/MCU/ARM_GCC_Support/ewl/lib/armv6-m\librt.a(gcc_ctor_dtor.o)
 .debug_loc     0x000034ef       0xd9 C:/Freescale/CW MCU v10.6/MCU/ARM_GCC_Support/ewl/lib/armv6-m\librt.a(ROMCopy.o)
 .debug_loc     0x000035c8      0x197 C:/Freescale/CW MCU v10.6/MCU/ARM_GCC_Support/ewl/lib/armv6-m\librt.a(__arm_eabi_init.o)

.debug_aranges  0x00000000      0x6a8
 .debug_aranges
                0x00000000       0x40 ./Generated_Code/WAIT1.o
 .debug_aranges
                0x00000040       0x18 ./Generated_Code/Vectors.o
 .debug_aranges
                0x00000058       0x48 ./Generated_Code/TU1.o
 .debug_aranges
                0x000000a0       0x40 ./Generated_Code/RxBuf.o
 .debug_aranges
                0x000000e0       0x40 ./Generated_Code/PwmLdd2.o
 .debug_aranges
                0x00000120       0x40 ./Generated_Code/PwmLdd1.o
 .debug_aranges
                0x00000160       0x30 ./Generated_Code/PE_LDD.o
 .debug_aranges
                0x00000190       0x38 ./Generated_Code/Cpu.o
 .debug_aranges
                0x000001c8       0x40 ./Generated_Code/BitIoLdd3.o
 .debug_aranges
                0x00000208       0x40 ./Generated_Code/BitIoLdd2.o
 .debug_aranges
                0x00000248       0x40 ./Generated_Code/BitIoLdd1.o
 .debug_aranges
                0x00000288       0x68 ./Generated_Code/AS1.o
 .debug_aranges
                0x000002f0       0x30 ./Project_Settings/Startup_Code/__arm_start.o
 .debug_aranges
                0x00000320       0x20 ./Project_Settings/Startup_Code/__arm_end.o
 .debug_aranges
                0x00000340       0x20 ./Sources/main.o
 .debug_aranges
                0x00000360       0x30 ./Sources/Events.o
 .debug_aranges
                0x00000390       0x98 ./Sources/DebugSerial.o
 .debug_aranges
                0x00000428       0x20 C:/Freescale/CW MCU v10.6/MCU/ARM_GCC_Support/ewl/lib/armv6-m\libc.a(exit.o)
 .debug_aranges
                0x00000448       0x20 C:/Freescale/CW MCU v10.6/MCU/ARM_GCC_Support/ewl/lib/armv6-m\libc.a(memset.o)
 .debug_aranges
                0x00000468       0x28 C:/Freescale/CW MCU v10.6/MCU/ARM_GCC_Support/ewl/lib/armv6-m\libc.a(printformat_.o)
 .debug_aranges
                0x00000490       0x20 C:/Freescale/CW MCU v10.6/MCU/ARM_GCC_Support/ewl/lib/armv6-m\libc.a(scanformat_.o)
 .debug_aranges
                0x000004b0       0x88 C:/Freescale/CW MCU v10.6/MCU/ARM_GCC_Support/ewl/lib/armv6-m\libc.a(ctype_aeabi.o)
 .debug_aranges
                0x00000538       0x20 C:/Freescale/CW MCU v10.6/MCU/ARM_GCC_Support/ewl/lib/armv6-m\libc.a(__strtoul.o)
 .debug_aranges
                0x00000558       0x20 C:/Freescale/CW MCU v10.6/MCU/ARM_GCC_Support/ewl/lib/armv6-m\libc.a(__filll_mem.o)
 .debug_aranges
                0x00000578       0x20 C:/Freescale/CW MCU v10.6/MCU/ARM_GCC_Support/ewl/lib/armv6-m\libc.a(memchr.o)
 .debug_aranges
                0x00000598       0x20 C:/Freescale/CW MCU v10.6/MCU/ARM_GCC_Support/ewl/lib/armv6-m\libc.a(memcpy.o)
 .debug_aranges
                0x000005b8       0x20 C:/Freescale/CW MCU v10.6/MCU/ARM_GCC_Support/ewl/lib/armv6-m\libc.a(strchr.o)
 .debug_aranges
                0x000005d8       0x20 C:/Freescale/CW MCU v10.6/MCU/ARM_GCC_Support/ewl/lib/armv6-m\libc.a(strlen.o)
 .debug_aranges
                0x000005f8       0x28 C:/Freescale/CW MCU v10.6/MCU/ARM_GCC_Support/ewl/lib/armv6-m\librt.a(gcc_ctor_dtor.o)
 .debug_aranges
                0x00000620       0x30 C:/Freescale/CW MCU v10.6/MCU/ARM_GCC_Support/ewl/lib/armv6-m\librt.a(ROMCopy.o)
 .debug_aranges
                0x00000650       0x58 C:/Freescale/CW MCU v10.6/MCU/ARM_GCC_Support/ewl/lib/armv6-m\librt.a(__arm_eabi_init.o)

.debug_macinfo  0x00000000   0x2e143a
 .debug_macinfo
                0x00000000    0x2e09f ./Generated_Code/WAIT1.o
 .debug_macinfo
                0x0002e09f    0x3200b ./Generated_Code/Vectors.o
 .debug_macinfo
                0x000600aa    0x2ff70 ./Generated_Code/TU1.o
 .debug_macinfo
                0x0009001a    0x2dd7c ./Generated_Code/RxBuf.o
 .debug_macinfo
                0x000bdd96    0x30084 ./Generated_Code/PwmLdd2.o
 .debug_macinfo
                0x000ede1a    0x30084 ./Generated_Code/PwmLdd1.o
 .debug_macinfo
                0x0011de9e    0x31fb7 ./Generated_Code/PE_LDD.o
 .debug_macinfo
                0x0014fe55    0x3200b ./Generated_Code/Cpu.o
 .debug_macinfo
                0x00181e60    0x2ecfe ./Generated_Code/BitIoLdd3.o
 .debug_macinfo
                0x001b0b5e    0x2ed04 ./Generated_Code/BitIoLdd2.o
 .debug_macinfo
                0x001df862    0x2ed04 ./Generated_Code/BitIoLdd1.o
 .debug_macinfo
                0x0020e566    0x358dc ./Generated_Code/AS1.o
 .debug_macinfo
                0x00243e42     0x3e6d ./Project_Settings/Startup_Code/__arm_start.o
 .debug_macinfo
                0x00247caf     0x3456 ./Project_Settings/Startup_Code/__arm_end.o
 .debug_macinfo
                0x0024b105    0x32131 ./Sources/main.o
 .debug_macinfo
                0x0027d236    0x32131 ./Sources/Events.o
 .debug_macinfo
                0x002af367    0x320d3 ./Sources/DebugSerial.o

.debug_line     0x00000000     0x4ba7
 .debug_line    0x00000000      0x274 ./Generated_Code/WAIT1.o
 .debug_line    0x00000274      0x526 ./Generated_Code/Vectors.o
 .debug_line    0x0000079a      0x31b ./Generated_Code/TU1.o
 .debug_line    0x00000ab5      0x283 ./Generated_Code/RxBuf.o
 .debug_line    0x00000d38      0x2ee ./Generated_Code/PwmLdd2.o
 .debug_line    0x00001026      0x2ee ./Generated_Code/PwmLdd1.o
 .debug_line    0x00001314      0x385 ./Generated_Code/PE_LDD.o
 .debug_line    0x00001699      0x594 ./Generated_Code/Cpu.o
 .debug_line    0x00001c2d      0x2d0 ./Generated_Code/BitIoLdd3.o
 .debug_line    0x00001efd      0x2d0 ./Generated_Code/BitIoLdd2.o
 .debug_line    0x000021cd      0x2d0 ./Generated_Code/BitIoLdd1.o
 .debug_line    0x0000249d      0x592 ./Generated_Code/AS1.o
 .debug_line    0x00002a2f      0x2d3 ./Project_Settings/Startup_Code/__arm_start.o
 .debug_line    0x00002d02      0x266 ./Project_Settings/Startup_Code/__arm_end.o
 .debug_line    0x00002f68      0x3f4 ./Sources/main.o
 .debug_line    0x0000335c      0x403 ./Sources/Events.o
 .debug_line    0x0000375f      0x56c ./Sources/DebugSerial.o
 .debug_line    0x00003ccb       0x8d C:/Freescale/CW MCU v10.6/MCU/ARM_GCC_Support/ewl/lib/armv6-m\libc.a(exit.o)
 .debug_line    0x00003d58       0x90 C:/Freescale/CW MCU v10.6/MCU/ARM_GCC_Support/ewl/lib/armv6-m\libc.a(memset.o)
 .debug_line    0x00003de8      0x2c3 C:/Freescale/CW MCU v10.6/MCU/ARM_GCC_Support/ewl/lib/armv6-m\libc.a(printformat_.o)
 .debug_line    0x000040ab      0x2be C:/Freescale/CW MCU v10.6/MCU/ARM_GCC_Support/ewl/lib/armv6-m\libc.a(scanformat_.o)
 .debug_line    0x00004369      0x1be C:/Freescale/CW MCU v10.6/MCU/ARM_GCC_Support/ewl/lib/armv6-m\libc.a(ctype_aeabi.o)
 .debug_line    0x00004527      0x11e C:/Freescale/CW MCU v10.6/MCU/ARM_GCC_Support/ewl/lib/armv6-m\libc.a(__strtoul.o)
 .debug_line    0x00004645       0xf6 C:/Freescale/CW MCU v10.6/MCU/ARM_GCC_Support/ewl/lib/armv6-m\libc.a(__filll_mem.o)
 .debug_line    0x0000473b       0x9f C:/Freescale/CW MCU v10.6/MCU/ARM_GCC_Support/ewl/lib/armv6-m\libc.a(memchr.o)
 .debug_line    0x000047da       0x8b C:/Freescale/CW MCU v10.6/MCU/ARM_GCC_Support/ewl/lib/armv6-m\libc.a(memcpy.o)
 .debug_line    0x00004865       0x7d C:/Freescale/CW MCU v10.6/MCU/ARM_GCC_Support/ewl/lib/armv6-m\libc.a(strchr.o)
 .debug_line    0x000048e2       0x85 C:/Freescale/CW MCU v10.6/MCU/ARM_GCC_Support/ewl/lib/armv6-m\libc.a(strlen.o)
 .debug_line    0x00004967       0x6c C:/Freescale/CW MCU v10.6/MCU/ARM_GCC_Support/ewl/lib/armv6-m\librt.a(gcc_ctor_dtor.o)
 .debug_line    0x000049d3       0xbd C:/Freescale/CW MCU v10.6/MCU/ARM_GCC_Support/ewl/lib/armv6-m\librt.a(ROMCopy.o)
 .debug_line    0x00004a90      0x117 C:/Freescale/CW MCU v10.6/MCU/ARM_GCC_Support/ewl/lib/armv6-m\librt.a(__arm_eabi_init.o)

.debug_str      0x00000000     0x197b
 .debug_str     0x00000000      0x1aa ./Generated_Code/WAIT1.o
                                0x1dc (size before relaxing)
 .debug_str     0x000001aa       0x55 ./Generated_Code/Vectors.o
                                0x1a4 (size before relaxing)
 .debug_str     0x000001ff      0x31d ./Generated_Code/TU1.o
                                0x489 (size before relaxing)
 .debug_str     0x0000051c       0xc0 ./Generated_Code/RxBuf.o
                                0x20e (size before relaxing)
 .debug_str     0x000005dc       0xd4 ./Generated_Code/PwmLdd2.o
                                0x2bb (size before relaxing)
 .debug_str     0x000006b0       0x74 ./Generated_Code/PwmLdd1.o
                                0x2bb (size before relaxing)
 .debug_str     0x00000724      0x172 ./Generated_Code/PE_LDD.o
                                0x307 (size before relaxing)
 .debug_str     0x00000896      0x1ac ./Generated_Code/Cpu.o
                                0x479 (size before relaxing)
 .debug_str     0x00000a42       0xe4 ./Generated_Code/BitIoLdd3.o
                                0x310 (size before relaxing)
 .debug_str     0x00000b26       0xa0 ./Generated_Code/BitIoLdd2.o
                                0x310 (size before relaxing)
 .debug_str     0x00000bc6       0xa0 ./Generated_Code/BitIoLdd1.o
                                0x310 (size before relaxing)
 .debug_str     0x00000c66      0x188 ./Generated_Code/AS1.o
                                0x4dd (size before relaxing)
 .debug_str     0x00000dee       0x85 ./Project_Settings/Startup_Code/__arm_start.o
                                0x1d2 (size before relaxing)
 .debug_str     0x00000e73       0x41 ./Project_Settings/Startup_Code/__arm_end.o
                                0x109 (size before relaxing)
 .debug_str     0x00000eb4       0x63 ./Sources/main.o
                                0x1df (size before relaxing)
 .debug_str     0x00000f17       0x66 ./Sources/Events.o
                                0x1ef (size before relaxing)
 .debug_str     0x00000f7d      0x185 ./Sources/DebugSerial.o
                                0x34c (size before relaxing)
 .debug_str     0x00001102       0x54 C:/Freescale/CW MCU v10.6/MCU/ARM_GCC_Support/ewl/lib/armv6-m\libc.a(exit.o)
                                0x157 (size before relaxing)
 .debug_str     0x00001156       0x23 C:/Freescale/CW MCU v10.6/MCU/ARM_GCC_Support/ewl/lib/armv6-m\libc.a(memset.o)
                                0x140 (size before relaxing)
 .debug_str     0x00001179      0x23b C:/Freescale/CW MCU v10.6/MCU/ARM_GCC_Support/ewl/lib/armv6-m\libc.a(printformat_.o)
                                0x3b3 (size before relaxing)
 .debug_str     0x000013b4      0x184 C:/Freescale/CW MCU v10.6/MCU/ARM_GCC_Support/ewl/lib/armv6-m\libc.a(scanformat_.o)
                                0x3f9 (size before relaxing)
 .debug_str     0x00001538       0x9d C:/Freescale/CW MCU v10.6/MCU/ARM_GCC_Support/ewl/lib/armv6-m\libc.a(ctype_aeabi.o)
                                0x1bc (size before relaxing)
 .debug_str     0x000015d5       0x61 C:/Freescale/CW MCU v10.6/MCU/ARM_GCC_Support/ewl/lib/armv6-m\libc.a(__strtoul.o)
                                0x1fb (size before relaxing)
 .debug_str     0x00001636       0x25 C:/Freescale/CW MCU v10.6/MCU/ARM_GCC_Support/ewl/lib/armv6-m\libc.a(__filll_mem.o)
                                0x152 (size before relaxing)
 .debug_str     0x0000165b       0x1c C:/Freescale/CW MCU v10.6/MCU/ARM_GCC_Support/ewl/lib/armv6-m\libc.a(memchr.o)
                                0x148 (size before relaxing)
 .debug_str     0x00001677       0x1c C:/Freescale/CW MCU v10.6/MCU/ARM_GCC_Support/ewl/lib/armv6-m\libc.a(memcpy.o)
                                0x138 (size before relaxing)
 .debug_str     0x00001693       0x1c C:/Freescale/CW MCU v10.6/MCU/ARM_GCC_Support/ewl/lib/armv6-m\libc.a(strchr.o)
                                0x137 (size before relaxing)
 .debug_str     0x000016af       0x1c C:/Freescale/CW MCU v10.6/MCU/ARM_GCC_Support/ewl/lib/armv6-m\libc.a(strlen.o)
                                0x140 (size before relaxing)
 .debug_str     0x000016cb      0x126 C:/Freescale/CW MCU v10.6/MCU/ARM_GCC_Support/ewl/lib/armv6-m\librt.a(gcc_ctor_dtor.o)
                                0x181 (size before relaxing)
 .debug_str     0x000017f1       0x9c C:/Freescale/CW MCU v10.6/MCU/ARM_GCC_Support/ewl/lib/armv6-m\librt.a(ROMCopy.o)
                                0x13c (size before relaxing)
 .debug_str     0x0000188d       0xee C:/Freescale/CW MCU v10.6/MCU/ARM_GCC_Support/ewl/lib/armv6-m\librt.a(__arm_eabi_init.o)
                                0x1b5 (size before relaxing)

.comment        0x00000000       0x79
 .comment       0x00000000       0x79 ./Generated_Code/WAIT1.o
                                 0x7a (size before relaxing)
 .comment       0x00000000       0x7a ./Generated_Code/Vectors.o
 .comment       0x00000000       0x7a ./Generated_Code/TU1.o
 .comment       0x00000000       0x7a ./Generated_Code/RxBuf.o
 .comment       0x00000000       0x7a ./Generated_Code/PwmLdd2.o
 .comment       0x00000000       0x7a ./Generated_Code/PwmLdd1.o
 .comment       0x00000000       0x7a ./Generated_Code/PE_LDD.o
 .comment       0x00000000       0x7a ./Generated_Code/Cpu.o
 .comment       0x00000000       0x7a ./Generated_Code/BitIoLdd3.o
 .comment       0x00000000       0x7a ./Generated_Code/BitIoLdd2.o
 .comment       0x00000000       0x7a ./Generated_Code/BitIoLdd1.o
 .comment       0x00000000       0x7a ./Generated_Code/AS1.o
 .comment       0x00000000       0x7a ./Project_Settings/Startup_Code/__arm_start.o
 .comment       0x00000000       0x7a ./Project_Settings/Startup_Code/__arm_end.o
 .comment       0x00000000       0x7a ./Sources/main.o
 .comment       0x00000000       0x7a ./Sources/Events.o
 .comment       0x00000000       0x7a ./Sources/DebugSerial.o
 .comment       0x00000000       0x7a C:/Freescale/CW MCU v10.6/MCU/ARM_GCC_Support/ewl/lib/armv6-m\libc.a(exit.o)
 .comment       0x00000000       0x7a C:/Freescale/CW MCU v10.6/MCU/ARM_GCC_Support/ewl/lib/armv6-m\libc.a(memset.o)
 .comment       0x00000000       0x7a C:/Freescale/CW MCU v10.6/MCU/ARM_GCC_Support/ewl/lib/armv6-m\libc.a(printformat_.o)
 .comment       0x00000000       0x7a C:/Freescale/CW MCU v10.6/MCU/ARM_GCC_Support/ewl/lib/armv6-m\libc.a(scanformat_.o)
 .comment       0x00000000       0x7a C:/Freescale/CW MCU v10.6/MCU/ARM_GCC_Support/ewl/lib/armv6-m\libc.a(ctype_aeabi.o)
 .comment       0x00000000       0x7a C:/Freescale/CW MCU v10.6/MCU/ARM_GCC_Support/ewl/lib/armv6-m\libc.a(__strtoul.o)
 .comment       0x00000000       0x7a C:/Freescale/CW MCU v10.6/MCU/ARM_GCC_Support/ewl/lib/armv6-m\libc.a(__filll_mem.o)
 .comment       0x00000000       0x7a C:/Freescale/CW MCU v10.6/MCU/ARM_GCC_Support/ewl/lib/armv6-m\libc.a(memchr.o)
 .comment       0x00000000       0x7a C:/Freescale/CW MCU v10.6/MCU/ARM_GCC_Support/ewl/lib/armv6-m\libc.a(memcpy.o)
 .comment       0x00000000       0x7a C:/Freescale/CW MCU v10.6/MCU/ARM_GCC_Support/ewl/lib/armv6-m\libc.a(strchr.o)
 .comment       0x00000000       0x7a C:/Freescale/CW MCU v10.6/MCU/ARM_GCC_Support/ewl/lib/armv6-m\libc.a(strlen.o)
 .comment       0x00000000       0x7a C:/Freescale/CW MCU v10.6/MCU/ARM_GCC_Support/ewl/lib/armv6-m\librt.a(gcc_ctor_dtor.o)
 .comment       0x00000000       0x7a C:/Freescale/CW MCU v10.6/MCU/ARM_GCC_Support/ewl/lib/armv6-m\librt.a(ROMCopy.o)
 .comment       0x00000000       0x7a C:/Freescale/CW MCU v10.6/MCU/ARM_GCC_Support/ewl/lib/armv6-m\librt.a(__arm_eabi_init.o)

.debug_frame    0x00000000     0x1100
 .debug_frame   0x00000000       0x90 ./Generated_Code/WAIT1.o
 .debug_frame   0x00000090       0xd0 ./Generated_Code/TU1.o
 .debug_frame   0x00000160       0xa4 ./Generated_Code/RxBuf.o
 .debug_frame   0x00000204       0xb0 ./Generated_Code/PwmLdd2.o
 .debug_frame   0x000002b4       0xb0 ./Generated_Code/PwmLdd1.o
 .debug_frame   0x00000364       0x6c ./Generated_Code/PE_LDD.o
 .debug_frame   0x000003d0       0x80 ./Generated_Code/Cpu.o
 .debug_frame   0x00000450       0xb0 ./Generated_Code/BitIoLdd3.o
 .debug_frame   0x00000500       0xb0 ./Generated_Code/BitIoLdd2.o
 .debug_frame   0x000005b0       0xb0 ./Generated_Code/BitIoLdd1.o
 .debug_frame   0x00000660      0x150 ./Generated_Code/AS1.o
 .debug_frame   0x000007b0       0x4c ./Project_Settings/Startup_Code/__arm_start.o
 .debug_frame   0x000007fc       0x30 ./Project_Settings/Startup_Code/__arm_end.o
 .debug_frame   0x0000082c       0x30 ./Sources/main.o
 .debug_frame   0x0000085c       0x6c ./Sources/Events.o
 .debug_frame   0x000008c8      0x204 ./Sources/DebugSerial.o
 .debug_frame   0x00000acc       0x2c C:/Freescale/CW MCU v10.6/MCU/ARM_GCC_Support/ewl/lib/armv6-m\libc.a(exit.o)
 .debug_frame   0x00000af8       0x28 C:/Freescale/CW MCU v10.6/MCU/ARM_GCC_Support/ewl/lib/armv6-m\libc.a(memset.o)
 .debug_frame   0x00000b20       0x54 C:/Freescale/CW MCU v10.6/MCU/ARM_GCC_Support/ewl/lib/armv6-m\libc.a(printformat_.o)
 .debug_frame   0x00000b74       0x34 C:/Freescale/CW MCU v10.6/MCU/ARM_GCC_Support/ewl/lib/armv6-m\libc.a(scanformat_.o)
 .debug_frame   0x00000ba8      0x158 C:/Freescale/CW MCU v10.6/MCU/ARM_GCC_Support/ewl/lib/armv6-m\libc.a(ctype_aeabi.o)
 .debug_frame   0x00000d00       0x30 C:/Freescale/CW MCU v10.6/MCU/ARM_GCC_Support/ewl/lib/armv6-m\libc.a(__strtoul.o)
 .debug_frame   0x00000d30       0x2c C:/Freescale/CW MCU v10.6/MCU/ARM_GCC_Support/ewl/lib/armv6-m\libc.a(__filll_mem.o)
 .debug_frame   0x00000d5c       0x28 C:/Freescale/CW MCU v10.6/MCU/ARM_GCC_Support/ewl/lib/armv6-m\libc.a(memchr.o)
 .debug_frame   0x00000d84       0x28 C:/Freescale/CW MCU v10.6/MCU/ARM_GCC_Support/ewl/lib/armv6-m\libc.a(memcpy.o)
 .debug_frame   0x00000dac       0x28 C:/Freescale/CW MCU v10.6/MCU/ARM_GCC_Support/ewl/lib/armv6-m\libc.a(strchr.o)
 .debug_frame   0x00000dd4       0x28 C:/Freescale/CW MCU v10.6/MCU/ARM_GCC_Support/ewl/lib/armv6-m\libc.a(strlen.o)
 .debug_frame   0x00000dfc       0x20 c:/freescale/cw mcu v10.6/cross_tools/arm-none-eabi-gcc-4_7_3/bin/../lib/gcc/arm-none-eabi/4.7.3/armv6-m\libgcc.a(_udivsi3.o)
 .debug_frame   0x00000e1c       0x20 c:/freescale/cw mcu v10.6/cross_tools/arm-none-eabi-gcc-4_7_3/bin/../lib/gcc/arm-none-eabi/4.7.3/armv6-m\libgcc.a(_divsi3.o)
 .debug_frame   0x00000e3c       0x28 c:/freescale/cw mcu v10.6/cross_tools/arm-none-eabi-gcc-4_7_3/bin/../lib/gcc/arm-none-eabi/4.7.3/armv6-m\libgcc.a(_fixunssfsi.o)
 .debug_frame   0x00000e64       0x2c c:/freescale/cw mcu v10.6/cross_tools/arm-none-eabi-gcc-4_7_3/bin/../lib/gcc/arm-none-eabi/4.7.3/armv6-m\libgcc.a(eqsf2.o)
 .debug_frame   0x00000e90       0x30 c:/freescale/cw mcu v10.6/cross_tools/arm-none-eabi-gcc-4_7_3/bin/../lib/gcc/arm-none-eabi/4.7.3/armv6-m\libgcc.a(gesf2.o)
 .debug_frame   0x00000ec0       0x30 c:/freescale/cw mcu v10.6/cross_tools/arm-none-eabi-gcc-4_7_3/bin/../lib/gcc/arm-none-eabi/4.7.3/armv6-m\libgcc.a(lesf2.o)
 .debug_frame   0x00000ef0       0x3c c:/freescale/cw mcu v10.6/cross_tools/arm-none-eabi-gcc-4_7_3/bin/../lib/gcc/arm-none-eabi/4.7.3/armv6-m\libgcc.a(mulsf3.o)
 .debug_frame   0x00000f2c       0x30 c:/freescale/cw mcu v10.6/cross_tools/arm-none-eabi-gcc-4_7_3/bin/../lib/gcc/arm-none-eabi/4.7.3/armv6-m\libgcc.a(subsf3.o)
 .debug_frame   0x00000f5c       0x28 c:/freescale/cw mcu v10.6/cross_tools/arm-none-eabi-gcc-4_7_3/bin/../lib/gcc/arm-none-eabi/4.7.3/armv6-m\libgcc.a(fixsfsi.o)
 .debug_frame   0x00000f84       0x2c c:/freescale/cw mcu v10.6/cross_tools/arm-none-eabi-gcc-4_7_3/bin/../lib/gcc/arm-none-eabi/4.7.3/armv6-m\libgcc.a(floatsisf.o)
 .debug_frame   0x00000fb0       0x40 C:/Freescale/CW MCU v10.6/MCU/ARM_GCC_Support/ewl/lib/armv6-m\librt.a(gcc_ctor_dtor.o)
 .debug_frame   0x00000ff0       0x54 C:/Freescale/CW MCU v10.6/MCU/ARM_GCC_Support/ewl/lib/armv6-m\librt.a(ROMCopy.o)
 .debug_frame   0x00001044       0xbc C:/Freescale/CW MCU v10.6/MCU/ARM_GCC_Support/ewl/lib/armv6-m\librt.a(__arm_eabi_init.o)
