Archive member included because of file (symbol)

C:/Freescale/CW MCU v10.6/MCU/ARM_GCC_Support/ewl/lib/armv6-m\libc.a(exit.o)
                              ./Project_Settings/Startup_Code/__arm_start.o (exit)
C:/Freescale/CW MCU v10.6/MCU/ARM_GCC_Support/ewl/lib/armv6-m\libc.a(memset.o)
                              ./Project_Settings/Startup_Code/__arm_start.o (memset)
C:/Freescale/CW MCU v10.6/MCU/ARM_GCC_Support/ewl/lib/armv6-m\libc.a(printformat_.o)
                              (__pformatter_)
C:/Freescale/CW MCU v10.6/MCU/ARM_GCC_Support/ewl/lib/armv6-m\libc.a(scanformat_.o)
                              (__sformatter)
C:/Freescale/CW MCU v10.6/MCU/ARM_GCC_Support/ewl/lib/armv6-m\libc.a(ctype_aeabi.o)
                              C:/Freescale/CW MCU v10.6/MCU/ARM_GCC_Support/ewl/lib/armv6-m\libc.a(scanformat_.o) (isspace)
C:/Freescale/CW MCU v10.6/MCU/ARM_GCC_Support/ewl/lib/armv6-m\libc.a(__strtoul.o)
                              C:/Freescale/CW MCU v10.6/MCU/ARM_GCC_Support/ewl/lib/armv6-m\libc.a(scanformat_.o) (__strtoul)
C:/Freescale/CW MCU v10.6/MCU/ARM_GCC_Support/ewl/lib/armv6-m\libc.a(__filll_mem.o)
                              C:/Freescale/CW MCU v10.6/MCU/ARM_GCC_Support/ewl/lib/armv6-m\libc.a(memset.o) (__fill_mem)
C:/Freescale/CW MCU v10.6/MCU/ARM_GCC_Support/ewl/lib/armv6-m\libc.a(memchr.o)
                              C:/Freescale/CW MCU v10.6/MCU/ARM_GCC_Support/ewl/lib/armv6-m\libc.a(printformat_.o) (memchr)
C:/Freescale/CW MCU v10.6/MCU/ARM_GCC_Support/ewl/lib/armv6-m\libc.a(memcpy.o)
                              C:/Freescale/CW MCU v10.6/MCU/ARM_GCC_Support/ewl/lib/armv6-m\libc.a(scanformat_.o) (memcpy)
C:/Freescale/CW MCU v10.6/MCU/ARM_GCC_Support/ewl/lib/armv6-m\libc.a(strchr.o)
                              C:/Freescale/CW MCU v10.6/MCU/ARM_GCC_Support/ewl/lib/armv6-m\libc.a(printformat_.o) (strchr)
C:/Freescale/CW MCU v10.6/MCU/ARM_GCC_Support/ewl/lib/armv6-m\libc.a(strlen.o)
                              C:/Freescale/CW MCU v10.6/MCU/ARM_GCC_Support/ewl/lib/armv6-m\libc.a(printformat_.o) (strlen)
c:/freescale/cw mcu v10.6/cross_tools/arm-none-eabi-gcc-4_7_3/bin/../lib/gcc/arm-none-eabi/4.7.3/armv6-m\libgcc.a(_thumb1_case_sqi.o)
                              C:/Freescale/CW MCU v10.6/MCU/ARM_GCC_Support/ewl/lib/armv6-m\libc.a(__strtoul.o) (__gnu_thumb1_case_sqi)
c:/freescale/cw mcu v10.6/cross_tools/arm-none-eabi-gcc-4_7_3/bin/../lib/gcc/arm-none-eabi/4.7.3/armv6-m\libgcc.a(_thumb1_case_uqi.o)
                              C:/Freescale/CW MCU v10.6/MCU/ARM_GCC_Support/ewl/lib/armv6-m\libc.a(scanformat_.o) (__gnu_thumb1_case_uqi)
c:/freescale/cw mcu v10.6/cross_tools/arm-none-eabi-gcc-4_7_3/bin/../lib/gcc/arm-none-eabi/4.7.3/armv6-m\libgcc.a(_udivsi3.o)
                              C:/Freescale/CW MCU v10.6/MCU/ARM_GCC_Support/ewl/lib/armv6-m\libc.a(printformat_.o) (__aeabi_uidiv)
c:/freescale/cw mcu v10.6/cross_tools/arm-none-eabi-gcc-4_7_3/bin/../lib/gcc/arm-none-eabi/4.7.3/armv6-m\libgcc.a(_divsi3.o)
                              ./Sources/DebugSerial.o (__aeabi_idiv)
c:/freescale/cw mcu v10.6/cross_tools/arm-none-eabi-gcc-4_7_3/bin/../lib/gcc/arm-none-eabi/4.7.3/armv6-m\libgcc.a(_dvmd_tls.o)
                              c:/freescale/cw mcu v10.6/cross_tools/arm-none-eabi-gcc-4_7_3/bin/../lib/gcc/arm-none-eabi/4.7.3/armv6-m\libgcc.a(_udivsi3.o) (__aeabi_idiv0)
c:/freescale/cw mcu v10.6/cross_tools/arm-none-eabi-gcc-4_7_3/bin/../lib/gcc/arm-none-eabi/4.7.3/armv6-m\libgcc.a(_arm_cmpsf2.o)
                              ./Generated_Code/PwmLdd2.o (__aeabi_fcmpgt)
c:/freescale/cw mcu v10.6/cross_tools/arm-none-eabi-gcc-4_7_3/bin/../lib/gcc/arm-none-eabi/4.7.3/armv6-m\libgcc.a(_fixunssfsi.o)
                              ./Generated_Code/PwmLdd2.o (__aeabi_f2uiz)
c:/freescale/cw mcu v10.6/cross_tools/arm-none-eabi-gcc-4_7_3/bin/../lib/gcc/arm-none-eabi/4.7.3/armv6-m\libgcc.a(_fixunsdfsi.o)
                              ./Sources/Application.o (__aeabi_d2uiz)
c:/freescale/cw mcu v10.6/cross_tools/arm-none-eabi-gcc-4_7_3/bin/../lib/gcc/arm-none-eabi/4.7.3/armv6-m\libgcc.a(eqsf2.o)
                              c:/freescale/cw mcu v10.6/cross_tools/arm-none-eabi-gcc-4_7_3/bin/../lib/gcc/arm-none-eabi/4.7.3/armv6-m\libgcc.a(_arm_cmpsf2.o) (__eqsf2)
c:/freescale/cw mcu v10.6/cross_tools/arm-none-eabi-gcc-4_7_3/bin/../lib/gcc/arm-none-eabi/4.7.3/armv6-m\libgcc.a(gesf2.o)
                              c:/freescale/cw mcu v10.6/cross_tools/arm-none-eabi-gcc-4_7_3/bin/../lib/gcc/arm-none-eabi/4.7.3/armv6-m\libgcc.a(_arm_cmpsf2.o) (__gesf2)
c:/freescale/cw mcu v10.6/cross_tools/arm-none-eabi-gcc-4_7_3/bin/../lib/gcc/arm-none-eabi/4.7.3/armv6-m\libgcc.a(lesf2.o)
                              c:/freescale/cw mcu v10.6/cross_tools/arm-none-eabi-gcc-4_7_3/bin/../lib/gcc/arm-none-eabi/4.7.3/armv6-m\libgcc.a(_arm_cmpsf2.o) (__lesf2)
[...]
Memory Configuration

Name             Origin             Length             Attributes
m_interrupts     0x00000000         0x000000c0         xr
m_text           0x00000410         0x0001fbf0         xr
m_data           0x1ffff000         0x00004000         rw
m_cfmprotrom     0x00000400         0x00000010         xr
*default*        0x00000000         0xffffffff

Linker script and memory map

LOAD ./Generated_Code/WAIT1.o
LOAD ./Generated_Code/Vectors.o
LOAD ./Generated_Code/Tacometer_Capture.o
LOAD ./Generated_Code/TU2.o
LOAD ./Generated_Code/TU1.o
LOAD ./Generated_Code/Speed_Capture.o
LOAD ./Generated_Code/Speed.o
LOAD ./Generated_Code/RxBuf.o
LOAD ./Generated_Code/PwmLdd2.o
LOAD ./Generated_Code/PwmLdd1.o
LOAD ./Generated_Code/PE_LDD.o
LOAD ./Generated_Code/LEDpin3.o
LOAD ./Generated_Code/LEDpin2.o
LOAD ./Generated_Code/LEDpin1.o
LOAD ./Generated_Code/LEDR.o
LOAD ./Generated_Code/LEDG.o
LOAD ./Generated_Code/LEDB.o
LOAD ./Generated_Code/Direction_Capture.o
LOAD ./Generated_Code/Direction.o
LOAD ./Generated_Code/Cpu.o
LOAD ./Generated_Code/CheckPoint.o
LOAD ./Generated_Code/BitIoLdd3.o
LOAD ./Generated_Code/BitIoLdd2.o
LOAD ./Generated_Code/BitIoLdd1.o
LOAD ./Generated_Code/AS1.o
LOAD ./Project_Settings/Startup_Code/__arm_start.o
LOAD ./Project_Settings/Startup_Code/__arm_end.o
LOAD ./Sources/sa_mtb.o
LOAD ./Sources/main.o
LOAD ./Sources/Events.o
LOAD ./Sources/DebugSerial.o
LOAD ./Sources/Application.o
                0x00003d18                __pformatter = __pformatter_
                [0x00004140]                __sformatter = __sformatter
START GROUP
LOAD C:/Freescale/CW MCU v10.6/MCU/ARM_GCC_Support/ewl/lib/armv6-m\libc.a
LOAD C:/Freescale/CW MCU v10.6/MCU/ARM_GCC_Support/ewl/lib/armv6-m\libm.a
LOAD c:/freescale/cw mcu v10.6/cross_tools/arm-none-eabi-gcc-4_7_3/bin/../lib/gcc/arm-none-eabi/4.7.3/armv6-m\libgcc.a
LOAD C:/Freescale/CW MCU v10.6/MCU/ARM_GCC_Support/ewl/lib/armv6-m\librt.a
LOAD C:/Freescale/CW MCU v10.6/MCU/ARM_GCC_Support/ewl/lib/armv6-m\libuart.a
END GROUP
                0x20003000                _estack = 0x20003000
                0x20003000                __SP_INIT = _estack
                0x00000000                __heap_size = 0x0
                0x00000400                __stack_size = 0x400

.interrupts     0x00000000       0xc0
                0x00000000                __vector_table = .
                0x00000000                . = ALIGN (0x4)
 *(.vectortable)
 .vectortable   0x00000000       0xc0 ./Generated_Code/Vectors.o
                0x00000000                __vect_table
                0x000000c0                . = ALIGN (0x4)

.cfmprotect     0x00000400       0x10
                0x00000400                . = ALIGN (0x4)
 *(.cfmconfig)
 .cfmconfig     0x00000400       0x10 ./Generated_Code/Cpu.o
                0x00000400                _cfm
                0x00000410                . = ALIGN (0x4)

.text           0x00000410     0x4ad0
                0x00000410                . = ALIGN (0x4)
 *(.text)
 .text          0x00000410       0x14 c:/freescale/cw mcu v10.6/cross_tools/arm-none-eabi-gcc-4_7_3/bin/../lib/gcc/arm-none-eabi/4.7.3/armv6-m\libgcc.a(_thumb1_case_sqi.o)
                0x00000410                __gnu_thumb1_case_sqi
 .text          0x00000424       0x14 c:/freescale/cw mcu v10.6/cross_tools/arm-none-eabi-gcc-4_7_3/bin/../lib/gcc/arm-none-eabi/4.7.3/armv6-m\libgcc.a(_thumb1_case_uqi.o)
                0x00000424                __gnu_thumb1_case_uqi
 .text          0x00000438       0x9c c:/freescale/cw mcu v10.6/cross_tools/arm-none-eabi-gcc-4_7_3/bin/../lib/gcc/arm-none-eabi/4.7.3/armv6-m\libgcc.a(_udivsi3.o)
                0x00000438                __aeabi_uidiv
                0x00000438                __udivsi3
                0x000004c0                __aeabi_uidivmod
 .text          0x000004d4       0xc0 c:/freescale/cw mcu v10.6/cross_tools/arm-none-eabi-gcc-4_7_3/bin/../lib/gcc/arm-none-eabi/4.7.3/armv6-m\libgcc.a(_divsi3.o)
                0x000004d4                __divsi3
                0x000004d4                __aeabi_idiv
                0x00000580                __aeabi_idivmod
 .text          0x00000594        0x4 c:/freescale/cw mcu v10.6/cross_tools/arm-none-eabi-gcc-4_7_3/bin/../lib/gcc/arm-none-eabi/4.7.3/armv6-m\libgcc.a(_dvmd_tls.o)
                0x00000594                __aeabi_idiv0
                0x00000594                __aeabi_ldiv0
 .text          0x00000598       0x74 c:/freescale/cw mcu v10.6/cross_tools/arm-none-eabi-gcc-4_7_3/bin/../lib/gcc/arm-none-eabi/4.7.3/armv6-m\libgcc.a(_arm_cmpsf2.o)
                0x00000598                __aeabi_cfrcmple
                0x000005a0                __aeabi_cfcmpeq
                0x000005a0                __aeabi_cfcmple
                0x000005b0                __aeabi_fcmpeq
                0x000005bc                __aeabi_fcmplt
                0x000005d0                __aeabi_fcmple
                0x000005e4                __aeabi_fcmpgt
                0x000005f8                __aeabi_fcmpge
 .text          0x0000060c       0x30 c:/freescale/cw mcu v10.6/cross_tools/arm-none-eabi-gcc-4_7_3/bin/../lib/gcc/arm-none-eabi/4.7.3/armv6-m\libgcc.a(_fixunssfsi.o)
                0x0000060c                __fixunssfsi
                0x0000060c                __aeabi_f2uiz
 *fill*         0x0000063c        0x4 00
 .text          0x00000640       0x40 c:/freescale/cw mcu v10.6/cross_tools/arm-none-eabi-gcc-4_7_3/bin/../lib/gcc/arm-none-eabi/4.7.3/armv6-m\libgcc.a(_fixunsdfsi.o)
                0x00000640                __aeabi_d2uiz
                0x00000640                __fixunsdfsi
 .text          0x00000680       0x50 c:/freescale/cw mcu v10.6/cross_tools/arm-none-eabi-gcc-4_7_3/bin/../lib/gcc/arm-none-eabi/4.7.3/armv6-m\libgcc.a(eqsf2.o)
                0x00000680                __eqsf2
                0x00000680                __nesf2
 .text          0x000006d0       0x90 c:/freescale/cw mcu v10.6/cross_tools/arm-none-eabi-gcc-4_7_3/bin/../lib/gcc/arm-none-eabi/4.7.3/armv6-m\libgcc.a(gesf2.o)
                0x000006d0                __gesf2
                0x000006d0                __gtsf2
 .text          0x00000760       0x90 c:/freescale/cw mcu v10.6/cross_tools/arm-none-eabi-gcc-4_7_3/bin/../lib/gcc/arm-none-eabi/4.7.3/armv6-m\libgcc.a(lesf2.o)
                0x00000760                __ltsf2
                0x00000760                __lesf2
 .text          0x000007f0      0x260 c:/freescale/cw mcu v10.6/cross_tools/arm-none-eabi-gcc-4_7_3/bin/../lib/gcc/arm-none-eabi/4.7.3/armv6-m\libgcc.a(mulsf3.o)
                0x000007f0                __aeabi_fmul
 .text          0x00000a50      0x3ac c:/freescale/cw mcu v10.6/cross_tools/arm-none-eabi-gcc-4_7_3/bin/../lib/gcc/arm-none-eabi/4.7.3/armv6-m\libgcc.a(subsf3.o)
                0x00000a50                __aeabi_fsub
 .text          0x00000dfc       0x40 c:/freescale/cw mcu v10.6/cross_tools/arm-none-eabi-gcc-4_7_3/bin/../lib/gcc/arm-none-eabi/4.7.3/armv6-m\libgcc.a(fixsfsi.o)
                0x00000dfc                __aeabi_f2iz
 .text          0x00000e3c       0xa8 c:/freescale/cw mcu v10.6/cross_tools/arm-none-eabi-gcc-4_7_3/bin/../lib/gcc/arm-none-eabi/4.7.3/armv6-m\libgcc.a(floatsisf.o)
                0x00000e3c                __aeabi_i2f
 .text          0x00000ee4      0x4e4 c:/freescale/cw mcu v10.6/cross_tools/arm-none-eabi-gcc-4_7_3/bin/../lib/gcc/arm-none-eabi/4.7.3/armv6-m\libgcc.a(muldf3.o)
                0x00000ee4                __aeabi_dmul
 .text          0x000013c8      0x6f8 c:/freescale/cw mcu v10.6/cross_tools/arm-none-eabi-gcc-4_7_3/bin/../lib/gcc/arm-none-eabi/4.7.3/armv6-m\libgcc.a(subdf3.o)
                0x000013c8                __aeabi_dsub
 .text          0x00001ac0       0x68 c:/freescale/cw mcu v10.6/cross_tools/arm-none-eabi-gcc-4_7_3/bin/../lib/gcc/arm-none-eabi/4.7.3/armv6-m\libgcc.a(fixdfsi.o)
                0x00001ac0                __aeabi_d2iz
 .text          0x00001b28       0x64 c:/freescale/cw mcu v10.6/cross_tools/arm-none-eabi-gcc-4_7_3/bin/../lib/gcc/arm-none-eabi/4.7.3/armv6-m\libgcc.a(floatunsidf.o)
                0x00001b28                __aeabi_ui2d
 .text          0x00001b8c       0x7c c:/freescale/cw mcu v10.6/cross_tools/arm-none-eabi-gcc-4_7_3/bin/../lib/gcc/arm-none-eabi/4.7.3/armv6-m\libgcc.a(_arm_cmpdf2.o)
                0x00001b8c                __aeabi_cdrcmple
                0x00001b9c                __aeabi_cdcmple
                0x00001b9c                __aeabi_cdcmpeq
                0x00001bac                __aeabi_dcmpeq
                0x00001bb8                __aeabi_dcmplt
                0x00001bcc                __aeabi_dcmple
                0x00001be0                __aeabi_dcmpgt
                0x00001bf4                __aeabi_dcmpge
 .text          0x00001c08       0x3c c:/freescale/cw mcu v10.6/cross_tools/arm-none-eabi-gcc-4_7_3/bin/../lib/gcc/arm-none-eabi/4.7.3/armv6-m\libgcc.a(_clzsi2.o)
                0x00001c08                __clzsi2
 .text          0x00001c44       0x7c c:/freescale/cw mcu v10.6/cross_tools/arm-none-eabi-gcc-4_7_3/bin/../lib/gcc/arm-none-eabi/4.7.3/armv6-m\libgcc.a(eqdf2.o)
                0x00001c44                __nedf2
                0x00001c44                __eqdf2
 .text          0x00001cc0       0xe8 c:/freescale/cw mcu v10.6/cross_tools/arm-none-eabi-gcc-4_7_3/bin/../lib/gcc/arm-none-eabi/4.7.3/armv6-m\libgcc.a(gedf2.o)
                0x00001cc0                __gedf2
                0x00001cc0                __gtdf2
 .text          0x00001da8       0xd8 c:/freescale/cw mcu v10.6/cross_tools/arm-none-eabi-gcc-4_7_3/bin/../lib/gcc/arm-none-eabi/4.7.3/armv6-m\libgcc.a(ledf2.o)
                0x00001da8                __ledf2
                0x00001da8                __ltdf2
 *(.text*)
 .text.TU2_OnChannel2
                0x00001e80       0x2c ./Generated_Code/Tacometer_Capture.o
                0x00001e80                TU2_OnChannel2
 .text.TU2_Init
                0x00001eac      0x148 ./Generated_Code/TU2.o
                0x00001eac                TU2_Init
 .text.TU2_GetCounterValue
                0x00001ff4       0x1c ./Generated_Code/TU2.o
                0x00001ff4                TU2_GetCounterValue
 .text.TU2_GetCaptureValue
                0x00002010       0x64 ./Generated_Code/TU2.o
                0x00002010                TU2_GetCaptureValue
 .text.TU2_SelectCaptureEdge
                0x00002074      0x120 ./Generated_Code/TU2.o
                0x00002074                TU2_SelectCaptureEdge
 .text.TU2_Interrupt
                0x00002194      0x11c ./Generated_Code/TU2.o
                0x00002194                TU2_Interrupt
 .text.TU1_Init
                0x000022b0       0xe4 ./Generated_Code/TU1.o
                0x000022b0                TU1_Init
 .text.TU1_GetPeriodTicks
                0x00002394       0x3c ./Generated_Code/TU1.o
                0x00002394                TU1_GetPeriodTicks
 .text.TU1_SetOffsetTicks
                0x000023d0       0x58 ./Generated_Code/TU1.o
                0x000023d0                TU1_SetOffsetTicks
 .text.Speed_Capture_Init
                0x00002428       0x74 ./Generated_Code/Speed_Capture.o
                0x00002428                Speed_Capture_Init
 .text.Speed_Capture_Reset
                0x0000249c       0x28 ./Generated_Code/Speed_Capture.o
                0x0000249c                Speed_Capture_Reset
 .text.Speed_Capture_GetCaptureValue
                0x000024c4       0x4c ./Generated_Code/Speed_Capture.o
                0x000024c4                Speed_Capture_GetCaptureValue
 .text.TU2_OnChannel1
                0x00002510       0x2c ./Generated_Code/Speed_Capture.o
                0x00002510                TU2_OnChannel1
 .text.RxBuf_Put
                0x0000253c       0xc0 ./Generated_Code/RxBuf.o
                0x0000253c                RxBuf_Put
 .text.RxBuf_Init
                0x000025fc       0x28 ./Generated_Code/RxBuf.o
                0x000025fc                RxBuf_Init
 .text.PwmLdd2_Init
                0x00002624       0x58 ./Generated_Code/PwmLdd2.o
                0x00002624                PwmLdd2_Init
 .text.PwmLdd2_SetDutyUS
                0x0000267c       0x7c ./Generated_Code/PwmLdd2.o
                0x0000267c                PwmLdd2_SetDutyUS
 .text.SetRatio
                0x000026f8       0x68 ./Generated_Code/PwmLdd2.o
 .text.PwmLdd1_Init
                0x00002760       0x58 ./Generated_Code/PwmLdd1.o
                0x00002760                PwmLdd1_Init
 .text.PwmLdd1_SetDutyUS
                0x000027b8       0x7c ./Generated_Code/PwmLdd1.o
                0x000027b8                PwmLdd1_SetDutyUS
 .text.SetRatio
                0x00002834       0x68 ./Generated_Code/PwmLdd1.o
 .text.Direction_Capture_GetCaptureValue
                0x0000289c       0x4c ./Generated_Code/Direction_Capture.o
                0x0000289c                Direction_Capture_GetCaptureValue
 .text.TU2_OnChannel0
                0x000028e8       0x2c ./Generated_Code/Direction_Capture.o
                0x000028e8                TU2_OnChannel0
 .text.Cpu_INT_NMIInterrupt
                0x00002914        0xc ./Generated_Code/Cpu.o
                0x00002914                Cpu_INT_NMIInterrupt
 .text.Cpu_Interrupt
                0x00002920        0xc ./Generated_Code/Cpu.o
                0x00002920                Cpu_Interrupt
 .text.__init_hardware
                0x0000292c      0x110 ./Generated_Code/Cpu.o
                0x0000292c                __init_hardware
 .text.PE_low_level_init
                0x00002a3c      0x118 ./Generated_Code/Cpu.o
                0x00002a3c                PE_low_level_init
 .text.CheckPoint_Init
                0x00002b54      0x15c ./Generated_Code/CheckPoint.o
                0x00002b54                CheckPoint_Init
 .text.InterruptRx
                0x00002cb0       0x58 ./Generated_Code/CheckPoint.o
 .text.InterruptTx
                0x00002d08       0x9c ./Generated_Code/CheckPoint.o
 .text.CheckPoint_Interrupt
                0x00002da4       0xa4 ./Generated_Code/CheckPoint.o
                0x00002da4                CheckPoint_Interrupt
 .text.BitIoLdd3_Init
                0x00002e48       0x60 ./Generated_Code/BitIoLdd3.o
                0x00002e48                BitIoLdd3_Init
 .text.BitIoLdd3_SetVal
                0x00002ea8       0x18 ./Generated_Code/BitIoLdd3.o
                0x00002ea8                BitIoLdd3_SetVal
 .text.BitIoLdd3_NegVal
                0x00002ec0       0x18 ./Generated_Code/BitIoLdd3.o
                0x00002ec0                BitIoLdd3_NegVal
 .text.BitIoLdd2_Init
                0x00002ed8       0x64 ./Generated_Code/BitIoLdd2.o
                0x00002ed8                BitIoLdd2_Init
 .text.BitIoLdd2_SetVal
                0x00002f3c       0x1c ./Generated_Code/BitIoLdd2.o
                0x00002f3c                BitIoLdd2_SetVal
 .text.BitIoLdd1_Init
                0x00002f58       0x64 ./Generated_Code/BitIoLdd1.o
                0x00002f58                BitIoLdd1_Init
 .text.BitIoLdd1_SetVal
                0x00002fbc       0x1c ./Generated_Code/BitIoLdd1.o
                0x00002fbc                BitIoLdd1_SetVal
 .text.AS1_Init
                0x00002fd8      0x1b0 ./Generated_Code/AS1.o
                0x00002fd8                AS1_Init
 .text.AS1_ReceiveBlock
                0x00003188       0x98 ./Generated_Code/AS1.o
                0x00003188                AS1_ReceiveBlock
 .text.AS1_SendBlock
                0x00003220       0xd4 ./Generated_Code/AS1.o
                0x00003220                AS1_SendBlock
 .text.InterruptRx
                0x000032f4       0x58 ./Generated_Code/AS1.o
 .text.InterruptTx
                0x0000334c       0x9c ./Generated_Code/AS1.o
 .text.AS1_Interrupt
                0x000033e8       0xa8 ./Generated_Code/AS1.o
                0x000033e8                AS1_Interrupt
 .text.zero_fill_bss
                0x00003490       0x24 ./Project_Settings/Startup_Code/__arm_start.o
 .text.__thumb_startup
                0x000034b4       0x30 ./Project_Settings/Startup_Code/__arm_start.o
                0x000034b4                __thumb_startup
 .text._ExitProcess
                0x000034e4        0xc ./Project_Settings/Startup_Code/__arm_end.o
                0x000034e4                _ExitProcess
 .text.main     0x000034f0      0x148 ./Sources/main.o
                0x000034f0                main
 .text.Cpu_OnNMIINT
                0x00003638        0x8 ./Sources/Events.o
                0x00003638                Cpu_OnNMIINT
 .text.AS1_OnBlockReceived
                0x00003640       0x30 ./Sources/Events.o
                0x00003640                AS1_OnBlockReceived
 .text.AS1_OnBlockSent
                0x00003670       0x18 ./Sources/Events.o
                0x00003670                AS1_OnBlockSent
 .text.Speed_Capture_OnCapture
                0x00003688       0x30 ./Sources/Events.o
                0x00003688                Speed_Capture_OnCapture
 .text.CheckPoint_OnBlockReceived
                0x000036b8       0x10 ./Sources/Events.o
                0x000036b8                CheckPoint_OnBlockReceived
 .text.CheckPoint_OnBlockSent
                0x000036c8       0x10 ./Sources/Events.o
                0x000036c8                CheckPoint_OnBlockSent
 .text.Tacometer_Capture_OnCapture
                0x000036d8       0x10 ./Sources/Events.o
                0x000036d8                Tacometer_Capture_OnCapture
 .text.Direction_Capture_OnCapture
                0x000036e8       0x30 ./Sources/Events.o
                0x000036e8                Direction_Capture_OnCapture
 .text.itoaDebug
                0x00003718       0x9c ./Sources/DebugSerial.o
                0x00003718                itoaDebug
 .text.debugStringGreen
                0x000037b4       0x40 ./Sources/DebugSerial.o
                0x000037b4                debugStringGreen
 .text.debugStringRed
                0x000037f4       0x40 ./Sources/DebugSerial.o
                0x000037f4                debugStringRed
 .text.debugString
                0x00003834       0x20 ./Sources/DebugSerial.o
                0x00003834                debugString
 .text.SendChar
                0x00003854       0x40 ./Sources/DebugSerial.o
                0x00003854                SendChar
 .text.SendString
                0x00003894       0x30 ./Sources/DebugSerial.o
                0x00003894                SendString
 .text.InitSerial
                0x000038c4       0x50 ./Sources/DebugSerial.o
                0x000038c4                InitSerial
 .text.startSerial
                0x00003914       0x50 ./Sources/DebugSerial.o
                0x00003914                startSerial
 .text.initBufferCommnad
                0x00003964       0x50 ./Sources/DebugSerial.o
                0x00003964                initBufferCommnad
 *fill*         0x000039b4        0x4 00
 .text.Set_New_Speed
                0x000039b8      0x180 ./Sources/Application.o
                0x000039b8                Set_New_Speed
 .text.exit     0x00003b38       0x38 C:/Freescale/CW MCU v10.6/MCU/ARM_GCC_Support/ewl/lib/armv6-m\libc.a(exit.o)
                0x00003b38                exit
 .text.memset   0x00003b70        0xc C:/Freescale/CW MCU v10.6/MCU/ARM_GCC_Support/ewl/lib/armv6-m\libc.a(memset.o)
                0x00003b70                memset
 .text.long2str.isra.0
                0x00003b7c      0x19c C:/Freescale/CW MCU v10.6/MCU/ARM_GCC_Support/ewl/lib/armv6-m\libc.a(printformat_.o)
 .text.__pformatter_
                0x00003d18      0x428 C:/Freescale/CW MCU v10.6/MCU/ARM_GCC_Support/ewl/lib/armv6-m\libc.a(printformat_.o)
                0x00003d18                __pformatter_
 .text.__sformatter
                0x00004140      0x698 C:/Freescale/CW MCU v10.6/MCU/ARM_GCC_Support/ewl/lib/armv6-m\libc.a(scanformat_.o)
                0x00004140                __sformatter
 .text.isalpha  0x000047d8       0x20 C:/Freescale/CW MCU v10.6/MCU/ARM_GCC_Support/ewl/lib/armv6-m\libc.a(ctype_aeabi.o)
                0x000047d8                isalpha
 .text.isspace  0x000047f8       0x20 C:/Freescale/CW MCU v10.6/MCU/ARM_GCC_Support/ewl/lib/armv6-m\libc.a(ctype_aeabi.o)
                0x000047f8                isspace
 .text.toupper  0x00004818        0xe C:/Freescale/CW MCU v10.6/MCU/ARM_GCC_Support/ewl/lib/armv6-m\libc.a(ctype_aeabi.o)
                0x00004818                toupper
 .text.__strtoul
                0x00004826      0x1ce C:/Freescale/CW MCU v10.6/MCU/ARM_GCC_Support/ewl/lib/armv6-m\libc.a(__strtoul.o)
                0x00004826                __strtoul
 .text.__fill_mem
                0x000049f4       0x7e C:/Freescale/CW MCU v10.6/MCU/ARM_GCC_Support/ewl/lib/armv6-m\libc.a(__filll_mem.o)
                0x000049f4                __fill_mem
 .text.memchr   0x00004a72       0x1a C:/Freescale/CW MCU v10.6/MCU/ARM_GCC_Support/ewl/lib/armv6-m\libc.a(memchr.o)
                0x00004a72                memchr
 .text.memcpy   0x00004a8c       0x12 C:/Freescale/CW MCU v10.6/MCU/ARM_GCC_Support/ewl/lib/armv6-m\libc.a(memcpy.o)
                0x00004a8c                memcpy
 .text.strchr   0x00004a9e       0x1e C:/Freescale/CW MCU v10.6/MCU/ARM_GCC_Support/ewl/lib/armv6-m\libc.a(strchr.o)
                0x00004a9e                strchr
 .text.strlen   0x00004abc       0x10 C:/Freescale/CW MCU v10.6/MCU/ARM_GCC_Support/ewl/lib/armv6-m\libc.a(strlen.o)
                0x00004abc                strlen
 .text.__init_cpp
                0x00004acc       0x48 C:/Freescale/CW MCU v10.6/MCU/ARM_GCC_Support/ewl/lib/armv6-m\librt.a(gcc_ctor_dtor.o)
                0x00004acc                __init_cpp
 .text.__fini_cpp
                0x00004b14       0x34 C:/Freescale/CW MCU v10.6/MCU/ARM_GCC_Support/ewl/lib/armv6-m\librt.a(gcc_ctor_dtor.o)
                0x00004b14                __fini_cpp
 .text.__copy_rom_section
                0x00004b48       0x48 C:/Freescale/CW MCU v10.6/MCU/ARM_GCC_Support/ewl/lib/armv6-m\librt.a(ROMCopy.o)
                0x00004b48                __copy_rom_section
 .text.__copy_rom_sections_to_ram
                0x00004b90       0x34 C:/Freescale/CW MCU v10.6/MCU/ARM_GCC_Support/ewl/lib/armv6-m\librt.a(ROMCopy.o)
                0x00004b90                __copy_rom_sections_to_ram
 .text.__destroy_global_chain
                0x00004bc4       0x1c C:/Freescale/CW MCU v10.6/MCU/ARM_GCC_Support/ewl/lib/armv6-m\librt.a(__arm_eabi_init.o)
                0x00004bc4                __destroy_global_chain
 .text.__init_registers
                0x00004be0       0x1c C:/Freescale/CW MCU v10.6/MCU/ARM_GCC_Support/ewl/lib/armv6-m\librt.a(__arm_eabi_init.o)
                0x00004be0                __init_registers
 .text.__init_user
                0x00004bfc        0x4 C:/Freescale/CW MCU v10.6/MCU/ARM_GCC_Support/ewl/lib/armv6-m\librt.a(__arm_eabi_init.o)
                0x00004bfc                __init_user
 *(.rodata)
 .rodata        0x00004c00       0x28 ./Sources/main.o
 .rodata        0x00004c28       0xf0 ./Sources/DebugSerial.o
 .rodata        0x00004d18       0x2c ./Sources/Application.o
 .rodata        0x00004d44       0x40 c:/freescale/cw mcu v10.6/cross_tools/arm-none-eabi-gcc-4_7_3/bin/../lib/gcc/arm-none-eabi/4.7.3/armv6-m\libgcc.a(mulsf3.o)
 .rodata        0x00004d84       0x40 c:/freescale/cw mcu v10.6/cross_tools/arm-none-eabi-gcc-4_7_3/bin/../lib/gcc/arm-none-eabi/4.7.3/armv6-m\libgcc.a(muldf3.o)
 *(.rodata*)
 .rodata.ChannelDevice
                0x00004dc4        0x4 ./Generated_Code/TU2.o
 .rodata.ChannelMode
                0x00004dc8        0x4 ./Generated_Code/TU2.o
 .rodata.ChannelDevice
                0x00004dcc        0x4 ./Generated_Code/TU1.o
 .rodata.ChannelMode
                0x00004dd0        0x4 ./Generated_Code/TU1.o
 .rodata.str1.1
                0x00004dd4        0x1 C:/Freescale/CW MCU v10.6/MCU/ARM_GCC_Support/ewl/lib/armv6-m\libc.a(printformat_.o)
 .rodata.CSWTCH.20
                0x00004dd5        0x5 C:/Freescale/CW MCU v10.6/MCU/ARM_GCC_Support/ewl/lib/armv6-m\libc.a(printformat_.o)
 .rodata.CSWTCH.21
                0x00004dda        0x5 C:/Freescale/CW MCU v10.6/MCU/ARM_GCC_Support/ewl/lib/armv6-m\libc.a(printformat_.o)
 .rodata.__aeabi_ctype_table_C
                0x00004ddf      0x101 C:/Freescale/CW MCU v10.6/MCU/ARM_GCC_Support/ewl/lib/armv6-m\libc.a(ctype_aeabi.o)
                0x00004ddf                __aeabi_ctype_table_C
 *(.glue_7)
 .glue_7        0x00000000        0x0 linker stubs
 *(.glue_7t)
 .glue_7t       0x00000000        0x0 linker stubs
 *(.eh_frame)
 *(.init)
 *(.fini)
                0x00004ee0                . = ALIGN (0x4)
                0x00004ee0                _etext = .

.vfp11_veneer   0x00004ee0        0x0
 .vfp11_veneer  0x00000000        0x0 linker stubs

.v4_bx          0x00004ee0        0x0
 .v4_bx         0x00000000        0x0 linker stubs

.iplt           0x00004ee0        0x0
 .iplt          0x00000000        0x0 ./Generated_Code/WAIT1.o

.rel.dyn        0x00004ee0        0x0
 .rel.iplt      0x00000000        0x0 ./Generated_Code/WAIT1.o

.ARM.extab
 *(.ARM.extab* .gnu.linkonce.armextab.*)

.ARM            0x00004ee0        0x0
                0x00004ee0                __exidx_start = .
 *(.ARM.exidx*)
                0x00004ee0                __exidx_end = .

.ctors          0x00004ee0        0x0
                0x00004ee0                __CTOR_LIST__ = .
 *crtbegin.o(.ctors)
 *(EXCLUDE_FILE(*crtend.o) .ctors)
 *(SORT(.ctors.*))
 *(.ctors)
                0x00004ee0                __CTOR_END__ = .

.dtors          0x00004ee0        0x0
                0x00004ee0                __DTOR_LIST__ = .
 *crtbegin.o(.dtors)
 *(EXCLUDE_FILE(*crtend.o) .dtors)
 *(SORT(.dtors.*))
 *(.dtors)
                0x00004ee0                __DTOR_END__ = .

.preinit_array  0x00004ee0        0x0
                0x00004ee0                PROVIDE (__preinit_array_start, .)
 *(.preinit_array*)
                0x00004ee0                PROVIDE (__preinit_array_end, .)

.init_array     0x00004ee0        0x0
                0x00004ee0                PROVIDE (__init_array_start, .)
 *(SORT(.init_array.*))
 *(.init_array*)
                0x00004ee0                PROVIDE (__init_array_end, .)

.fini_array     0x00004ee0        0x0
                0x00004ee0                PROVIDE (__fini_array_start, .)
 *(SORT(.fini_array.*))
 *(.fini_array*)
                0x00004ee0                PROVIDE (__fini_array_end, .)
                0x00004ee0                ___ROM_AT = .

.mtb            0x1ffff000        0x0
                0x1ffff000                . = ALIGN (0x8)
                0x1ffff000                _mtb_start = .
 *(.mtb_buf)
                0x1ffff000                . = ALIGN (0x8)
                0x1ffff000                _mtb_end = .

.data           0x1ffff000        0x8 load address 0x00004ee0
                0x1ffff000                . = ALIGN (0x4)
                0x1ffff000                _sdata = .
 *(.data)
 *(.data*)
 .data.movement
                0x1ffff000        0x8 ./Sources/DebugSerial.o
                0x1ffff000                movement
                0x1ffff008                . = ALIGN (0x4)
                0x1ffff008                _edata = .
                0x00000008                ___data_size = (_edata - _sdata)

.igot.plt       0x1ffff008        0x0 load address 0x00004ee8
 .igot.plt      0x00000000        0x0 ./Generated_Code/WAIT1.o
                0x1ffff008                . = ALIGN (0x4)

.bss            0x1ffff008      0x178 load address 0x00004ee8
                0x1ffff008                __START_BSS = .
                0x1ffff008                PROVIDE (__bss_start__, __START_BSS)
 *(.bss)
 *(.bss*)
 .bss.DeviceDataPrv__DEFAULT_RTOS_ALLOC
                0x1ffff008        0xc ./Generated_Code/TU2.o
 .bss.INT_TPM0__DEFAULT_RTOS_ISRPARAM
                0x1ffff014        0x4 ./Generated_Code/TU2.o
 .bss.DeviceDataPrv__DEFAULT_RTOS_ALLOC
                0x1ffff018        0x8 ./Generated_Code/TU1.o
 .bss.DeviceDataPrv__DEFAULT_RTOS_ALLOC
                0x1ffff020       0x10 ./Generated_Code/Speed_Capture.o
 .bss.RxBuf_buffer
                0x1ffff030       0x40 ./Generated_Code/RxBuf.o
 .bss.RxBuf_inIdx
                0x1ffff070        0x1 ./Generated_Code/RxBuf.o
 .bss.RxBuf_outIdx
                0x1ffff071        0x1 ./Generated_Code/RxBuf.o
 .bss.RxBuf_inSize
                0x1ffff072        0x1 ./Generated_Code/RxBuf.o
 *fill*         0x1ffff073        0x1 00
 .bss.DeviceDataPrv__DEFAULT_RTOS_ALLOC
                0x1ffff074        0xc ./Generated_Code/PwmLdd2.o
 .bss.DeviceDataPrv__DEFAULT_RTOS_ALLOC
                0x1ffff080        0xc ./Generated_Code/PwmLdd1.o
 .bss.PE_LDD_DeviceDataList
                0x1ffff08c       0x30 ./Generated_Code/PE_LDD.o
                0x1ffff08c                PE_LDD_DeviceDataList
 .bss.SR_lock   0x1ffff0bc        0x1 ./Generated_Code/Cpu.o
                0x1ffff0bc                SR_lock
 *fill*         0x1ffff0bd        0x3 00
 .bss.DeviceDataPrv__DEFAULT_RTOS_ALLOC
                0x1ffff0c0       0x18 ./Generated_Code/CheckPoint.o
 .bss.INT_UART1__DEFAULT_RTOS_ISRPARAM
                0x1ffff0d8        0x4 ./Generated_Code/CheckPoint.o
 .bss.DeviceDataPrv__DEFAULT_RTOS_ALLOC
                0x1ffff0dc        0x4 ./Generated_Code/BitIoLdd3.o
 .bss.DeviceDataPrv__DEFAULT_RTOS_ALLOC
                0x1ffff0e0        0x4 ./Generated_Code/BitIoLdd2.o
 .bss.DeviceDataPrv__DEFAULT_RTOS_ALLOC
                0x1ffff0e4        0x4 ./Generated_Code/BitIoLdd1.o
 .bss.DeviceDataPrv__DEFAULT_RTOS_ALLOC
                0x1ffff0e8       0x18 ./Generated_Code/AS1.o
 .bss.INT_UART0__DEFAULT_RTOS_ISRPARAM
                0x1ffff100        0x4 ./Generated_Code/AS1.o
 .bss.argv      0x1ffff104        0x4 ./Project_Settings/Startup_Code/__arm_start.o
 .bss.deviceData
                0x1ffff108        0xc ./Sources/DebugSerial.o
 .bss.bufferCommand
                0x1ffff114       0x14 ./Sources/DebugSerial.o
 .bss.indexCommand
                0x1ffff128        0x1 ./Sources/DebugSerial.o
 .bss.commandInterpreted
                0x1ffff129        0x1 ./Sources/DebugSerial.o
 *fill*         0x1ffff12a        0x2 00
 .bss.DataSpeedCaptureOld.5852
                0x1ffff12c        0x4 ./Sources/Application.o
 .bss.timeHighSpeed.5847
                0x1ffff130        0x4 ./Sources/Application.o
 .bss.timeLowSpeed.5848
                0x1ffff134        0x4 ./Sources/Application.o
 .bss.counterPrint.5851
                0x1ffff138        0x4 ./Sources/Application.o
 .bss.__stdio_exit
                0x1ffff13c        0x4 C:/Freescale/CW MCU v10.6/MCU/ARM_GCC_Support/ewl/lib/armv6-m\libc.a(exit.o)
                0x1ffff13c                __stdio_exit
 .bss.__console_exit
                0x1ffff140        0x4 C:/Freescale/CW MCU v10.6/MCU/ARM_GCC_Support/ewl/lib/armv6-m\libc.a(exit.o)
                0x1ffff140                __console_exit
 .bss.__S_romp  0x1ffff144        0xc C:/Freescale/CW MCU v10.6/MCU/ARM_GCC_Support/ewl/lib/armv6-m\librt.a(ROMCopy.o)
 .bss.__global_destructor_chain
                0x1ffff150        0x4 C:/Freescale/CW MCU v10.6/MCU/ARM_GCC_Support/ewl/lib/armv6-m\librt.a(__arm_eabi_init.o)
                0x1ffff150                __global_destructor_chain
 *(COMMON)
 COMMON         0x1ffff154        0x1 ./Generated_Code/Cpu.o
                0x1ffff154                SR_reg
 *fill*         0x1ffff155        0x3 00
 COMMON         0x1ffff158       0x28 ./Sources/main.o
                0x1ffff158                ErrorDirectionCapture
                0x1ffff15c                DataDirectionCaptureOld
                0x1ffff160                FlagDirectionCapture
                0x1ffff164                DirectionCapture
                0x1ffff168                DataSpeedCaptureOld
                0x1ffff16c                DataDirectionCapture
                0x1ffff170                FlagSpeedCapture
                0x1ffff174                DataSpeedCapture
                0x1ffff178                ErrorSpeedCapture
                0x1ffff17c                SpeedCapture
                0x1ffff180                . = ALIGN (0x4)
                0x1ffff180                __END_BSS = .
                0x1ffff180                PROVIDE (__bss_end__, __END_BSS)
                0x00004ee8                _romp_at = (___ROM_AT + SIZEOF (.data))

.romp           0x1ffff180       0x18 load address 0x00004ee8
                0x00004ee8                __S_romp = _romp_at
                0x1ffff180        0x4 LONG 0x4ee0 ___ROM_AT
                0x1ffff184        0x4 LONG 0x1ffff000 _sdata
                0x1ffff188        0x4 LONG 0x8 ___data_size
                0x1ffff18c        0x4 LONG 0x0
                0x1ffff190        0x4 LONG 0x0
                0x1ffff194        0x4 LONG 0x0

._user_heap_stack
                0x1ffff198      0x400 load address 0x00004f00
                0x1ffff198                . = ALIGN (0x4)
                0x1ffff198                PROVIDE (end, .)
                0x1ffff198                PROVIDE (_end, .)
                0x1ffff198                __heap_addr = .
                0x1ffff198                . = (. + __heap_size)
                0x1ffff598                . = (. + __stack_size)
 *fill*         0x1ffff198      0x400 00
                0x1ffff598                . = ALIGN (0x4)

.ARM.attributes
                0x00000000       0x31
 *(.ARM.attributes)
 .ARM.attributes
                0x00000000       0x31 ./Generated_Code/Vectors.o
 .ARM.attributes
                0x00000031       0x31 ./Generated_Code/Tacometer_Capture.o
 .ARM.attributes
                0x00000062       0x31 ./Generated_Code/TU2.o
 .ARM.attributes
                0x00000093       0x31 ./Generated_Code/TU1.o
 .ARM.attributes
                0x000000c4       0x31 ./Generated_Code/Speed_Capture.o
 .ARM.attributes
                0x000000f5       0x31 ./Generated_Code/RxBuf.o
 .ARM.attributes
                0x00000126       0x31 ./Generated_Code/PwmLdd2.o
 .ARM.attributes
                0x00000157       0x31 ./Generated_Code/PwmLdd1.o
 .ARM.attributes
                0x00000188       0x31 ./Generated_Code/PE_LDD.o
 .ARM.attributes
                0x000001b9       0x31 ./Generated_Code/Direction_Capture.o
 .ARM.attributes
                0x000001ea       0x31 ./Generated_Code/Cpu.o
 .ARM.attributes
                0x0000021b       0x31 ./Generated_Code/CheckPoint.o
 .ARM.attributes
                0x0000024c       0x31 ./Generated_Code/BitIoLdd3.o
 .ARM.attributes
                0x0000027d       0x31 ./Generated_Code/BitIoLdd2.o
 .ARM.attributes
                0x000002ae       0x31 ./Generated_Code/BitIoLdd1.o
 .ARM.attributes
                0x000002df       0x31 ./Generated_Code/AS1.o
 .ARM.attributes
                0x00000310       0x31 ./Project_Settings/Startup_Code/__arm_start.o
 .ARM.attributes
                0x00000341       0x31 ./Project_Settings/Startup_Code/__arm_end.o
 .ARM.attributes
                0x00000372       0x31 ./Sources/main.o
 .ARM.attributes
                0x000003a3       0x31 ./Sources/Events.o
 .ARM.attributes
                0x000003d4       0x31 ./Sources/DebugSerial.o
 .ARM.attributes
                0x00000405       0x31 ./Sources/Application.o
 .ARM.attributes
                0x00000436       0x31 C:/Freescale/CW MCU v10.6/MCU/ARM_GCC_Support/ewl/lib/armv6-m\libc.a(exit.o)
 .ARM.attributes
                0x00000467       0x31 C:/Freescale/CW MCU v10.6/MCU/ARM_GCC_Support/ewl/lib/armv6-m\libc.a(memset.o)
 .ARM.attributes
                0x00000498       0x31 C:/Freescale/CW MCU v10.6/MCU/ARM_GCC_Support/ewl/lib/armv6-m\libc.a(printformat_.o)
 .ARM.attributes
                0x000004c9       0x31 C:/Freescale/CW MCU v10.6/MCU/ARM_GCC_Support/ewl/lib/armv6-m\libc.a(scanformat_.o)
 .ARM.attributes
                0x000004fa       0x31 C:/Freescale/CW MCU v10.6/MCU/ARM_GCC_Support/ewl/lib/armv6-m\libc.a(ctype_aeabi.o)
 .ARM.attributes
                0x0000052b       0x31 C:/Freescale/CW MCU v10.6/MCU/ARM_GCC_Support/ewl/lib/armv6-m\libc.a(__strtoul.o)
 .ARM.attributes
                0x0000055c       0x31 C:/Freescale/CW MCU v10.6/MCU/ARM_GCC_Support/ewl/lib/armv6-m\libc.a(__filll_mem.o)
 .ARM.attributes
                0x0000058d       0x31 C:/Freescale/CW MCU v10.6/MCU/ARM_GCC_Support/ewl/lib/armv6-m\libc.a(memchr.o)
 .ARM.attributes
                0x000005be       0x31 C:/Freescale/CW MCU v10.6/MCU/ARM_GCC_Support/ewl/lib/armv6-m\libc.a(memcpy.o)
 .ARM.attributes
                0x000005ef       0x31 C:/Freescale/CW MCU v10.6/MCU/ARM_GCC_Support/ewl/lib/armv6-m\libc.a(strchr.o)
 .ARM.attributes
                0x00000620       0x31 C:/Freescale/CW MCU v10.6/MCU/ARM_GCC_Support/ewl/lib/armv6-m\libc.a(strlen.o)
 .ARM.attributes
                0x00000651       0x1e c:/freescale/cw mcu v10.6/cross_tools/arm-none-eabi-gcc-4_7_3/bin/../lib/gcc/arm-none-eabi/4.7.3/armv6-m\libgcc.a(_thumb1_case_sqi.o)
 .ARM.attributes
                0x0000066f       0x1e c:/freescale/cw mcu v10.6/cross_tools/arm-none-eabi-gcc-4_7_3/bin/../lib/gcc/arm-none-eabi/4.7.3/armv6-m\libgcc.a(_thumb1_case_uqi.o)
 .ARM.attributes
                0x0000068d       0x1e c:/freescale/cw mcu v10.6/cross_tools/arm-none-eabi-gcc-4_7_3/bin/../lib/gcc/arm-none-eabi/4.7.3/armv6-m\libgcc.a(_udivsi3.o)
 .ARM.attributes
                0x000006ab       0x1e c:/freescale/cw mcu v10.6/cross_tools/arm-none-eabi-gcc-4_7_3/bin/../lib/gcc/arm-none-eabi/4.7.3/armv6-m\libgcc.a(_divsi3.o)
 .ARM.attributes
                0x000006c9       0x1e c:/freescale/cw mcu v10.6/cross_tools/arm-none-eabi-gcc-4_7_3/bin/../lib/gcc/arm-none-eabi/4.7.3/armv6-m\libgcc.a(_dvmd_tls.o)
 .ARM.attributes
                0x000006e7       0x1e c:/freescale/cw mcu v10.6/cross_tools/arm-none-eabi-gcc-4_7_3/bin/../lib/gcc/arm-none-eabi/4.7.3/armv6-m\libgcc.a(_arm_cmpsf2.o)
 .ARM.attributes
                0x00000705       0x2c c:/freescale/cw mcu v10.6/cross_tools/arm-none-eabi-gcc-4_7_3/bin/../lib/gcc/arm-none-eabi/4.7.3/armv6-m\libgcc.a(_fixunssfsi.o)
 .ARM.attributes
                0x00000731       0x2c c:/freescale/cw mcu v10.6/cross_tools/arm-none-eabi-gcc-4_7_3/bin/../lib/gcc/arm-none-eabi/4.7.3/armv6-m\libgcc.a(_fixunsdfsi.o)
 .ARM.attributes
                0x0000075d       0x2c c:/freescale/cw mcu v10.6/cross_tools/arm-none-eabi-gcc-4_7_3/bin/../lib/gcc/arm-none-eabi/4.7.3/armv6-m\libgcc.a(eqsf2.o)
 .ARM.attributes
                0x00000789       0x2c c:/freescale/cw mcu v10.6/cross_tools/arm-none-eabi-gcc-4_7_3/bin/../lib/gcc/arm-none-eabi/4.7.3/armv6-m\libgcc.a(gesf2.o)
 .ARM.attributes
                0x000007b5       0x2c c:/freescale/cw mcu v10.6/cross_tools/arm-none-eabi-gcc-4_7_3/bin/../lib/gcc/arm-none-eabi/4.7.3/armv6-m\libgcc.a(lesf2.o)
 .ARM.attributes
                0x000007e1       0x2c c:/freescale/cw mcu v10.6/cross_tools/arm-none-eabi-gcc-4_7_3/bin/../lib/gcc/arm-none-eabi/4.7.3/armv6-m\libgcc.a(mulsf3.o)
 .ARM.attributes
                0x0000080d       0x2c c:/freescale/cw mcu v10.6/cross_tools/arm-none-eabi-gcc-4_7_3/bin/../lib/gcc/arm-none-eabi/4.7.3/armv6-m\libgcc.a(subsf3.o)
 .ARM.attributes
                0x00000839       0x2c c:/freescale/cw mcu v10.6/cross_tools/arm-none-eabi-gcc-4_7_3/bin/../lib/gcc/arm-none-eabi/4.7.3/armv6-m\libgcc.a(fixsfsi.o)
 .ARM.attributes
                0x00000865       0x2c c:/freescale/cw mcu v10.6/cross_tools/arm-none-eabi-gcc-4_7_3/bin/../lib/gcc/arm-none-eabi/4.7.3/armv6-m\libgcc.a(floatsisf.o)
 .ARM.attributes
                0x00000891       0x2c c:/freescale/cw mcu v10.6/cross_tools/arm-none-eabi-gcc-4_7_3/bin/../lib/gcc/arm-none-eabi/4.7.3/armv6-m\libgcc.a(muldf3.o)
 .ARM.attributes
                0x000008bd       0x2c c:/freescale/cw mcu v10.6/cross_tools/arm-none-eabi-gcc-4_7_3/bin/../lib/gcc/arm-none-eabi/4.7.3/armv6-m\libgcc.a(subdf3.o)
 .ARM.attributes
                0x000008e9       0x2c c:/freescale/cw mcu v10.6/cross_tools/arm-none-eabi-gcc-4_7_3/bin/../lib/gcc/arm-none-eabi/4.7.3/armv6-m\libgcc.a(fixdfsi.o)
 .ARM.attributes
                0x00000915       0x2c c:/freescale/cw mcu v10.6/cross_tools/arm-none-eabi-gcc-4_7_3/bin/../lib/gcc/arm-none-eabi/4.7.3/armv6-m\libgcc.a(floatunsidf.o)
 .ARM.attributes
                0x00000941       0x1e c:/freescale/cw mcu v10.6/cross_tools/arm-none-eabi-gcc-4_7_3/bin/../lib/gcc/arm-none-eabi/4.7.3/armv6-m\libgcc.a(_arm_cmpdf2.o)
 .ARM.attributes
                0x0000095f       0x1e c:/freescale/cw mcu v10.6/cross_tools/arm-none-eabi-gcc-4_7_3/bin/../lib/gcc/arm-none-eabi/4.7.3/armv6-m\libgcc.a(_clzsi2.o)
 .ARM.attributes
                0x0000097d       0x2c c:/freescale/cw mcu v10.6/cross_tools/arm-none-eabi-gcc-4_7_3/bin/../lib/gcc/arm-none-eabi/4.7.3/armv6-m\libgcc.a(eqdf2.o)
 .ARM.attributes
                0x000009a9       0x2c c:/freescale/cw mcu v10.6/cross_tools/arm-none-eabi-gcc-4_7_3/bin/../lib/gcc/arm-none-eabi/4.7.3/armv6-m\libgcc.a(gedf2.o)
 .ARM.attributes
                0x000009d5       0x2c c:/freescale/cw mcu v10.6/cross_tools/arm-none-eabi-gcc-4_7_3/bin/../lib/gcc/arm-none-eabi/4.7.3/armv6-m\libgcc.a(ledf2.o)
 .ARM.attributes
                0x00000a01       0x31 C:/Freescale/CW MCU v10.6/MCU/ARM_GCC_Support/ewl/lib/armv6-m\librt.a(gcc_ctor_dtor.o)
 .ARM.attributes
                0x00000a32       0x31 C:/Freescale/CW MCU v10.6/MCU/ARM_GCC_Support/ewl/lib/armv6-m\librt.a(ROMCopy.o)
 .ARM.attributes
                0x00000a63       0x31 C:/Freescale/CW MCU v10.6/MCU/ARM_GCC_Support/ewl/lib/armv6-m\librt.a(__arm_eabi_init.o)
OUTPUT(Input_capture.elf elf32-littlearm)

.debug_info     0x00000000     0x7318
 .debug_info    0x00000000      0x104 ./Generated_Code/Vectors.o
 .debug_info    0x00000104      0x368 ./Generated_Code/Tacometer_Capture.o
 .debug_info    0x0000046c      0x856 ./Generated_Code/TU2.o
 .debug_info    0x00000cc2      0x6f5 ./Generated_Code/TU1.o
 .debug_info    0x000013b7      0x368 ./Generated_Code/Speed_Capture.o
 .debug_info    0x0000171f      0x1f0 ./Generated_Code/RxBuf.o
 .debug_info    0x0000190f      0x2cc ./Generated_Code/PwmLdd2.o
 .debug_info    0x00001bdb      0x2cc ./Generated_Code/PwmLdd1.o
 .debug_info    0x00001ea7      0x24e ./Generated_Code/PE_LDD.o
 .debug_info    0x000020f5      0x368 ./Generated_Code/Direction_Capture.o
 .debug_info    0x0000245d      0x906 ./Generated_Code/Cpu.o
 .debug_info    0x00002d63      0x8af ./Generated_Code/CheckPoint.o
 .debug_info    0x00003612      0x38b ./Generated_Code/BitIoLdd3.o
 .debug_info    0x0000399d      0x38b ./Generated_Code/BitIoLdd2.o
 .debug_info    0x00003d28      0x38b ./Generated_Code/BitIoLdd1.o
 .debug_info    0x000040b3      0x8db ./Generated_Code/AS1.o
 .debug_info    0x0000498e      0x12a ./Project_Settings/Startup_Code/__arm_start.o
 .debug_info    0x00004ab8       0x54 ./Project_Settings/Startup_Code/__arm_end.o
 .debug_info    0x00004b0c      0x21c ./Sources/main.o
 .debug_info    0x00004d28      0x2d1 ./Sources/Events.o
 .debug_info    0x00004ff9      0x521 ./Sources/DebugSerial.o
 .debug_info    0x0000551a      0x1e6 ./Sources/Application.o
 .debug_info    0x00005700       0xe8 C:/Freescale/CW MCU v10.6/MCU/ARM_GCC_Support/ewl/lib/armv6-m\libc.a(exit.o)
 .debug_info    0x000057e8       0xec C:/Freescale/CW MCU v10.6/MCU/ARM_GCC_Support/ewl/lib/armv6-m\libc.a(memset.o)
 .debug_info    0x000058d4      0x50d C:/Freescale/CW MCU v10.6/MCU/ARM_GCC_Support/ewl/lib/armv6-m\libc.a(printformat_.o)
 .debug_info    0x00005de1      0x568 C:/Freescale/CW MCU v10.6/MCU/ARM_GCC_Support/ewl/lib/armv6-m\libc.a(scanformat_.o)
 .debug_info    0x00006349      0x313 C:/Freescale/CW MCU v10.6/MCU/ARM_GCC_Support/ewl/lib/armv6-m\libc.a(ctype_aeabi.o)
 .debug_info    0x0000665c      0x1d6 C:/Freescale/CW MCU v10.6/MCU/ARM_GCC_Support/ewl/lib/armv6-m\libc.a(__strtoul.o)
 .debug_info    0x00006832      0x137 C:/Freescale/CW MCU v10.6/MCU/ARM_GCC_Support/ewl/lib/armv6-m\libc.a(__filll_mem.o)
 .debug_info    0x00006969      0x121 C:/Freescale/CW MCU v10.6/MCU/ARM_GCC_Support/ewl/lib/armv6-m\libc.a(memchr.o)
 .debug_info    0x00006a8a      0x10f C:/Freescale/CW MCU v10.6/MCU/ARM_GCC_Support/ewl/lib/armv6-m\libc.a(memcpy.o)
 .debug_info    0x00006b99      0x10b C:/Freescale/CW MCU v10.6/MCU/ARM_GCC_Support/ewl/lib/armv6-m\libc.a(strchr.o)
 .debug_info    0x00006ca4       0xea C:/Freescale/CW MCU v10.6/MCU/ARM_GCC_Support/ewl/lib/armv6-m\libc.a(strlen.o)
 .debug_info    0x00006d8e      0x136 C:/Freescale/CW MCU v10.6/MCU/ARM_GCC_Support/ewl/lib/armv6-m\librt.a(gcc_ctor_dtor.o)
 .debug_info    0x00006ec4      0x19b C:/Freescale/CW MCU v10.6/MCU/ARM_GCC_Support/ewl/lib/armv6-m\librt.a(ROMCopy.o)
 .debug_info    0x0000705f      0x2b9 C:/Freescale/CW MCU v10.6/MCU/ARM_GCC_Support/ewl/lib/armv6-m\librt.a(__arm_eabi_init.o)

.debug_abbrev   0x00000000     0x23e0
 .debug_abbrev  0x00000000       0xa3 ./Generated_Code/Vectors.o
 .debug_abbrev  0x000000a3      0x12c ./Generated_Code/Tacometer_Capture.o
 .debug_abbrev  0x000001cf      0x19e ./Generated_Code/TU2.o
 .debug_abbrev  0x0000036d      0x17e ./Generated_Code/TU1.o
 .debug_abbrev  0x000004eb      0x12c ./Generated_Code/Speed_Capture.o
 .debug_abbrev  0x00000617       0xe3 ./Generated_Code/RxBuf.o
 .debug_abbrev  0x000006fa      0x114 ./Generated_Code/PwmLdd2.o
 .debug_abbrev  0x0000080e      0x114 ./Generated_Code/PwmLdd1.o
 .debug_abbrev  0x00000922      0x102 ./Generated_Code/PE_LDD.o
 .debug_abbrev  0x00000a24      0x12c ./Generated_Code/Direction_Capture.o
 .debug_abbrev  0x00000b50      0x132 ./Generated_Code/Cpu.o
 .debug_abbrev  0x00000c82      0x1a0 ./Generated_Code/CheckPoint.o
 .debug_abbrev  0x00000e22      0x11c ./Generated_Code/BitIoLdd3.o
 .debug_abbrev  0x00000f3e      0x11c ./Generated_Code/BitIoLdd2.o
 .debug_abbrev  0x0000105a      0x11c ./Generated_Code/BitIoLdd1.o
 .debug_abbrev  0x00001176      0x1a0 ./Generated_Code/AS1.o
 .debug_abbrev  0x00001316       0x92 ./Project_Settings/Startup_Code/__arm_start.o
 .debug_abbrev  0x000013a8       0x4c ./Project_Settings/Startup_Code/__arm_end.o
 .debug_abbrev  0x000013f4       0xcd ./Sources/main.o
 .debug_abbrev  0x000014c1       0xea ./Sources/Events.o
 .debug_abbrev  0x000015ab      0x170 ./Sources/DebugSerial.o
 .debug_abbrev  0x0000171b       0x97 ./Sources/Application.o
 .debug_abbrev  0x000017b2       0x7a C:/Freescale/CW MCU v10.6/MCU/ARM_GCC_Support/ewl/lib/armv6-m\libc.a(exit.o)
 .debug_abbrev  0x0000182c       0x62 C:/Freescale/CW MCU v10.6/MCU/ARM_GCC_Support/ewl/lib/armv6-m\libc.a(memset.o)
 .debug_abbrev  0x0000188e      0x200 C:/Freescale/CW MCU v10.6/MCU/ARM_GCC_Support/ewl/lib/armv6-m\libc.a(printformat_.o)
 .debug_abbrev  0x00001a8e      0x1f0 C:/Freescale/CW MCU v10.6/MCU/ARM_GCC_Support/ewl/lib/armv6-m\libc.a(scanformat_.o)
 .debug_abbrev  0x00001c7e       0x9e C:/Freescale/CW MCU v10.6/MCU/ARM_GCC_Support/ewl/lib/armv6-m\libc.a(ctype_aeabi.o)
 .debug_abbrev  0x00001d1c       0xc2 C:/Freescale/CW MCU v10.6/MCU/ARM_GCC_Support/ewl/lib/armv6-m\libc.a(__strtoul.o)
 .debug_abbrev  0x00001dde       0x78 C:/Freescale/CW MCU v10.6/MCU/ARM_GCC_Support/ewl/lib/armv6-m\libc.a(__filll_mem.o)
 .debug_abbrev  0x00001e56       0x95 C:/Freescale/CW MCU v10.6/MCU/ARM_GCC_Support/ewl/lib/armv6-m\libc.a(memchr.o)
 .debug_abbrev  0x00001eeb       0x95 C:/Freescale/CW MCU v10.6/MCU/ARM_GCC_Support/ewl/lib/armv6-m\libc.a(memcpy.o)
 .debug_abbrev  0x00001f80       0x7a C:/Freescale/CW MCU v10.6/MCU/ARM_GCC_Support/ewl/lib/armv6-m\libc.a(strchr.o)
 .debug_abbrev  0x00001ffa       0x7a C:/Freescale/CW MCU v10.6/MCU/ARM_GCC_Support/ewl/lib/armv6-m\libc.a(strlen.o)
 .debug_abbrev  0x00002074       0x99 C:/Freescale/CW MCU v10.6/MCU/ARM_GCC_Support/ewl/lib/armv6-m\librt.a(gcc_ctor_dtor.o)
 .debug_abbrev  0x0000210d      0x120 C:/Freescale/CW MCU v10.6/MCU/ARM_GCC_Support/ewl/lib/armv6-m\librt.a(ROMCopy.o)
 .debug_abbrev  0x0000222d      0x1b3 C:/Freescale/CW MCU v10.6/MCU/ARM_GCC_Support/ewl/lib/armv6-m\librt.a(__arm_eabi_init.o)

.debug_aranges  0x00000000      0x868
 .debug_aranges
                0x00000000       0x18 ./Generated_Code/Vectors.o
 .debug_aranges
                0x00000018       0x50 ./Generated_Code/Tacometer_Capture.o
 .debug_aranges
                0x00000068       0x50 ./Generated_Code/TU2.o
 .debug_aranges
                0x000000b8       0x48 ./Generated_Code/TU1.o
 .debug_aranges
                0x00000100       0x50 ./Generated_Code/Speed_Capture.o
 .debug_aranges
                0x00000150       0x40 ./Generated_Code/RxBuf.o
 .debug_aranges
                0x00000190       0x40 ./Generated_Code/PwmLdd2.o
 .debug_aranges
                0x000001d0       0x40 ./Generated_Code/PwmLdd1.o
 .debug_aranges
                0x00000210       0x30 ./Generated_Code/PE_LDD.o
 .debug_aranges
                0x00000240       0x50 ./Generated_Code/Direction_Capture.o
 .debug_aranges
                0x00000290       0x38 ./Generated_Code/Cpu.o
 .debug_aranges
                0x000002c8       0x68 ./Generated_Code/CheckPoint.o
 .debug_aranges
                0x00000330       0x40 ./Generated_Code/BitIoLdd3.o
 .debug_aranges
                0x00000370       0x40 ./Generated_Code/BitIoLdd2.o
 .debug_aranges
                0x000003b0       0x40 ./Generated_Code/BitIoLdd1.o
 .debug_aranges
                0x000003f0       0x68 ./Generated_Code/AS1.o
 .debug_aranges
                0x00000458       0x30 ./Project_Settings/Startup_Code/__arm_start.o
 .debug_aranges
                0x00000488       0x20 ./Project_Settings/Startup_Code/__arm_end.o
 .debug_aranges
                0x000004a8       0x20 ./Sources/main.o
 .debug_aranges
                0x000004c8       0x58 ./Sources/Events.o
 .debug_aranges
                0x00000520       0xa0 ./Sources/DebugSerial.o
 .debug_aranges
                0x000005c0       0x28 ./Sources/Application.o
 .debug_aranges
                0x000005e8       0x20 C:/Freescale/CW MCU v10.6/MCU/ARM_GCC_Support/ewl/lib/armv6-m\libc.a(exit.o)
 .debug_aranges
                0x00000608       0x20 C:/Freescale/CW MCU v10.6/MCU/ARM_GCC_Support/ewl/lib/armv6-m\libc.a(memset.o)
 .debug_aranges
                0x00000628       0x28 C:/Freescale/CW MCU v10.6/MCU/ARM_GCC_Support/ewl/lib/armv6-m\libc.a(printformat_.o)
 .debug_aranges
                0x00000650       0x20 C:/Freescale/CW MCU v10.6/MCU/ARM_GCC_Support/ewl/lib/armv6-m\libc.a(scanformat_.o)
 .debug_aranges
                0x00000670       0x88 C:/Freescale/CW MCU v10.6/MCU/ARM_GCC_Support/ewl/lib/armv6-m\libc.a(ctype_aeabi.o)
 .debug_aranges
                0x000006f8       0x20 C:/Freescale/CW MCU v10.6/MCU/ARM_GCC_Support/ewl/lib/armv6-m\libc.a(__strtoul.o)
 .debug_aranges
                0x00000718       0x20 C:/Freescale/CW MCU v10.6/MCU/ARM_GCC_Support/ewl/lib/armv6-m\libc.a(__filll_mem.o)
 .debug_aranges
                0x00000738       0x20 C:/Freescale/CW MCU v10.6/MCU/ARM_GCC_Support/ewl/lib/armv6-m\libc.a(memchr.o)
 .debug_aranges
                0x00000758       0x20 C:/Freescale/CW MCU v10.6/MCU/ARM_GCC_Support/ewl/lib/armv6-m\libc.a(memcpy.o)
 .debug_aranges
                0x00000778       0x20 C:/Freescale/CW MCU v10.6/MCU/ARM_GCC_Support/ewl/lib/armv6-m\libc.a(strchr.o)
 .debug_aranges
                0x00000798       0x20 C:/Freescale/CW MCU v10.6/MCU/ARM_GCC_Support/ewl/lib/armv6-m\libc.a(strlen.o)
 .debug_aranges
                0x000007b8       0x28 C:/Freescale/CW MCU v10.6/MCU/ARM_GCC_Support/ewl/lib/armv6-m\librt.a(gcc_ctor_dtor.o)
 .debug_aranges
                0x000007e0       0x30 C:/Freescale/CW MCU v10.6/MCU/ARM_GCC_Support/ewl/lib/armv6-m\librt.a(ROMCopy.o)
 .debug_aranges
                0x00000810       0x58 C:/Freescale/CW MCU v10.6/MCU/ARM_GCC_Support/ewl/lib/armv6-m\librt.a(__arm_eabi_init.o)

.debug_macinfo  0x00000000   0x3ef7d4
 .debug_macinfo
                0x00000000    0x32d57 ./Generated_Code/Vectors.o
 .debug_macinfo
                0x00032d57    0x32d7e ./Generated_Code/Tacometer_Capture.o
 .debug_macinfo
                0x00065ad5    0x3085c ./Generated_Code/TU2.o
 .debug_macinfo
                0x00096331    0x30042 ./Generated_Code/TU1.o
 .debug_macinfo
                0x000c6373    0x32d7e ./Generated_Code/Speed_Capture.o
 .debug_macinfo
                0x000f90f1    0x2de4e ./Generated_Code/RxBuf.o
 .debug_macinfo
                0x00126f3f    0x30156 ./Generated_Code/PwmLdd2.o
 .debug_macinfo
                0x00157095    0x30156 ./Generated_Code/PwmLdd1.o
 .debug_macinfo
                0x001871eb    0x32cef ./Generated_Code/PE_LDD.o
 .debug_macinfo
                0x001b9eda    0x32d7e ./Generated_Code/Direction_Capture.o
 .debug_macinfo
                0x001ecc58    0x32d57 ./Generated_Code/Cpu.o
 .debug_macinfo
                0x0021f9af    0x3a0f9 ./Generated_Code/CheckPoint.o
 .debug_macinfo
                0x00259aa8    0x2edd0 ./Generated_Code/BitIoLdd3.o
 .debug_macinfo
                0x00288878    0x2edd6 ./Generated_Code/BitIoLdd2.o
 .debug_macinfo
                0x002b764e    0x2edd6 ./Generated_Code/BitIoLdd1.o
 .debug_macinfo
                0x002e6424    0x36618 ./Generated_Code/AS1.o
 .debug_macinfo
                0x0031ca3c     0x3e6d ./Project_Settings/Startup_Code/__arm_start.o
 .debug_macinfo
                0x003208a9     0x3456 ./Project_Settings/Startup_Code/__arm_end.o
 .debug_macinfo
                0x00323cff    0x32f06 ./Sources/main.o
 .debug_macinfo
                0x00356c05    0x32ed0 ./Sources/Events.o
 .debug_macinfo
                0x00389ad5    0x32e5e ./Sources/DebugSerial.o
 .debug_macinfo
                0x003bc933    0x32ea1 ./Sources/Application.o

.debug_line     0x00000000     0x68ae
 .debug_line    0x00000000      0x59c ./Generated_Code/Vectors.o
 .debug_line    0x0000059c      0x4fa ./Generated_Code/Tacometer_Capture.o
 .debug_line    0x00000a96      0x394 ./Generated_Code/TU2.o
 .debug_line    0x00000e2a      0x31b ./Generated_Code/TU1.o
 .debug_line    0x00001145      0x4f2 ./Generated_Code/Speed_Capture.o
 .debug_line    0x00001637      0x283 ./Generated_Code/RxBuf.o
 .debug_line    0x000018ba      0x2ee ./Generated_Code/PwmLdd2.o
 .debug_line    0x00001ba8      0x2ee ./Generated_Code/PwmLdd1.o
 .debug_line    0x00001e96      0x3df ./Generated_Code/PE_LDD.o
 .debug_line    0x00002275      0x4fa ./Generated_Code/Direction_Capture.o
 .debug_line    0x0000276f      0x60b ./Generated_Code/Cpu.o
 .debug_line    0x00002d7a      0x5b6 ./Generated_Code/CheckPoint.o
 .debug_line    0x00003330      0x2d0 ./Generated_Code/BitIoLdd3.o
 .debug_line    0x00003600      0x2d0 ./Generated_Code/BitIoLdd2.o
 .debug_line    0x000038d0      0x2d0 ./Generated_Code/BitIoLdd1.o
 .debug_line    0x00003ba0      0x5ae ./Generated_Code/AS1.o
 .debug_line    0x0000414e      0x2b4 ./Project_Settings/Startup_Code/__arm_start.o
 .debug_line    0x00004402      0x266 ./Project_Settings/Startup_Code/__arm_end.o
 .debug_line    0x00004668      0x468 ./Sources/main.o
 .debug_line    0x00004ad0      0x4ae ./Sources/Events.o
 .debug_line    0x00004f7e      0x5d5 ./Sources/DebugSerial.o
 .debug_line    0x00005553      0x47f ./Sources/Application.o
 .debug_line    0x000059d2       0x8d C:/Freescale/CW MCU v10.6/MCU/ARM_GCC_Support/ewl/lib/armv6-m\libc.a(exit.o)
 .debug_line    0x00005a5f       0x90 C:/Freescale/CW MCU v10.6/MCU/ARM_GCC_Support/ewl/lib/armv6-m\libc.a(memset.o)
 .debug_line    0x00005aef      0x2c3 C:/Freescale/CW MCU v10.6/MCU/ARM_GCC_Support/ewl/lib/armv6-m\libc.a(printformat_.o)
 .debug_line    0x00005db2      0x2be C:/Freescale/CW MCU v10.6/MCU/ARM_GCC_Support/ewl/lib/armv6-m\libc.a(scanformat_.o)
 .debug_line    0x00006070      0x1be C:/Freescale/CW MCU v10.6/MCU/ARM_GCC_Support/ewl/lib/armv6-m\libc.a(ctype_aeabi.o)
 .debug_line    0x0000622e      0x11e C:/Freescale/CW MCU v10.6/MCU/ARM_GCC_Support/ewl/lib/armv6-m\libc.a(__strtoul.o)
 .debug_line    0x0000634c       0xf6 C:/Freescale/CW MCU v10.6/MCU/ARM_GCC_Support/ewl/lib/armv6-m\libc.a(__filll_mem.o)
 .debug_line    0x00006442       0x9f C:/Freescale/CW MCU v10.6/MCU/ARM_GCC_Support/ewl/lib/armv6-m\libc.a(memchr.o)
 .debug_line    0x000064e1       0x8b C:/Freescale/CW MCU v10.6/MCU/ARM_GCC_Support/ewl/lib/armv6-m\libc.a(memcpy.o)
 .debug_line    0x0000656c       0x7d C:/Freescale/CW MCU v10.6/MCU/ARM_GCC_Support/ewl/lib/armv6-m\libc.a(strchr.o)
 .debug_line    0x000065e9       0x85 C:/Freescale/CW MCU v10.6/MCU/ARM_GCC_Support/ewl/lib/armv6-m\libc.a(strlen.o)
 .debug_line    0x0000666e       0x6c C:/Freescale/CW MCU v10.6/MCU/ARM_GCC_Support/ewl/lib/armv6-m\librt.a(gcc_ctor_dtor.o)
 .debug_line    0x000066da       0xbd C:/Freescale/CW MCU v10.6/MCU/ARM_GCC_Support/ewl/lib/armv6-m\librt.a(ROMCopy.o)
 .debug_line    0x00006797      0x117 C:/Freescale/CW MCU v10.6/MCU/ARM_GCC_Support/ewl/lib/armv6-m\librt.a(__arm_eabi_init.o)

.debug_str      0x00000000     0x2074
 .debug_str     0x00000000      0x153 ./Generated_Code/Vectors.o
                                0x185 (size before relaxing)
 .debug_str     0x00000153      0x228 ./Generated_Code/Tacometer_Capture.o
                                0x371 (size before relaxing)
 .debug_str     0x0000037b      0x2a7 ./Generated_Code/TU2.o
                                0x4e0 (size before relaxing)
 .debug_str     0x00000622      0x127 ./Generated_Code/TU1.o
                                0x46a (size before relaxing)
 .debug_str     0x00000749       0xf4 ./Generated_Code/Speed_Capture.o
                                0x34d (size before relaxing)
 .debug_str     0x0000083d       0xa4 ./Generated_Code/RxBuf.o
                                0x1ef (size before relaxing)
 .debug_str     0x000008e1       0xb4 ./Generated_Code/PwmLdd2.o
                                0x29c (size before relaxing)
 .debug_str     0x00000995       0x74 ./Generated_Code/PwmLdd1.o
                                0x29c (size before relaxing)
 .debug_str     0x00000a09      0x172 ./Generated_Code/PE_LDD.o
                                0x2e8 (size before relaxing)
 .debug_str     0x00000b7b      0x118 ./Generated_Code/Direction_Capture.o
                                0x371 (size before relaxing)
 .debug_str     0x00000c93      0x17d ./Generated_Code/Cpu.o
                                0x45a (size before relaxing)
 .debug_str     0x00000e10      0x1d3 ./Generated_Code/CheckPoint.o
                                0x509 (size before relaxing)
 .debug_str     0x00000fe3       0xe4 ./Generated_Code/BitIoLdd3.o
                                0x2f1 (size before relaxing)
 .debug_str     0x000010c7       0xa0 ./Generated_Code/BitIoLdd2.o
                                0x2f1 (size before relaxing)
 .debug_str     0x00001167       0xa0 ./Generated_Code/BitIoLdd1.o
                                0x2f1 (size before relaxing)
 .debug_str     0x00001207       0xfc ./Generated_Code/AS1.o
                                0x4be (size before relaxing)
 .debug_str     0x00001303       0x85 ./Project_Settings/Startup_Code/__arm_start.o
                                0x1b3 (size before relaxing)
 .debug_str     0x00001388       0x41 ./Project_Settings/Startup_Code/__arm_end.o
                                 0xea (size before relaxing)
 .debug_str     0x000013c9      0x103 ./Sources/main.o
                                0x2a0 (size before relaxing)
 .debug_str     0x000014cc       0xe8 ./Sources/Events.o
                                0x2d9 (size before relaxing)
 .debug_str     0x000015b4      0x197 ./Sources/DebugSerial.o
                                0x33f (size before relaxing)
 .debug_str     0x0000174b       0xb0 ./Sources/Application.o
                                0x27d (size before relaxing)
 .debug_str     0x000017fb       0x54 C:/Freescale/CW MCU v10.6/MCU/ARM_GCC_Support/ewl/lib/armv6-m\libc.a(exit.o)
                                0x157 (size before relaxing)
 .debug_str     0x0000184f       0x23 C:/Freescale/CW MCU v10.6/MCU/ARM_GCC_Support/ewl/lib/armv6-m\libc.a(memset.o)
                                0x140 (size before relaxing)
 .debug_str     0x00001872      0x23b C:/Freescale/CW MCU v10.6/MCU/ARM_GCC_Support/ewl/lib/armv6-m\libc.a(printformat_.o)
                                0x3b3 (size before relaxing)
 .debug_str     0x00001aad      0x184 C:/Freescale/CW MCU v10.6/MCU/ARM_GCC_Support/ewl/lib/armv6-m\libc.a(scanformat_.o)
                                0x3f9 (size before relaxing)
 .debug_str     0x00001c31       0x9d C:/Freescale/CW MCU v10.6/MCU/ARM_GCC_Support/ewl/lib/armv6-m\libc.a(ctype_aeabi.o)
                                0x1bc (size before relaxing)
 .debug_str     0x00001cce       0x61 C:/Freescale/CW MCU v10.6/MCU/ARM_GCC_Support/ewl/lib/armv6-m\libc.a(__strtoul.o)
                                0x1fb (size before relaxing)
 .debug_str     0x00001d2f       0x25 C:/Freescale/CW MCU v10.6/MCU/ARM_GCC_Support/ewl/lib/armv6-m\libc.a(__filll_mem.o)
                                0x152 (size before relaxing)
 .debug_str     0x00001d54       0x1c C:/Freescale/CW MCU v10.6/MCU/ARM_GCC_Support/ewl/lib/armv6-m\libc.a(memchr.o)
                                0x148 (size before relaxing)
 .debug_str     0x00001d70       0x1c C:/Freescale/CW MCU v10.6/MCU/ARM_GCC_Support/ewl/lib/armv6-m\libc.a(memcpy.o)
                                0x138 (size before relaxing)
 .debug_str     0x00001d8c       0x1c C:/Freescale/CW MCU v10.6/MCU/ARM_GCC_Support/ewl/lib/armv6-m\libc.a(strchr.o)
                                0x137 (size before relaxing)
 .debug_str     0x00001da8       0x1c C:/Freescale/CW MCU v10.6/MCU/ARM_GCC_Support/ewl/lib/armv6-m\libc.a(strlen.o)
                                0x140 (size before relaxing)
 .debug_str     0x00001dc4      0x126 C:/Freescale/CW MCU v10.6/MCU/ARM_GCC_Support/ewl/lib/armv6-m\librt.a(gcc_ctor_dtor.o)
                                0x181 (size before relaxing)
 .debug_str     0x00001eea       0x9c C:/Freescale/CW MCU v10.6/MCU/ARM_GCC_Support/ewl/lib/armv6-m\librt.a(ROMCopy.o)
                                0x13c (size before relaxing)
 .debug_str     0x00001f86       0xee C:/Freescale/CW MCU v10.6/MCU/ARM_GCC_Support/ewl/lib/armv6-m\librt.a(__arm_eabi_init.o)
                                0x1b5 (size before relaxing)

.comment        0x00000000       0x79
 .comment       0x00000000       0x79 ./Generated_Code/Vectors.o
                                 0x7a (size before relaxing)
 .comment       0x00000000       0x7a ./Generated_Code/Tacometer_Capture.o
 .comment       0x00000000       0x7a ./Generated_Code/TU2.o
 .comment       0x00000000       0x7a ./Generated_Code/TU1.o
 .comment       0x00000000       0x7a ./Generated_Code/Speed_Capture.o
 .comment       0x00000000       0x7a ./Generated_Code/RxBuf.o
 .comment       0x00000000       0x7a ./Generated_Code/PwmLdd2.o
 .comment       0x00000000       0x7a ./Generated_Code/PwmLdd1.o
 .comment       0x00000000       0x7a ./Generated_Code/PE_LDD.o
 .comment       0x00000000       0x7a ./Generated_Code/Direction_Capture.o
 .comment       0x00000000       0x7a ./Generated_Code/Cpu.o
 .comment       0x00000000       0x7a ./Generated_Code/CheckPoint.o
 .comment       0x00000000       0x7a ./Generated_Code/BitIoLdd3.o
 .comment       0x00000000       0x7a ./Generated_Code/BitIoLdd2.o
 .comment       0x00000000       0x7a ./Generated_Code/BitIoLdd1.o
 .comment       0x00000000       0x7a ./Generated_Code/AS1.o
 .comment       0x00000000       0x7a ./Project_Settings/Startup_Code/__arm_start.o
 .comment       0x00000000       0x7a ./Project_Settings/Startup_Code/__arm_end.o
 .comment       0x00000000       0x7a ./Sources/main.o
 .comment       0x00000000       0x7a ./Sources/Events.o
 .comment       0x00000000       0x7a ./Sources/DebugSerial.o
 .comment       0x00000000       0x7a ./Sources/Application.o
 .comment       0x00000000       0x7a C:/Freescale/CW MCU v10.6/MCU/ARM_GCC_Support/ewl/lib/armv6-m\libc.a(exit.o)
 .comment       0x00000000       0x7a C:/Freescale/CW MCU v10.6/MCU/ARM_GCC_Support/ewl/lib/armv6-m\libc.a(memset.o)
 .comment       0x00000000       0x7a C:/Freescale/CW MCU v10.6/MCU/ARM_GCC_Support/ewl/lib/armv6-m\libc.a(printformat_.o)
 .comment       0x00000000       0x7a C:/Freescale/CW MCU v10.6/MCU/ARM_GCC_Support/ewl/lib/armv6-m\libc.a(scanformat_.o)
 .comment       0x00000000       0x7a C:/Freescale/CW MCU v10.6/MCU/ARM_GCC_Support/ewl/lib/armv6-m\libc.a(ctype_aeabi.o)
 .comment       0x00000000       0x7a C:/Freescale/CW MCU v10.6/MCU/ARM_GCC_Support/ewl/lib/armv6-m\libc.a(__strtoul.o)
 .comment       0x00000000       0x7a C:/Freescale/CW MCU v10.6/MCU/ARM_GCC_Support/ewl/lib/armv6-m\libc.a(__filll_mem.o)
 .comment       0x00000000       0x7a C:/Freescale/CW MCU v10.6/MCU/ARM_GCC_Support/ewl/lib/armv6-m\libc.a(memchr.o)
 .comment       0x00000000       0x7a C:/Freescale/CW MCU v10.6/MCU/ARM_GCC_Support/ewl/lib/armv6-m\libc.a(memcpy.o)
 .comment       0x00000000       0x7a C:/Freescale/CW MCU v10.6/MCU/ARM_GCC_Support/ewl/lib/armv6-m\libc.a(strchr.o)
 .comment       0x00000000       0x7a C:/Freescale/CW MCU v10.6/MCU/ARM_GCC_Support/ewl/lib/armv6-m\libc.a(strlen.o)
 .comment       0x00000000       0x7a C:/Freescale/CW MCU v10.6/MCU/ARM_GCC_Support/ewl/lib/armv6-m\librt.a(gcc_ctor_dtor.o)
 .comment       0x00000000       0x7a C:/Freescale/CW MCU v10.6/MCU/ARM_GCC_Support/ewl/lib/armv6-m\librt.a(ROMCopy.o)
 .comment       0x00000000       0x7a C:/Freescale/CW MCU v10.6/MCU/ARM_GCC_Support/ewl/lib/armv6-m\librt.a(__arm_eabi_init.o)

.debug_loc      0x00000000     0x40c7
 .debug_loc     0x00000000      0x188 ./Generated_Code/Tacometer_Capture.o
 .debug_loc     0x00000188      0x188 ./Generated_Code/TU2.o
 .debug_loc     0x00000310      0x150 ./Generated_Code/TU1.o
 .debug_loc     0x00000460      0x188 ./Generated_Code/Speed_Capture.o
 .debug_loc     0x000005e8       0xf4 ./Generated_Code/RxBuf.o
 .debug_loc     0x000006dc      0x118 ./Generated_Code/PwmLdd2.o
 .debug_loc     0x000007f4      0x118 ./Generated_Code/PwmLdd1.o
 .debug_loc     0x0000090c       0x9c ./Generated_Code/PE_LDD.o
 .debug_loc     0x000009a8      0x188 ./Generated_Code/Direction_Capture.o
 .debug_loc     0x00000b30       0xb0 ./Generated_Code/Cpu.o
 .debug_loc     0x00000be0      0x230 ./Generated_Code/CheckPoint.o
 .debug_loc     0x00000e10      0x118 ./Generated_Code/BitIoLdd3.o
 .debug_loc     0x00000f28      0x118 ./Generated_Code/BitIoLdd2.o
 .debug_loc     0x00001040      0x118 ./Generated_Code/BitIoLdd1.o
 .debug_loc     0x00001158      0x230 ./Generated_Code/AS1.o
 .debug_loc     0x00001388       0x2c ./Project_Settings/Startup_Code/__arm_start.o
 .debug_loc     0x000013b4       0x38 ./Project_Settings/Startup_Code/__arm_end.o
 .debug_loc     0x000013ec       0x38 ./Sources/main.o
 .debug_loc     0x00001424      0x1b4 ./Sources/Events.o
 .debug_loc     0x000015d8      0x394 ./Sources/DebugSerial.o
 .debug_loc     0x0000196c       0x70 ./Sources/Application.o
 .debug_loc     0x000019dc       0x3e C:/Freescale/CW MCU v10.6/MCU/ARM_GCC_Support/ewl/lib/armv6-m\libc.a(exit.o)
 .debug_loc     0x00001a1a       0x6f C:/Freescale/CW MCU v10.6/MCU/ARM_GCC_Support/ewl/lib/armv6-m\libc.a(memset.o)
 .debug_loc     0x00001a89     0x104b C:/Freescale/CW MCU v10.6/MCU/ARM_GCC_Support/ewl/lib/armv6-m\libc.a(printformat_.o)
 .debug_loc     0x00002ad4      0x9d8 C:/Freescale/CW MCU v10.6/MCU/ARM_GCC_Support/ewl/lib/armv6-m\libc.a(scanformat_.o)
 .debug_loc     0x000034ac      0x30d C:/Freescale/CW MCU v10.6/MCU/ARM_GCC_Support/ewl/lib/armv6-m\libc.a(ctype_aeabi.o)
 .debug_loc     0x000037b9      0x305 C:/Freescale/CW MCU v10.6/MCU/ARM_GCC_Support/ewl/lib/armv6-m\libc.a(__strtoul.o)
 .debug_loc     0x00003abe      0x14a C:/Freescale/CW MCU v10.6/MCU/ARM_GCC_Support/ewl/lib/armv6-m\libc.a(__filll_mem.o)
 .debug_loc     0x00003c08       0x77 C:/Freescale/CW MCU v10.6/MCU/ARM_GCC_Support/ewl/lib/armv6-m\libc.a(memchr.o)
 .debug_loc     0x00003c7f       0x59 C:/Freescale/CW MCU v10.6/MCU/ARM_GCC_Support/ewl/lib/armv6-m\libc.a(memcpy.o)
 .debug_loc     0x00003cd8       0xaf C:/Freescale/CW MCU v10.6/MCU/ARM_GCC_Support/ewl/lib/armv6-m\libc.a(strchr.o)
 .debug_loc     0x00003d87       0x33 C:/Freescale/CW MCU v10.6/MCU/ARM_GCC_Support/ewl/lib/armv6-m\libc.a(strlen.o)
 .debug_loc     0x00003dba       0x9d C:/Freescale/CW MCU v10.6/MCU/ARM_GCC_Support/ewl/lib/armv6-m\librt.a(gcc_ctor_dtor.o)
 .debug_loc     0x00003e57       0xd9 C:/Freescale/CW MCU v10.6/MCU/ARM_GCC_Support/ewl/lib/armv6-m\librt.a(ROMCopy.o)
 .debug_loc     0x00003f30      0x197 C:/Freescale/CW MCU v10.6/MCU/ARM_GCC_Support/ewl/lib/armv6-m\librt.a(__arm_eabi_init.o)

.debug_frame    0x00000000     0x182c
 .debug_frame   0x00000000       0xf0 ./Generated_Code/Tacometer_Capture.o
 .debug_frame   0x000000f0       0xf0 ./Generated_Code/TU2.o
 .debug_frame   0x000001e0       0xd0 ./Generated_Code/TU1.o
 .debug_frame   0x000002b0       0xf0 ./Generated_Code/Speed_Capture.o
 .debug_frame   0x000003a0       0xa4 ./Generated_Code/RxBuf.o
 .debug_frame   0x00000444       0xb0 ./Generated_Code/PwmLdd2.o
 .debug_frame   0x000004f4       0xb0 ./Generated_Code/PwmLdd1.o
 .debug_frame   0x000005a4       0x6c ./Generated_Code/PE_LDD.o
 .debug_frame   0x00000610       0xf0 ./Generated_Code/Direction_Capture.o
 .debug_frame   0x00000700       0x80 ./Generated_Code/Cpu.o
 .debug_frame   0x00000780      0x150 ./Generated_Code/CheckPoint.o
 .debug_frame   0x000008d0       0xb0 ./Generated_Code/BitIoLdd3.o
 .debug_frame   0x00000980       0xb0 ./Generated_Code/BitIoLdd2.o
 .debug_frame   0x00000a30       0xb0 ./Generated_Code/BitIoLdd1.o
 .debug_frame   0x00000ae0      0x150 ./Generated_Code/AS1.o
 .debug_frame   0x00000c30       0x4c ./Project_Settings/Startup_Code/__arm_start.o
 .debug_frame   0x00000c7c       0x30 ./Project_Settings/Startup_Code/__arm_end.o
 .debug_frame   0x00000cac       0x30 ./Sources/main.o
 .debug_frame   0x00000cdc      0x10c ./Sources/Events.o
 .debug_frame   0x00000de8      0x224 ./Sources/DebugSerial.o
 .debug_frame   0x0000100c       0x50 ./Sources/Application.o
 .debug_frame   0x0000105c       0x2c C:/Freescale/CW MCU v10.6/MCU/ARM_GCC_Support/ewl/lib/armv6-m\libc.a(exit.o)
 .debug_frame   0x00001088       0x28 C:/Freescale/CW MCU v10.6/MCU/ARM_GCC_Support/ewl/lib/armv6-m\libc.a(memset.o)
 .debug_frame   0x000010b0       0x54 C:/Freescale/CW MCU v10.6/MCU/ARM_GCC_Support/ewl/lib/armv6-m\libc.a(printformat_.o)
 .debug_frame   0x00001104       0x34 C:/Freescale/CW MCU v10.6/MCU/ARM_GCC_Support/ewl/lib/armv6-m\libc.a(scanformat_.o)
 .debug_frame   0x00001138      0x158 C:/Freescale/CW MCU v10.6/MCU/ARM_GCC_Support/ewl/lib/armv6-m\libc.a(ctype_aeabi.o)
 .debug_frame   0x00001290       0x30 C:/Freescale/CW MCU v10.6/MCU/ARM_GCC_Support/ewl/lib/armv6-m\libc.a(__strtoul.o)
 .debug_frame   0x000012c0       0x2c C:/Freescale/CW MCU v10.6/MCU/ARM_GCC_Support/ewl/lib/armv6-m\libc.a(__filll_mem.o)
 .debug_frame   0x000012ec       0x28 C:/Freescale/CW MCU v10.6/MCU/ARM_GCC_Support/ewl/lib/armv6-m\libc.a(memchr.o)
 .debug_frame   0x00001314       0x28 C:/Freescale/CW MCU v10.6/MCU/ARM_GCC_Support/ewl/lib/armv6-m\libc.a(memcpy.o)
 .debug_frame   0x0000133c       0x28 C:/Freescale/CW MCU v10.6/MCU/ARM_GCC_Support/ewl/lib/armv6-m\libc.a(strchr.o)
 .debug_frame   0x00001364       0x28 C:/Freescale/CW MCU v10.6/MCU/ARM_GCC_Support/ewl/lib/armv6-m\libc.a(strlen.o)
 .debug_frame   0x0000138c       0x20 c:/freescale/cw mcu v10.6/cross_tools/arm-none-eabi-gcc-4_7_3/bin/../lib/gcc/arm-none-eabi/4.7.3/armv6-m\libgcc.a(_udivsi3.o)
 .debug_frame   0x000013ac       0x20 c:/freescale/cw mcu v10.6/cross_tools/arm-none-eabi-gcc-4_7_3/bin/../lib/gcc/arm-none-eabi/4.7.3/armv6-m\libgcc.a(_divsi3.o)
 .debug_frame   0x000013cc       0x28 c:/freescale/cw mcu v10.6/cross_tools/arm-none-eabi-gcc-4_7_3/bin/../lib/gcc/arm-none-eabi/4.7.3/armv6-m\libgcc.a(_fixunssfsi.o)
 .debug_frame   0x000013f4       0x2c c:/freescale/cw mcu v10.6/cross_tools/arm-none-eabi-gcc-4_7_3/bin/../lib/gcc/arm-none-eabi/4.7.3/armv6-m\libgcc.a(_fixunsdfsi.o)
 .debug_frame   0x00001420       0x2c c:/freescale/cw mcu v10.6/cross_tools/arm-none-eabi-gcc-4_7_3/bin/../lib/gcc/arm-none-eabi/4.7.3/armv6-m\libgcc.a(eqsf2.o)
 .debug_frame   0x0000144c       0x30 c:/freescale/cw mcu v10.6/cross_tools/arm-none-eabi-gcc-4_7_3/bin/../lib/gcc/arm-none-eabi/4.7.3/armv6-m\libgcc.a(gesf2.o)
 .debug_frame   0x0000147c       0x30 c:/freescale/cw mcu v10.6/cross_tools/arm-none-eabi-gcc-4_7_3/bin/../lib/gcc/arm-none-eabi/4.7.3/armv6-m\libgcc.a(lesf2.o)
 .debug_frame   0x000014ac       0x3c c:/freescale/cw mcu v10.6/cross_tools/arm-none-eabi-gcc-4_7_3/bin/../lib/gcc/arm-none-eabi/4.7.3/armv6-m\libgcc.a(mulsf3.o)
 .debug_frame   0x000014e8       0x30 c:/freescale/cw mcu v10.6/cross_tools/arm-none-eabi-gcc-4_7_3/bin/../lib/gcc/arm-none-eabi/4.7.3/armv6-m\libgcc.a(subsf3.o)
 .debug_frame   0x00001518       0x28 c:/freescale/cw mcu v10.6/cross_tools/arm-none-eabi-gcc-4_7_3/bin/../lib/gcc/arm-none-eabi/4.7.3/armv6-m\libgcc.a(fixsfsi.o)
 .debug_frame   0x00001540       0x2c c:/freescale/cw mcu v10.6/cross_tools/arm-none-eabi-gcc-4_7_3/bin/../lib/gcc/arm-none-eabi/4.7.3/armv6-m\libgcc.a(floatsisf.o)
 .debug_frame   0x0000156c       0x3c c:/freescale/cw mcu v10.6/cross_tools/arm-none-eabi-gcc-4_7_3/bin/../lib/gcc/arm-none-eabi/4.7.3/armv6-m\libgcc.a(muldf3.o)
 .debug_frame   0x000015a8       0x38 c:/freescale/cw mcu v10.6/cross_tools/arm-none-eabi-gcc-4_7_3/bin/../lib/gcc/arm-none-eabi/4.7.3/armv6-m\libgcc.a(subdf3.o)
 .debug_frame   0x000015e0       0x2c c:/freescale/cw mcu v10.6/cross_tools/arm-none-eabi-gcc-4_7_3/bin/../lib/gcc/arm-none-eabi/4.7.3/armv6-m\libgcc.a(fixdfsi.o)
 .debug_frame   0x0000160c       0x2c c:/freescale/cw mcu v10.6/cross_tools/arm-none-eabi-gcc-4_7_3/bin/../lib/gcc/arm-none-eabi/4.7.3/armv6-m\libgcc.a(floatunsidf.o)
 .debug_frame   0x00001638       0x34 c:/freescale/cw mcu v10.6/cross_tools/arm-none-eabi-gcc-4_7_3/bin/../lib/gcc/arm-none-eabi/4.7.3/armv6-m\libgcc.a(eqdf2.o)
 .debug_frame   0x0000166c       0x38 c:/freescale/cw mcu v10.6/cross_tools/arm-none-eabi-gcc-4_7_3/bin/../lib/gcc/arm-none-eabi/4.7.3/armv6-m\libgcc.a(gedf2.o)
 .debug_frame   0x000016a4       0x38 c:/freescale/cw mcu v10.6/cross_tools/arm-none-eabi-gcc-4_7_3/bin/../lib/gcc/arm-none-eabi/4.7.3/armv6-m\libgcc.a(ledf2.o)
 .debug_frame   0x000016dc       0x40 C:/Freescale/CW MCU v10.6/MCU/ARM_GCC_Support/ewl/lib/armv6-m\librt.a(gcc_ctor_dtor.o)
 .debug_frame   0x0000171c       0x54 C:/Freescale/CW MCU v10.6/MCU/ARM_GCC_Support/ewl/lib/armv6-m\librt.a(ROMCopy.o)
 .debug_frame   0x00001770       0xbc C:/Freescale/CW MCU v10.6/MCU/ARM_GCC_Support/ewl/lib/armv6-m\librt.a(__arm_eabi_init.o)
